
Memory Configuration

Name             Origin             Length             Attributes
Mem              0x00000000         0x04000000         xrw
*default*        0x00000000         0xffffffff

Linker script and memory map

                0x00010000                . = 0x10000

.startup        0x00010000       0x10
 startup.o(.text)
 .text          0x00010000       0x10 startup.o
                0x00010000                reset

.text           0x00010010       0x78
 *(.text)
 .text          0x00010010       0x24 app.o
                0x00010010                main
 .text          0x00010034       0x54 uart.o
                0x00010034                Uart_Send_string
 *(.rodata)

.glue_7         0x00010088        0x0
 .glue_7        0x00010088        0x0 linker stubs

.glue_7t        0x00010088        0x0
 .glue_7t       0x00010088        0x0 linker stubs

.vfp11_veneer   0x00010088        0x0
 .vfp11_veneer  0x00010088        0x0 linker stubs

.v4_bx          0x00010088        0x0
 .v4_bx         0x00010088        0x0 linker stubs

.iplt           0x00010088        0x0
 .iplt          0x00010088        0x0 startup.o

.rel.dyn        0x00010088        0x0
 .rel.iplt      0x00010088        0x0 startup.o

.data           0x00010088       0x64
 *(.data)
 .data          0x00010088        0x0 startup.o
 .data          0x00010088       0x64 app.o
                0x00010088                string_buffer
 .data          0x000100ec        0x0 uart.o

.igot.plt       0x000100ec        0x0
 .igot.plt      0x000100ec        0x0 startup.o

.bss            0x000100ec        0x0
 *(.bass)
 *(COMMON)
 .bss           0x000100ec        0x0 startup.o
 .bss           0x000100ec        0x0 app.o
 .bss           0x000100ec        0x0 uart.o
                0x000110ec                . = (. + 0x1000)
                0x000110ec                stack_top = .
LOAD startup.o
LOAD app.o
LOAD uart.o
OUTPUT(learn-in-depth.elf elf32-littlearm)

.ARM.attributes
                0x00000000       0x2c
 .ARM.attributes
                0x00000000       0x12 startup.o
 .ARM.attributes
                0x00000012       0x30 app.o
 .ARM.attributes
                0x00000042       0x30 uart.o

.comment        0x00000000       0x7e
 .comment       0x00000000       0x7e app.o
                                 0x7f (size before relaxing)
 .comment       0x0000007e       0x7f uart.o

.debug_line     0x00000000       0xac
 .debug_line    0x00000000       0x3a startup.o
 .debug_line    0x0000003a       0x37 app.o
 .debug_line    0x00000071       0x3b uart.o

.debug_info     0x00000000       0xe3
 .debug_info    0x00000000       0x26 startup.o
 .debug_info    0x00000026       0x66 app.o
 .debug_info    0x0000008c       0x57 uart.o

.debug_abbrev   0x00000000       0xbd
 .debug_abbrev  0x00000000       0x14 startup.o
 .debug_abbrev  0x00000014       0x58 app.o
 .debug_abbrev  0x0000006c       0x51 uart.o

.debug_aranges  0x00000000       0x60
 .debug_aranges
                0x00000000       0x20 startup.o
 .debug_aranges
                0x00000020       0x20 app.o
 .debug_aranges
                0x00000040       0x20 uart.o

.debug_str      0x00000000       0xe5
 .debug_str     0x00000000       0x41 startup.o
 .debug_str     0x00000041       0x80 app.o
                                 0xa8 (size before relaxing)
 .debug_str     0x000000c1       0x24 uart.o
                                 0xa6 (size before relaxing)

.debug_frame    0x00000000       0x64
 .debug_frame   0x00000000       0x34 app.o
 .debug_frame   0x00000034       0x30 uart.o
