STM32F103x8_EXTI_driver.c:44:13:IQR_Enable	16	static
STM32F103x8_EXTI_driver.c:90:13:IQR_Disable	16	static
STM32F103x8_EXTI_driver.c:140:6:Local_EXTI_Update	24	static
STM32F103x8_EXTI_driver.c:223:6:MCAL_EXTI_GPIO_Init	16	static
STM32F103x8_EXTI_driver.c:237:6:MCAL_EXTI_GPIO_Denit	4	static
STM32F103x8_EXTI_driver.c:265:6:MCAL_EXTI_GPIO_Update	16	static
STM32F103x8_EXTI_driver.c:281:6:EXTI0_IRQHandler	8	static
STM32F103x8_EXTI_driver.c:287:6:EXTI1_IRQHandler	8	static
STM32F103x8_EXTI_driver.c:295:6:EXTI2_IRQHandler	8	static
STM32F103x8_EXTI_driver.c:301:6:EXTI3_IRQHandler	8	static
STM32F103x8_EXTI_driver.c:307:6:EXTI4_IRQHandler	8	static
STM32F103x8_EXTI_driver.c:314:6:EXTI9_5_IRQHandler	8	static
STM32F103x8_EXTI_driver.c:323:6:EXTI15_10_IRQHandler	8	static
