STM32F103x8_USART_driver.c:39:6:MCAL_UART_Init	24	static
STM32F103x8_USART_driver.c:122:6:MCAL_UART_DeInit	16	static
STM32F103x8_USART_driver.c:150:6:MCAL_UART_GPIO_Set_Pins	24	static
STM32F103x8_USART_driver.c:281:6:MCAL_UART_SendData	24	static
STM32F103x8_USART_driver.c:347:6:MCAL_UART_WAIT_TC	16	static
STM32F103x8_USART_driver.c:365:6:MCAL_UART_ReceiveData	24	static
STM32F103x8_USART_driver.c:473:6:USART1_IRQHandler	8	static
STM32F103x8_USART_driver.c:478:6:USART2_IRQHandler	8	static
STM32F103x8_USART_driver.c:483:6:USART3_IRQHandler	8	static
