Archive member included to satisfy reference by file (symbol)

e:/insted of c/stm32cubeide_1.6.1/stm32cubeide/plugins/com.st.stm32cube.ide.mcu.externaltools.gnu-tools-for-stm32.9-2020-q2-update.win32_1.5.0.202011040924/tools/bin/../lib/gcc/arm-none-eabi/9.3.1/../../../../arm-none-eabi/lib/thumb/v7-m/nofp\libc_nano.a(lib_a-errno.o)
                              Src/syscalls.o (__errno)
e:/insted of c/stm32cubeide_1.6.1/stm32cubeide/plugins/com.st.stm32cube.ide.mcu.externaltools.gnu-tools-for-stm32.9-2020-q2-update.win32_1.5.0.202011040924/tools/bin/../lib/gcc/arm-none-eabi/9.3.1/../../../../arm-none-eabi/lib/thumb/v7-m/nofp\libc_nano.a(lib_a-exit.o)
                              e:/insted of c/stm32cubeide_1.6.1/stm32cubeide/plugins/com.st.stm32cube.ide.mcu.externaltools.gnu-tools-for-stm32.9-2020-q2-update.win32_1.5.0.202011040924/tools/bin/../lib/gcc/arm-none-eabi/9.3.1/../../../../arm-none-eabi/lib/thumb/v7-m/nofp/crt0.o (exit)
e:/insted of c/stm32cubeide_1.6.1/stm32cubeide/plugins/com.st.stm32cube.ide.mcu.externaltools.gnu-tools-for-stm32.9-2020-q2-update.win32_1.5.0.202011040924/tools/bin/../lib/gcc/arm-none-eabi/9.3.1/../../../../arm-none-eabi/lib/thumb/v7-m/nofp\libc_nano.a(lib_a-impure.o)
                              e:/insted of c/stm32cubeide_1.6.1/stm32cubeide/plugins/com.st.stm32cube.ide.mcu.externaltools.gnu-tools-for-stm32.9-2020-q2-update.win32_1.5.0.202011040924/tools/bin/../lib/gcc/arm-none-eabi/9.3.1/../../../../arm-none-eabi/lib/thumb/v7-m/nofp\libc_nano.a(lib_a-exit.o) (_global_impure_ptr)
e:/insted of c/stm32cubeide_1.6.1/stm32cubeide/plugins/com.st.stm32cube.ide.mcu.externaltools.gnu-tools-for-stm32.9-2020-q2-update.win32_1.5.0.202011040924/tools/bin/../lib/gcc/arm-none-eabi/9.3.1/../../../../arm-none-eabi/lib/thumb/v7-m/nofp\libc_nano.a(lib_a-init.o)
                              e:/insted of c/stm32cubeide_1.6.1/stm32cubeide/plugins/com.st.stm32cube.ide.mcu.externaltools.gnu-tools-for-stm32.9-2020-q2-update.win32_1.5.0.202011040924/tools/bin/../lib/gcc/arm-none-eabi/9.3.1/../../../../arm-none-eabi/lib/thumb/v7-m/nofp/crt0.o (__libc_init_array)
e:/insted of c/stm32cubeide_1.6.1/stm32cubeide/plugins/com.st.stm32cube.ide.mcu.externaltools.gnu-tools-for-stm32.9-2020-q2-update.win32_1.5.0.202011040924/tools/bin/../lib/gcc/arm-none-eabi/9.3.1/../../../../arm-none-eabi/lib/thumb/v7-m/nofp\libc_nano.a(lib_a-memset.o)
                              e:/insted of c/stm32cubeide_1.6.1/stm32cubeide/plugins/com.st.stm32cube.ide.mcu.externaltools.gnu-tools-for-stm32.9-2020-q2-update.win32_1.5.0.202011040924/tools/bin/../lib/gcc/arm-none-eabi/9.3.1/../../../../arm-none-eabi/lib/thumb/v7-m/nofp/crt0.o (memset)

Allocating common symbols
Common symbol       size              file

charater            0x2               Src/main.o
GP_callback         0x40              STM32f103c6_Drivers/EXTI/STM32F103x8_EXTI_driver.o
GConfigPin          0x4               HAL_layer/Keypad/keypad.o
PinConfig           0x4               HAL_layer/LCD/Lcd.o
charater2           0x1               Src/main.o

Discarded input sections

 .text          0x0000000000000000        0x0 e:/insted of c/stm32cubeide_1.6.1/stm32cubeide/plugins/com.st.stm32cube.ide.mcu.externaltools.gnu-tools-for-stm32.9-2020-q2-update.win32_1.5.0.202011040924/tools/bin/../lib/gcc/arm-none-eabi/9.3.1/thumb/v7-m/nofp/crti.o
 .data          0x0000000000000000        0x0 e:/insted of c/stm32cubeide_1.6.1/stm32cubeide/plugins/com.st.stm32cube.ide.mcu.externaltools.gnu-tools-for-stm32.9-2020-q2-update.win32_1.5.0.202011040924/tools/bin/../lib/gcc/arm-none-eabi/9.3.1/thumb/v7-m/nofp/crti.o
 .bss           0x0000000000000000        0x0 e:/insted of c/stm32cubeide_1.6.1/stm32cubeide/plugins/com.st.stm32cube.ide.mcu.externaltools.gnu-tools-for-stm32.9-2020-q2-update.win32_1.5.0.202011040924/tools/bin/../lib/gcc/arm-none-eabi/9.3.1/thumb/v7-m/nofp/crti.o
 .data          0x0000000000000000        0x4 e:/insted of c/stm32cubeide_1.6.1/stm32cubeide/plugins/com.st.stm32cube.ide.mcu.externaltools.gnu-tools-for-stm32.9-2020-q2-update.win32_1.5.0.202011040924/tools/bin/../lib/gcc/arm-none-eabi/9.3.1/thumb/v7-m/nofp/crtbegin.o
 .text          0x0000000000000000       0x7c e:/insted of c/stm32cubeide_1.6.1/stm32cubeide/plugins/com.st.stm32cube.ide.mcu.externaltools.gnu-tools-for-stm32.9-2020-q2-update.win32_1.5.0.202011040924/tools/bin/../lib/gcc/arm-none-eabi/9.3.1/../../../../arm-none-eabi/lib/thumb/v7-m/nofp/crt0.o
 .data          0x0000000000000000        0x0 e:/insted of c/stm32cubeide_1.6.1/stm32cubeide/plugins/com.st.stm32cube.ide.mcu.externaltools.gnu-tools-for-stm32.9-2020-q2-update.win32_1.5.0.202011040924/tools/bin/../lib/gcc/arm-none-eabi/9.3.1/../../../../arm-none-eabi/lib/thumb/v7-m/nofp/crt0.o
[...]
Memory Configuration

Name             Origin             Length             Attributes
RAM              0x0000000020000000 0x0000000000002800 xrw
FLASH            0x0000000008000000 0x0000000000008000 xr
*default*        0x0000000000000000 0xffffffffffffffff

Linker script and memory map

LOAD e:/insted of c/stm32cubeide_1.6.1/stm32cubeide/plugins/com.st.stm32cube.ide.mcu.externaltools.gnu-tools-for-stm32.9-2020-q2-update.win32_1.5.0.202011040924/tools/bin/../lib/gcc/arm-none-eabi/9.3.1/thumb/v7-m/nofp/crti.o
LOAD e:/insted of c/stm32cubeide_1.6.1/stm32cubeide/plugins/com.st.stm32cube.ide.mcu.externaltools.gnu-tools-for-stm32.9-2020-q2-update.win32_1.5.0.202011040924/tools/bin/../lib/gcc/arm-none-eabi/9.3.1/thumb/v7-m/nofp/crtbegin.o
LOAD e:/insted of c/stm32cubeide_1.6.1/stm32cubeide/plugins/com.st.stm32cube.ide.mcu.externaltools.gnu-tools-for-stm32.9-2020-q2-update.win32_1.5.0.202011040924/tools/bin/../lib/gcc/arm-none-eabi/9.3.1/../../../../arm-none-eabi/lib/thumb/v7-m/nofp/crt0.o
LOAD HAL_layer/Keypad/keypad.o
LOAD HAL_layer/LCD/Lcd.o
LOAD STM32f103c6_Drivers/EXTI/STM32F103x8_EXTI_driver.o
LOAD STM32f103c6_Drivers/GPIO/STM32F103x8_gpio_driver.o
LOAD STM32f103c6_Drivers/RCC/STM32F103x8_RCC_driver.o
LOAD STM32f103c6_Drivers/SPI/STM32F103x8_SPI_driver.o
LOAD STM32f103c6_Drivers/USART/STM32F103x8_USART_driver.o
LOAD Src/main.o
LOAD Src/syscalls.o
LOAD Src/sysmem.o
LOAD Startup/startup_stm32f103c6tx.o
START GROUP
LOAD e:/insted of c/stm32cubeide_1.6.1/stm32cubeide/plugins/com.st.stm32cube.ide.mcu.externaltools.gnu-tools-for-stm32.9-2020-q2-update.win32_1.5.0.202011040924/tools/bin/../lib/gcc/arm-none-eabi/9.3.1/../../../../arm-none-eabi/lib/thumb/v7-m/nofp\libc_nano.a
LOAD e:/insted of c/stm32cubeide_1.6.1/stm32cubeide/plugins/com.st.stm32cube.ide.mcu.externaltools.gnu-tools-for-stm32.9-2020-q2-update.win32_1.5.0.202011040924/tools/bin/../lib/gcc/arm-none-eabi/9.3.1/../../../../arm-none-eabi/lib/thumb/v7-m/nofp\libm.a
END GROUP
START GROUP
LOAD e:/insted of c/stm32cubeide_1.6.1/stm32cubeide/plugins/com.st.stm32cube.ide.mcu.externaltools.gnu-tools-for-stm32.9-2020-q2-update.win32_1.5.0.202011040924/tools/bin/../lib/gcc/arm-none-eabi/9.3.1/thumb/v7-m/nofp\libgcc.a
LOAD e:/insted of c/stm32cubeide_1.6.1/stm32cubeide/plugins/com.st.stm32cube.ide.mcu.externaltools.gnu-tools-for-stm32.9-2020-q2-update.win32_1.5.0.202011040924/tools/bin/../lib/gcc/arm-none-eabi/9.3.1/../../../../arm-none-eabi/lib/thumb/v7-m/nofp\libg_nano.a
LOAD e:/insted of c/stm32cubeide_1.6.1/stm32cubeide/plugins/com.st.stm32cube.ide.mcu.externaltools.gnu-tools-for-stm32.9-2020-q2-update.win32_1.5.0.202011040924/tools/bin/../lib/gcc/arm-none-eabi/9.3.1/../../../../arm-none-eabi/lib/thumb/v7-m/nofp\libc_nano.a
END GROUP
START GROUP
LOAD e:/insted of c/stm32cubeide_1.6.1/stm32cubeide/plugins/com.st.stm32cube.ide.mcu.externaltools.gnu-tools-for-stm32.9-2020-q2-update.win32_1.5.0.202011040924/tools/bin/../lib/gcc/arm-none-eabi/9.3.1/thumb/v7-m/nofp\libgcc.a
LOAD e:/insted of c/stm32cubeide_1.6.1/stm32cubeide/plugins/com.st.stm32cube.ide.mcu.externaltools.gnu-tools-for-stm32.9-2020-q2-update.win32_1.5.0.202011040924/tools/bin/../lib/gcc/arm-none-eabi/9.3.1/../../../../arm-none-eabi/lib/thumb/v7-m/nofp\libc_nano.a
LOAD e:/insted of c/stm32cubeide_1.6.1/stm32cubeide/plugins/com.st.stm32cube.ide.mcu.externaltools.gnu-tools-for-stm32.9-2020-q2-update.win32_1.5.0.202011040924/tools/bin/../lib/gcc/arm-none-eabi/9.3.1/../../../../arm-none-eabi/lib/thumb/v7-m/nofp\libnosys.a
END GROUP
START GROUP
LOAD e:/insted of c/stm32cubeide_1.6.1/stm32cubeide/plugins/com.st.stm32cube.ide.mcu.externaltools.gnu-tools-for-stm32.9-2020-q2-update.win32_1.5.0.202011040924/tools/bin/../lib/gcc/arm-none-eabi/9.3.1/thumb/v7-m/nofp\libgcc.a
LOAD e:/insted of c/stm32cubeide_1.6.1/stm32cubeide/plugins/com.st.stm32cube.ide.mcu.externaltools.gnu-tools-for-stm32.9-2020-q2-update.win32_1.5.0.202011040924/tools/bin/../lib/gcc/arm-none-eabi/9.3.1/../../../../arm-none-eabi/lib/thumb/v7-m/nofp\libc_nano.a
LOAD e:/insted of c/stm32cubeide_1.6.1/stm32cubeide/plugins/com.st.stm32cube.ide.mcu.externaltools.gnu-tools-for-stm32.9-2020-q2-update.win32_1.5.0.202011040924/tools/bin/../lib/gcc/arm-none-eabi/9.3.1/../../../../arm-none-eabi/lib/thumb/v7-m/nofp\libnosys.a
END GROUP
LOAD e:/insted of c/stm32cubeide_1.6.1/stm32cubeide/plugins/com.st.stm32cube.ide.mcu.externaltools.gnu-tools-for-stm32.9-2020-q2-update.win32_1.5.0.202011040924/tools/bin/../lib/gcc/arm-none-eabi/9.3.1/thumb/v7-m/nofp/crtend.o
LOAD e:/insted of c/stm32cubeide_1.6.1/stm32cubeide/plugins/com.st.stm32cube.ide.mcu.externaltools.gnu-tools-for-stm32.9-2020-q2-update.win32_1.5.0.202011040924/tools/bin/../lib/gcc/arm-none-eabi/9.3.1/thumb/v7-m/nofp/crtn.o
                0x0000000020002800                _estack = (ORIGIN (RAM) + LENGTH (RAM))
                0x0000000000000200                _Min_Heap_Size = 0x200
                0x0000000000000400                _Min_Stack_Size = 0x400

.isr_vector     0x0000000008000000      0x130
                0x0000000008000000                . = ALIGN (0x4)
 *(.isr_vector)
 .isr_vector    0x0000000008000000      0x130 Startup/startup_stm32f103c6tx.o
                0x0000000008000000                g_pfnVectors
                0x0000000008000130                . = ALIGN (0x4)

.text           0x0000000008000130      0xe98
                0x0000000008000130                . = ALIGN (0x4)
 *(.text)
 .text          0x0000000008000130       0x40 e:/insted of c/stm32cubeide_1.6.1/stm32cubeide/plugins/com.st.stm32cube.ide.mcu.externaltools.gnu-tools-for-stm32.9-2020-q2-update.win32_1.5.0.202011040924/tools/bin/../lib/gcc/arm-none-eabi/9.3.1/thumb/v7-m/nofp/crtbegin.o
 *(.text*)
 .text.EXTI0_IRQHandler
                0x0000000008000170       0x24 STM32f103c6_Drivers/EXTI/STM32F103x8_EXTI_driver.o
                0x0000000008000170                EXTI0_IRQHandler
 .text.EXTI1_IRQHandler
                0x0000000008000194       0x24 STM32f103c6_Drivers/EXTI/STM32F103x8_EXTI_driver.o
                0x0000000008000194                EXTI1_IRQHandler
 .text.EXTI2_IRQHandler
                0x00000000080001b8       0x24 STM32f103c6_Drivers/EXTI/STM32F103x8_EXTI_driver.o
                0x00000000080001b8                EXTI2_IRQHandler
 .text.EXTI3_IRQHandler
                0x00000000080001dc       0x24 STM32f103c6_Drivers/EXTI/STM32F103x8_EXTI_driver.o
                0x00000000080001dc                EXTI3_IRQHandler
 .text.EXTI4_IRQHandler
                0x0000000008000200       0x24 STM32f103c6_Drivers/EXTI/STM32F103x8_EXTI_driver.o
                0x0000000008000200                EXTI4_IRQHandler
 .text.EXTI9_5_IRQHandler
                0x0000000008000224       0xa8 STM32f103c6_Drivers/EXTI/STM32F103x8_EXTI_driver.o
                0x0000000008000224                EXTI9_5_IRQHandler
 .text.EXTI15_10_IRQHandler
                0x00000000080002cc       0xc4 STM32f103c6_Drivers/EXTI/STM32F103x8_EXTI_driver.o
                0x00000000080002cc                EXTI15_10_IRQHandler
 .text.get_Pin_Postion
                0x0000000008000390      0x170 STM32f103c6_Drivers/GPIO/STM32F103x8_gpio_driver.o
                0x0000000008000390                get_Pin_Postion
 .text.MCAL_GPIO_Init
                0x0000000008000500      0x116 STM32f103c6_Drivers/GPIO/STM32F103x8_gpio_driver.o
                0x0000000008000500                MCAL_GPIO_Init
 .text.MCAL_GPIO_WritePin
                0x0000000008000616       0x2e STM32f103c6_Drivers/GPIO/STM32F103x8_gpio_driver.o
                0x0000000008000616                MCAL_GPIO_WritePin
 .text.MCAL_RCC_GetSYS_CLKFreq
                0x0000000008000644       0x4c STM32f103c6_Drivers/RCC/STM32F103x8_RCC_driver.o
                0x0000000008000644                MCAL_RCC_GetSYS_CLKFreq
 .text.MCAL_RCC_GetHCLKFreq
                0x0000000008000690       0x28 STM32f103c6_Drivers/RCC/STM32F103x8_RCC_driver.o
                0x0000000008000690                MCAL_RCC_GetHCLKFreq
 .text.MCAL_RCC_GetPCLK1Freq
                0x00000000080006b8       0x28 STM32f103c6_Drivers/RCC/STM32F103x8_RCC_driver.o
                0x00000000080006b8                MCAL_RCC_GetPCLK1Freq
 .text.MCAL_RCC_GetPCLK2Freq
                0x00000000080006e0       0x28 STM32f103c6_Drivers/RCC/STM32F103x8_RCC_driver.o
                0x00000000080006e0                MCAL_RCC_GetPCLK2Freq
 .text.MCAL_SPI_Init
                0x0000000008000708      0x130 STM32f103c6_Drivers/SPI/STM32F103x8_SPI_driver.o
                0x0000000008000708                MCAL_SPI_Init
 .text.MCAL_SPI_TX_RX
                0x0000000008000838       0x54 STM32f103c6_Drivers/SPI/STM32F103x8_SPI_driver.o
                0x0000000008000838                MCAL_SPI_TX_RX
 .text.MCAL_SPI_GPIO_Set_Pins
                0x000000000800088c      0x138 STM32f103c6_Drivers/SPI/STM32F103x8_SPI_driver.o
                0x000000000800088c                MCAL_SPI_GPIO_Set_Pins
 .text.SPI1_IRQHandler
                0x00000000080009c4       0x5c STM32f103c6_Drivers/SPI/STM32F103x8_SPI_driver.o
                0x00000000080009c4                SPI1_IRQHandler
 .text.SPI2_IRQHandler
                0x0000000008000a20       0x5c STM32f103c6_Drivers/SPI/STM32F103x8_SPI_driver.o
                0x0000000008000a20                SPI2_IRQHandler
 .text.MCAL_UART_Init
                0x0000000008000a7c      0x190 STM32f103c6_Drivers/USART/STM32F103x8_USART_driver.o
                0x0000000008000a7c                MCAL_UART_Init
 .text.MCAL_UART_GPIO_Set_Pins
                0x0000000008000c0c      0x110 STM32f103c6_Drivers/USART/STM32F103x8_USART_driver.o
                0x0000000008000c0c                MCAL_UART_GPIO_Set_Pins
 .text.MCAL_UART_SendData
                0x0000000008000d1c       0x94 STM32f103c6_Drivers/USART/STM32F103x8_USART_driver.o
                0x0000000008000d1c                MCAL_UART_SendData
 .text.USART1_IRQHandler
                0x0000000008000db0       0x14 STM32f103c6_Drivers/USART/STM32F103x8_USART_driver.o
                0x0000000008000db0                USART1_IRQHandler
 .text.USART2_IRQHandler
                0x0000000008000dc4       0x14 STM32f103c6_Drivers/USART/STM32F103x8_USART_driver.o
                0x0000000008000dc4                USART2_IRQHandler
 .text.USART3_IRQHandler
                0x0000000008000dd8       0x14 STM32f103c6_Drivers/USART/STM32F103x8_USART_driver.o
                0x0000000008000dd8                USART3_IRQHandler
 .text.SPI_CallBack
                0x0000000008000dec       0x44 Src/main.o
                0x0000000008000dec                SPI_CallBack
 .text.FunCallBack
                0x0000000008000e30        0xc Src/main.o
                0x0000000008000e30                FunCallBack
 .text.main     0x0000000008000e3c       0xd8 Src/main.o
                0x0000000008000e3c                main
 .text.Reset_Handler
                0x0000000008000f14       0x50 Startup/startup_stm32f103c6tx.o
                0x0000000008000f14                Reset_Handler
 .text.Default_Handler
                0x0000000008000f64        0x2 Startup/startup_stm32f103c6tx.o
                0x0000000008000f64                TIM8_TRG_COM_IRQHandler
                0x0000000008000f64                TIM8_CC_IRQHandler
                0x0000000008000f64                DebugMon_Handler
                0x0000000008000f64                TIM1_CC_IRQHandler
                0x0000000008000f64                HardFault_Handler
                0x0000000008000f64                TIM6_IRQHandler
                0x0000000008000f64                SysTick_Handler
                0x0000000008000f64                PVD_IRQHandler
                0x0000000008000f64                SDIO_IRQHandler
                0x0000000008000f64                PendSV_Handler
                0x0000000008000f64                NMI_Handler
                0x0000000008000f64                USB_HP_CAN_TX_IRQHandler
                0x0000000008000f64                I2C2_EV_IRQHandler
                0x0000000008000f64                UsageFault_Handler
                0x0000000008000f64                ADC1_2_IRQHandler
                0x0000000008000f64                CAN_SCE_IRQHandler
                0x0000000008000f64                TAMPER_IRQHandler
                0x0000000008000f64                TIM8_UP_IRQHandler
                0x0000000008000f64                DMA2_Channel2_IRQHandler
                0x0000000008000f64                DMA1_Channel4_IRQHandler
                0x0000000008000f64                RTC_IRQHandler
                0x0000000008000f64                DMA1_Channel7_IRQHandler
                0x0000000008000f64                UART5_IRQHandler
                0x0000000008000f64                ADC3_IRQHandler
                0x0000000008000f64                TIM4_IRQHandler
                0x0000000008000f64                CAN_RX1_IRQHandler
                0x0000000008000f64                DMA2_Channel1_IRQHandler
                0x0000000008000f64                I2C1_EV_IRQHandler
                0x0000000008000f64                DMA1_Channel6_IRQHandler
                0x0000000008000f64                UART4_IRQHandler
                0x0000000008000f64                TIM3_IRQHandler
                0x0000000008000f64                RCC_IRQHandler
                0x0000000008000f64                TIM1_TRG_COM_IRQHandler
                0x0000000008000f64                DMA1_Channel1_IRQHandler
                0x0000000008000f64                Default_Handler
                0x0000000008000f64                TIM7_IRQHandler
                0x0000000008000f64                TIM5_IRQHandler
                0x0000000008000f64                USB_LP_CAN_RX0_IRQHandler
                0x0000000008000f64                MemManage_Handler
                0x0000000008000f64                SVC_Handler
                0x0000000008000f64                DMA1_Channel5_IRQHandler
                0x0000000008000f64                DMA1_Channel3_IRQHandler
                0x0000000008000f64                FSMC_IRQHandler
                0x0000000008000f64                TIM1_UP_IRQHandler
                0x0000000008000f64                WWDG_IRQHandler
                0x0000000008000f64                TIM2_IRQHandler
                0x0000000008000f64                TIM1_BRK_IRQHandler
                0x0000000008000f64                RTCAlarm_IRQHandler
                0x0000000008000f64                DMA2_Channel4_5_IRQHandler
                0x0000000008000f64                I2C2_ER_IRQHandler
                0x0000000008000f64                DMA1_Channel2_IRQHandler
                0x0000000008000f64                TIM8_BRK_IRQHandler
                0x0000000008000f64                FLASH_IRQHandler
                0x0000000008000f64                BusFault_Handler
                0x0000000008000f64                SPI3_IRQHandler
                0x0000000008000f64                I2C1_ER_IRQHandler
                0x0000000008000f64                DMA2_Channel3_IRQHandler
 *fill*         0x0000000008000f66        0x2 
 .text.__libc_init_array
                0x0000000008000f68       0x48 e:/insted of c/stm32cubeide_1.6.1/stm32cubeide/plugins/com.st.stm32cube.ide.mcu.externaltools.gnu-tools-for-stm32.9-2020-q2-update.win32_1.5.0.202011040924/tools/bin/../lib/gcc/arm-none-eabi/9.3.1/../../../../arm-none-eabi/lib/thumb/v7-m/nofp\libc_nano.a(lib_a-init.o)
                0x0000000008000f68                __libc_init_array
 *(.glue_7)
 .glue_7        0x0000000008000fb0        0x0 linker stubs
 *(.glue_7t)
 .glue_7t       0x0000000008000fb0        0x0 linker stubs
 *(.eh_frame)
 .eh_frame      0x0000000008000fb0        0x0 e:/insted of c/stm32cubeide_1.6.1/stm32cubeide/plugins/com.st.stm32cube.ide.mcu.externaltools.gnu-tools-for-stm32.9-2020-q2-update.win32_1.5.0.202011040924/tools/bin/../lib/gcc/arm-none-eabi/9.3.1/thumb/v7-m/nofp/crtbegin.o
 *(.init)
 .init          0x0000000008000fb0        0x4 e:/insted of c/stm32cubeide_1.6.1/stm32cubeide/plugins/com.st.stm32cube.ide.mcu.externaltools.gnu-tools-for-stm32.9-2020-q2-update.win32_1.5.0.202011040924/tools/bin/../lib/gcc/arm-none-eabi/9.3.1/thumb/v7-m/nofp/crti.o
                0x0000000008000fb0                _init
 .init          0x0000000008000fb4        0x8 e:/insted of c/stm32cubeide_1.6.1/stm32cubeide/plugins/com.st.stm32cube.ide.mcu.externaltools.gnu-tools-for-stm32.9-2020-q2-update.win32_1.5.0.202011040924/tools/bin/../lib/gcc/arm-none-eabi/9.3.1/thumb/v7-m/nofp/crtn.o
 *(.fini)
 .fini          0x0000000008000fbc        0x4 e:/insted of c/stm32cubeide_1.6.1/stm32cubeide/plugins/com.st.stm32cube.ide.mcu.externaltools.gnu-tools-for-stm32.9-2020-q2-update.win32_1.5.0.202011040924/tools/bin/../lib/gcc/arm-none-eabi/9.3.1/thumb/v7-m/nofp/crti.o
                0x0000000008000fbc                _fini
 .fini          0x0000000008000fc0        0x8 e:/insted of c/stm32cubeide_1.6.1/stm32cubeide/plugins/com.st.stm32cube.ide.mcu.externaltools.gnu-tools-for-stm32.9-2020-q2-update.win32_1.5.0.202011040924/tools/bin/../lib/gcc/arm-none-eabi/9.3.1/thumb/v7-m/nofp/crtn.o
                0x0000000008000fc8                . = ALIGN (0x4)
                0x0000000008000fc8                _etext = .

.vfp11_veneer   0x0000000008000fc8        0x0
 .vfp11_veneer  0x0000000008000fc8        0x0 linker stubs

.v4_bx          0x0000000008000fc8        0x0
 .v4_bx         0x0000000008000fc8        0x0 linker stubs

.iplt           0x0000000008000fc8        0x0
 .iplt          0x0000000008000fc8        0x0 e:/insted of c/stm32cubeide_1.6.1/stm32cubeide/plugins/com.st.stm32cube.ide.mcu.externaltools.gnu-tools-for-stm32.9-2020-q2-update.win32_1.5.0.202011040924/tools/bin/../lib/gcc/arm-none-eabi/9.3.1/thumb/v7-m/nofp/crtbegin.o

.rodata         0x0000000008000fc8       0x18
                0x0000000008000fc8                . = ALIGN (0x4)
 *(.rodata)
 *(.rodata*)
 .rodata.APBPrescTable
                0x0000000008000fc8        0x8 STM32f103c6_Drivers/RCC/STM32F103x8_RCC_driver.o
                0x0000000008000fc8                APBPrescTable
 .rodata.AHBPrescTable
                0x0000000008000fd0       0x10 STM32f103c6_Drivers/RCC/STM32F103x8_RCC_driver.o
                0x0000000008000fd0                AHBPrescTable
                0x0000000008000fe0                . = ALIGN (0x4)

.rel.dyn        0x0000000008000fe0        0x0
 .rel.iplt      0x0000000008000fe0        0x0 e:/insted of c/stm32cubeide_1.6.1/stm32cubeide/plugins/com.st.stm32cube.ide.mcu.externaltools.gnu-tools-for-stm32.9-2020-q2-update.win32_1.5.0.202011040924/tools/bin/../lib/gcc/arm-none-eabi/9.3.1/thumb/v7-m/nofp/crtbegin.o

.ARM.extab      0x0000000008000fe0        0x0
                0x0000000008000fe0                . = ALIGN (0x4)
 *(.ARM.extab* .gnu.linkonce.armextab.*)
                0x0000000008000fe0                . = ALIGN (0x4)

.ARM            0x0000000008000fe0        0x0
                0x0000000008000fe0                . = ALIGN (0x4)
                0x0000000008000fe0                __exidx_start = .
 *(.ARM.exidx*)
                0x0000000008000fe0                __exidx_end = .
                0x0000000008000fe0                . = ALIGN (0x4)

.preinit_array  0x0000000008000fe0        0x0
                0x0000000008000fe0                . = ALIGN (0x4)
                0x0000000008000fe0                PROVIDE (__preinit_array_start = .)
 *(.preinit_array*)
                0x0000000008000fe0                PROVIDE (__preinit_array_end = .)
                0x0000000008000fe0                . = ALIGN (0x4)

.init_array     0x0000000008000fe0        0x4
                0x0000000008000fe0                . = ALIGN (0x4)
                0x0000000008000fe0                PROVIDE (__init_array_start = .)
 *(SORT_BY_NAME(.init_array.*))
 *(.init_array*)
 .init_array    0x0000000008000fe0        0x4 e:/insted of c/stm32cubeide_1.6.1/stm32cubeide/plugins/com.st.stm32cube.ide.mcu.externaltools.gnu-tools-for-stm32.9-2020-q2-update.win32_1.5.0.202011040924/tools/bin/../lib/gcc/arm-none-eabi/9.3.1/thumb/v7-m/nofp/crtbegin.o
                0x0000000008000fe4                PROVIDE (__init_array_end = .)
                0x0000000008000fe4                . = ALIGN (0x4)

.fini_array     0x0000000008000fe4        0x4
                0x0000000008000fe4                . = ALIGN (0x4)
                [!provide]                        PROVIDE (__fini_array_start = .)
 *(SORT_BY_NAME(.fini_array.*))
 *(.fini_array*)
 .fini_array    0x0000000008000fe4        0x4 e:/insted of c/stm32cubeide_1.6.1/stm32cubeide/plugins/com.st.stm32cube.ide.mcu.externaltools.gnu-tools-for-stm32.9-2020-q2-update.win32_1.5.0.202011040924/tools/bin/../lib/gcc/arm-none-eabi/9.3.1/thumb/v7-m/nofp/crtbegin.o
                [!provide]                        PROVIDE (__fini_array_end = .)
                0x0000000008000fe8                . = ALIGN (0x4)
                0x0000000008000fe8                _sidata = LOADADDR (.data)

.data           0x0000000020000000        0x0 load address 0x0000000008000fe8
                0x0000000020000000                . = ALIGN (0x4)
                0x0000000020000000                _sdata = .
 *(.data)
 *(.data*)
 *(.RamFunc)
 *(.RamFunc*)
                0x0000000020000000                . = ALIGN (0x4)
                0x0000000020000000                _edata = .

.igot.plt       0x0000000020000000        0x0 load address 0x0000000008000fe8
 .igot.plt      0x0000000020000000        0x0 e:/insted of c/stm32cubeide_1.6.1/stm32cubeide/plugins/com.st.stm32cube.ide.mcu.externaltools.gnu-tools-for-stm32.9-2020-q2-update.win32_1.5.0.202011040924/tools/bin/../lib/gcc/arm-none-eabi/9.3.1/thumb/v7-m/nofp/crtbegin.o
                0x0000000020000000                . = ALIGN (0x4)

.bss            0x0000000020000000       0x74 load address 0x0000000008000fe8
                0x0000000020000000                _sbss = .
                0x0000000020000000                __bss_start__ = _sbss
 *(.bss)
 .bss           0x0000000020000000       0x1c e:/insted of c/stm32cubeide_1.6.1/stm32cubeide/plugins/com.st.stm32cube.ide.mcu.externaltools.gnu-tools-for-stm32.9-2020-q2-update.win32_1.5.0.202011040924/tools/bin/../lib/gcc/arm-none-eabi/9.3.1/thumb/v7-m/nofp/crtbegin.o
 *(.bss*)
 .bss.Global_SPI_Config
                0x000000002000001c        0x8 STM32f103c6_Drivers/SPI/STM32F103x8_SPI_driver.o
                0x000000002000001c                Global_SPI_Config
 .bss.Global_USART_Config
                0x0000000020000024        0xc STM32f103c6_Drivers/USART/STM32F103x8_USART_driver.o
                0x0000000020000024                Global_USART_Config
 *(COMMON)
 COMMON         0x0000000020000030       0x40 STM32f103c6_Drivers/EXTI/STM32F103x8_EXTI_driver.o
                0x0000000020000030                GP_callback
 COMMON         0x0000000020000070        0x3 Src/main.o
                0x0000000020000070                charater
                0x0000000020000072                charater2
                0x0000000020000074                . = ALIGN (0x4)
 *fill*         0x0000000020000073        0x1 
                0x0000000020000074                _ebss = .
                0x0000000020000074                __bss_end__ = _ebss

._user_heap_stack
                0x0000000020000074      0x604 load address 0x0000000008000fe8
                0x0000000020000078                . = ALIGN (0x8)
 *fill*         0x0000000020000074        0x4 
                [!provide]                        PROVIDE (end = .)
                0x0000000020000078                PROVIDE (_end = .)
                0x0000000020000278                . = (. + _Min_Heap_Size)
 *fill*         0x0000000020000078      0x200 
                0x0000000020000678                . = (. + _Min_Stack_Size)
 *fill*         0x0000000020000278      0x400 
                0x0000000020000678                . = ALIGN (0x8)

/DISCARD/
 libc.a(*)
 libm.a(*)
 libgcc.a(*)

.ARM.attributes
                0x0000000000000000       0x29
 *(.ARM.attributes)
 .ARM.attributes
                0x0000000000000000       0x1d e:/insted of c/stm32cubeide_1.6.1/stm32cubeide/plugins/com.st.stm32cube.ide.mcu.externaltools.gnu-tools-for-stm32.9-2020-q2-update.win32_1.5.0.202011040924/tools/bin/../lib/gcc/arm-none-eabi/9.3.1/thumb/v7-m/nofp/crti.o
 .ARM.attributes
                0x000000000000001d       0x2d e:/insted of c/stm32cubeide_1.6.1/stm32cubeide/plugins/com.st.stm32cube.ide.mcu.externaltools.gnu-tools-for-stm32.9-2020-q2-update.win32_1.5.0.202011040924/tools/bin/../lib/gcc/arm-none-eabi/9.3.1/thumb/v7-m/nofp/crtbegin.o
 .ARM.attributes
                0x000000000000004a       0x2d STM32f103c6_Drivers/EXTI/STM32F103x8_EXTI_driver.o
 .ARM.attributes
                0x0000000000000077       0x2d STM32f103c6_Drivers/GPIO/STM32F103x8_gpio_driver.o
 .ARM.attributes
                0x00000000000000a4       0x2d STM32f103c6_Drivers/RCC/STM32F103x8_RCC_driver.o
 .ARM.attributes
                0x00000000000000d1       0x2d STM32f103c6_Drivers/SPI/STM32F103x8_SPI_driver.o
 .ARM.attributes
                0x00000000000000fe       0x2d STM32f103c6_Drivers/USART/STM32F103x8_USART_driver.o
 .ARM.attributes
                0x000000000000012b       0x2d Src/main.o
 .ARM.attributes
                0x0000000000000158       0x21 Startup/startup_stm32f103c6tx.o
 .ARM.attributes
                0x0000000000000179       0x2d e:/insted of c/stm32cubeide_1.6.1/stm32cubeide/plugins/com.st.stm32cube.ide.mcu.externaltools.gnu-tools-for-stm32.9-2020-q2-update.win32_1.5.0.202011040924/tools/bin/../lib/gcc/arm-none-eabi/9.3.1/../../../../arm-none-eabi/lib/thumb/v7-m/nofp\libc_nano.a(lib_a-init.o)
 .ARM.attributes
                0x00000000000001a6       0x1d e:/insted of c/stm32cubeide_1.6.1/stm32cubeide/plugins/com.st.stm32cube.ide.mcu.externaltools.gnu-tools-for-stm32.9-2020-q2-update.win32_1.5.0.202011040924/tools/bin/../lib/gcc/arm-none-eabi/9.3.1/thumb/v7-m/nofp/crtn.o
OUTPUT(Drivers.elf elf32-littlearm)
LOAD linker stubs
LOAD e:/insted of c/stm32cubeide_1.6.1/stm32cubeide/plugins/com.st.stm32cube.ide.mcu.externaltools.gnu-tools-for-stm32.9-2020-q2-update.win32_1.5.0.202011040924/tools/bin/../lib/gcc/arm-none-eabi/9.3.1/../../../../arm-none-eabi/lib/thumb/v7-m/nofp\libc.a
LOAD e:/insted of c/stm32cubeide_1.6.1/stm32cubeide/plugins/com.st.stm32cube.ide.mcu.externaltools.gnu-tools-for-stm32.9-2020-q2-update.win32_1.5.0.202011040924/tools/bin/../lib/gcc/arm-none-eabi/9.3.1/../../../../arm-none-eabi/lib/thumb/v7-m/nofp\libm.a
LOAD e:/insted of c/stm32cubeide_1.6.1/stm32cubeide/plugins/com.st.stm32cube.ide.mcu.externaltools.gnu-tools-for-stm32.9-2020-q2-update.win32_1.5.0.202011040924/tools/bin/../lib/gcc/arm-none-eabi/9.3.1/thumb/v7-m/nofp\libgcc.a

.debug_info     0x0000000000000000     0x57b8
 .debug_info    0x0000000000000000      0xea7 STM32f103c6_Drivers/EXTI/STM32F103x8_EXTI_driver.o
 .debug_info    0x0000000000000ea7      0xe23 STM32f103c6_Drivers/GPIO/STM32F103x8_gpio_driver.o
 .debug_info    0x0000000000001cca      0xbdf STM32f103c6_Drivers/RCC/STM32F103x8_RCC_driver.o
 .debug_info    0x00000000000028a9      0xfca STM32f103c6_Drivers/SPI/STM32F103x8_SPI_driver.o
 .debug_info    0x0000000000003873      0xfa1 STM32f103c6_Drivers/USART/STM32F103x8_USART_driver.o
 .debug_info    0x0000000000004814      0xf82 Src/main.o
 .debug_info    0x0000000000005796       0x22 Startup/startup_stm32f103c6tx.o

.debug_abbrev   0x0000000000000000      0xdd8
 .debug_abbrev  0x0000000000000000      0x267 STM32f103c6_Drivers/EXTI/STM32F103x8_EXTI_driver.o
 .debug_abbrev  0x0000000000000267      0x246 STM32f103c6_Drivers/GPIO/STM32F103x8_gpio_driver.o
 .debug_abbrev  0x00000000000004ad      0x1ce STM32f103c6_Drivers/RCC/STM32F103x8_RCC_driver.o
 .debug_abbrev  0x000000000000067b      0x272 STM32f103c6_Drivers/SPI/STM32F103x8_SPI_driver.o
 .debug_abbrev  0x00000000000008ed      0x294 STM32f103c6_Drivers/USART/STM32F103x8_USART_driver.o
 .debug_abbrev  0x0000000000000b81      0x245 Src/main.o
 .debug_abbrev  0x0000000000000dc6       0x12 Startup/startup_stm32f103c6tx.o

.debug_loc      0x0000000000000000      0xd4c
 .debug_loc     0x0000000000000000      0x32c STM32f103c6_Drivers/EXTI/STM32F103x8_EXTI_driver.o
 .debug_loc     0x000000000000032c      0x330 STM32f103c6_Drivers/GPIO/STM32F103x8_gpio_driver.o
 .debug_loc     0x000000000000065c       0xe0 STM32f103c6_Drivers/RCC/STM32F103x8_RCC_driver.o
 .debug_loc     0x000000000000073c      0x2bc STM32f103c6_Drivers/SPI/STM32F103x8_SPI_driver.o
 .debug_loc     0x00000000000009f8      0x288 STM32f103c6_Drivers/USART/STM32F103x8_USART_driver.o
 .debug_loc     0x0000000000000c80       0xcc Src/main.o

.debug_aranges  0x0000000000000000      0x228
 .debug_aranges
                0x0000000000000000       0x80 STM32f103c6_Drivers/EXTI/STM32F103x8_EXTI_driver.o
 .debug_aranges
                0x0000000000000080       0x60 STM32f103c6_Drivers/GPIO/STM32F103x8_gpio_driver.o
 .debug_aranges
                0x00000000000000e0       0x38 STM32f103c6_Drivers/RCC/STM32F103x8_RCC_driver.o
 .debug_aranges
                0x0000000000000118       0x58 STM32f103c6_Drivers/SPI/STM32F103x8_SPI_driver.o
 .debug_aranges
                0x0000000000000170       0x60 STM32f103c6_Drivers/USART/STM32F103x8_USART_driver.o
 .debug_aranges
                0x00000000000001d0       0x30 Src/main.o
 .debug_aranges
                0x0000000000000200       0x28 Startup/startup_stm32f103c6tx.o

.debug_ranges   0x0000000000000000      0x1c0
 .debug_ranges  0x0000000000000000       0x70 STM32f103c6_Drivers/EXTI/STM32F103x8_EXTI_driver.o
 .debug_ranges  0x0000000000000070       0x50 STM32f103c6_Drivers/GPIO/STM32F103x8_gpio_driver.o
 .debug_ranges  0x00000000000000c0       0x28 STM32f103c6_Drivers/RCC/STM32F103x8_RCC_driver.o
 .debug_ranges  0x00000000000000e8       0x48 STM32f103c6_Drivers/SPI/STM32F103x8_SPI_driver.o
 .debug_ranges  0x0000000000000130       0x50 STM32f103c6_Drivers/USART/STM32F103x8_USART_driver.o
 .debug_ranges  0x0000000000000180       0x20 Src/main.o
 .debug_ranges  0x00000000000001a0       0x20 Startup/startup_stm32f103c6tx.o

.debug_macro    0x0000000000000000      0xebc
 .debug_macro   0x0000000000000000      0x161 STM32f103c6_Drivers/EXTI/STM32F103x8_EXTI_driver.o
 .debug_macro   0x0000000000000161       0xca STM32f103c6_Drivers/EXTI/STM32F103x8_EXTI_driver.o
 .debug_macro   0x000000000000022b      0x22f STM32f103c6_Drivers/EXTI/STM32F103x8_EXTI_driver.o
 .debug_macro   0x000000000000045a      0x152 STM32f103c6_Drivers/GPIO/STM32F103x8_gpio_driver.o
 .debug_macro   0x00000000000005ac      0x152 STM32f103c6_Drivers/RCC/STM32F103x8_RCC_driver.o
 .debug_macro   0x00000000000006fe       0x10 STM32f103c6_Drivers/RCC/STM32F103x8_RCC_driver.o
 .debug_macro   0x000000000000070e      0x173 STM32f103c6_Drivers/SPI/STM32F103x8_SPI_driver.o
 .debug_macro   0x0000000000000881       0xca STM32f103c6_Drivers/SPI/STM32F103x8_SPI_driver.o
 .debug_macro   0x000000000000094b      0x164 STM32f103c6_Drivers/USART/STM32F103x8_USART_driver.o
 .debug_macro   0x0000000000000aaf       0x16 STM32f103c6_Drivers/USART/STM32F103x8_USART_driver.o
 .debug_macro   0x0000000000000ac5       0xe2 STM32f103c6_Drivers/USART/STM32F103x8_USART_driver.o
 .debug_macro   0x0000000000000ba7      0x199 Src/main.o
 .debug_macro   0x0000000000000d40       0xac Src/main.o
 .debug_macro   0x0000000000000dec       0xd0 Src/main.o

.debug_line     0x0000000000000000     0x3047
 .debug_line    0x0000000000000000      0x9ae STM32f103c6_Drivers/EXTI/STM32F103x8_EXTI_driver.o
 .debug_line    0x00000000000009ae      0x7e9 STM32f103c6_Drivers/GPIO/STM32F103x8_gpio_driver.o
 .debug_line    0x0000000000001197      0x63a STM32f103c6_Drivers/RCC/STM32F103x8_RCC_driver.o
 .debug_line    0x00000000000017d1      0x853 STM32f103c6_Drivers/SPI/STM32F103x8_SPI_driver.o
 .debug_line    0x0000000000002024      0x8df STM32f103c6_Drivers/USART/STM32F103x8_USART_driver.o
 .debug_line    0x0000000000002903      0x6c0 Src/main.o
 .debug_line    0x0000000000002fc3       0x84 Startup/startup_stm32f103c6tx.o

.debug_str      0x0000000000000000     0xac4c
 .debug_str     0x0000000000000000     0x96f9 STM32f103c6_Drivers/EXTI/STM32F103x8_EXTI_driver.o
                                       0x996f (size before relaxing)
 .debug_str     0x00000000000096f9      0x153 STM32f103c6_Drivers/GPIO/STM32F103x8_gpio_driver.o
                                       0x8692 (size before relaxing)
 .debug_str     0x000000000000984c      0x107 STM32f103c6_Drivers/RCC/STM32F103x8_RCC_driver.o
                                       0x82f2 (size before relaxing)
 .debug_str     0x0000000000009953      0x796 STM32f103c6_Drivers/SPI/STM32F103x8_SPI_driver.o
                                       0x8d17 (size before relaxing)
 .debug_str     0x000000000000a0e9      0x837 STM32f103c6_Drivers/USART/STM32F103x8_USART_driver.o
                                       0x8e47 (size before relaxing)
 .debug_str     0x000000000000a920      0x2fb Src/main.o
                                       0xa76c (size before relaxing)
 .debug_str     0x000000000000ac1b       0x31 Startup/startup_stm32f103c6tx.o
                                         0x62 (size before relaxing)

.comment        0x0000000000000000       0x53
 .comment       0x0000000000000000       0x53 STM32f103c6_Drivers/EXTI/STM32F103x8_EXTI_driver.o
                                         0x54 (size before relaxing)
 .comment       0x0000000000000053       0x54 STM32f103c6_Drivers/GPIO/STM32F103x8_gpio_driver.o
 .comment       0x0000000000000053       0x54 STM32f103c6_Drivers/RCC/STM32F103x8_RCC_driver.o
 .comment       0x0000000000000053       0x54 STM32f103c6_Drivers/SPI/STM32F103x8_SPI_driver.o
 .comment       0x0000000000000053       0x54 STM32f103c6_Drivers/USART/STM32F103x8_USART_driver.o
 .comment       0x0000000000000053       0x54 Src/main.o

.debug_frame    0x0000000000000000      0x6e4
 .debug_frame   0x0000000000000000      0x1b4 STM32f103c6_Drivers/EXTI/STM32F103x8_EXTI_driver.o
 .debug_frame   0x00000000000001b4      0x178 STM32f103c6_Drivers/GPIO/STM32F103x8_gpio_driver.o
 .debug_frame   0x000000000000032c       0x8c STM32f103c6_Drivers/RCC/STM32F103x8_RCC_driver.o
 .debug_frame   0x00000000000003b8      0x144 STM32f103c6_Drivers/SPI/STM32F103x8_SPI_driver.o
 .debug_frame   0x00000000000004fc      0x148 STM32f103c6_Drivers/USART/STM32F103x8_USART_driver.o
 .debug_frame   0x0000000000000644       0x74 Src/main.o
 .debug_frame   0x00000000000006b8       0x2c e:/insted of c/stm32cubeide_1.6.1/stm32cubeide/plugins/com.st.stm32cube.ide.mcu.externaltools.gnu-tools-for-stm32.9-2020-q2-update.win32_1.5.0.202011040924/tools/bin/../lib/gcc/arm-none-eabi/9.3.1/../../../../arm-none-eabi/lib/thumb/v7-m/nofp\libc_nano.a(lib_a-init.o)
