Archive member included to satisfy reference by file (symbol)

e:/insted of c/stm32cubeide_1.6.1/stm32cubeide/plugins/com.st.stm32cube.ide.mcu.externaltools.gnu-tools-for-stm32.9-2020-q2-update.win32_1.5.0.202011040924/tools/bin/../lib/gcc/arm-none-eabi/9.3.1/../../../../arm-none-eabi/lib/thumb/v7-m/nofp\libc_nano.a(lib_a-errno.o)
                              Src/syscalls.o (__errno)
e:/insted of c/stm32cubeide_1.6.1/stm32cubeide/plugins/com.st.stm32cube.ide.mcu.externaltools.gnu-tools-for-stm32.9-2020-q2-update.win32_1.5.0.202011040924/tools/bin/../lib/gcc/arm-none-eabi/9.3.1/../../../../arm-none-eabi/lib/thumb/v7-m/nofp\libc_nano.a(lib_a-exit.o)
                              e:/insted of c/stm32cubeide_1.6.1/stm32cubeide/plugins/com.st.stm32cube.ide.mcu.externaltools.gnu-tools-for-stm32.9-2020-q2-update.win32_1.5.0.202011040924/tools/bin/../lib/gcc/arm-none-eabi/9.3.1/../../../../arm-none-eabi/lib/thumb/v7-m/nofp/crt0.o (exit)
e:/insted of c/stm32cubeide_1.6.1/stm32cubeide/plugins/com.st.stm32cube.ide.mcu.externaltools.gnu-tools-for-stm32.9-2020-q2-update.win32_1.5.0.202011040924/tools/bin/../lib/gcc/arm-none-eabi/9.3.1/../../../../arm-none-eabi/lib/thumb/v7-m/nofp\libc_nano.a(lib_a-impure.o)
                              e:/insted of c/stm32cubeide_1.6.1/stm32cubeide/plugins/com.st.stm32cube.ide.mcu.externaltools.gnu-tools-for-stm32.9-2020-q2-update.win32_1.5.0.202011040924/tools/bin/../lib/gcc/arm-none-eabi/9.3.1/../../../../arm-none-eabi/lib/thumb/v7-m/nofp\libc_nano.a(lib_a-exit.o) (_global_impure_ptr)
e:/insted of c/stm32cubeide_1.6.1/stm32cubeide/plugins/com.st.stm32cube.ide.mcu.externaltools.gnu-tools-for-stm32.9-2020-q2-update.win32_1.5.0.202011040924/tools/bin/../lib/gcc/arm-none-eabi/9.3.1/../../../../arm-none-eabi/lib/thumb/v7-m/nofp\libc_nano.a(lib_a-init.o)
                              e:/insted of c/stm32cubeide_1.6.1/stm32cubeide/plugins/com.st.stm32cube.ide.mcu.externaltools.gnu-tools-for-stm32.9-2020-q2-update.win32_1.5.0.202011040924/tools/bin/../lib/gcc/arm-none-eabi/9.3.1/../../../../arm-none-eabi/lib/thumb/v7-m/nofp/crt0.o (__libc_init_array)
e:/insted of c/stm32cubeide_1.6.1/stm32cubeide/plugins/com.st.stm32cube.ide.mcu.externaltools.gnu-tools-for-stm32.9-2020-q2-update.win32_1.5.0.202011040924/tools/bin/../lib/gcc/arm-none-eabi/9.3.1/../../../../arm-none-eabi/lib/thumb/v7-m/nofp\libc_nano.a(lib_a-memset.o)
                              e:/insted of c/stm32cubeide_1.6.1/stm32cubeide/plugins/com.st.stm32cube.ide.mcu.externaltools.gnu-tools-for-stm32.9-2020-q2-update.win32_1.5.0.202011040924/tools/bin/../lib/gcc/arm-none-eabi/9.3.1/../../../../arm-none-eabi/lib/thumb/v7-m/nofp/crt0.o (memset)

Allocating common symbols
Common symbol       size              file

GConfigPin          0x4               STM32f103c6_Drivers/Keypad/keypad.o
PinConfig           0x4               STM32f103c6_Drivers/LCD/Lcd.o

Discarded input sections

 .text          0x0000000000000000        0x0 e:/insted of c/stm32cubeide_1.6.1/stm32cubeide/plugins/com.st.stm32cube.ide.mcu.externaltools.gnu-tools-for-stm32.9-2020-q2-update.win32_1.5.0.202011040924/tools/bin/../lib/gcc/arm-none-eabi/9.3.1/thumb/v7-m/nofp/crti.o
 .data          0x0000000000000000        0x0 e:/insted of c/stm32cubeide_1.6.1/stm32cubeide/plugins/com.st.stm32cube.ide.mcu.externaltools.gnu-tools-for-stm32.9-2020-q2-update.win32_1.5.0.202011040924/tools/bin/../lib/gcc/arm-none-eabi/9.3.1/thumb/v7-m/nofp/crti.o
 .bss           0x0000000000000000        0x0 e:/insted of c/stm32cubeide_1.6.1/stm32cubeide/plugins/com.st.stm32cube.ide.mcu.externaltools.gnu-tools-for-stm32.9-2020-q2-update.win32_1.5.0.202011040924/tools/bin/../lib/gcc/arm-none-eabi/9.3.1/thumb/v7-m/nofp/crti.o
 .data          0x0000000000000000        0x4 e:/insted of c/stm32cubeide_1.6.1/stm32cubeide/plugins/com.st.stm32cube.ide.mcu.externaltools.gnu-tools-for-stm32.9-2020-q2-update.win32_1.5.0.202011040924/tools/bin/../lib/gcc/arm-none-eabi/9.3.1/thumb/v7-m/nofp/crtbegin.o
 .text          0x0000000000000000       0x7c e:/insted of c/stm32cubeide_1.6.1/stm32cubeide/plugins/com.st.stm32cube.ide.mcu.externaltools.gnu-tools-for-stm32.9-2020-q2-update.win32_1.5.0.202011040924/tools/bin/../lib/gcc/arm-none-eabi/9.3.1/../../../../arm-none-eabi/lib/thumb/v7-m/nofp/crt0.o
 .data          0x0000000000000000        0x0 e:/insted of c/stm32cubeide_1.6.1/stm32cubeide/plugins/com.st.stm32cube.ide.mcu.externaltools.gnu-tools-for-stm32.9-2020-q2-update.win32_1.5.0.202011040924/tools/bin/../lib/gcc/arm-none-eabi/9.3.1/../../../../arm-none-eabi/lib/thumb/v7-m/nofp/crt0.o
 .bss           0x0000000000000000        0x0 e:/insted of c/stm32cubeide_1.6.1/stm32cubeide/plugins/com.st.stm32cube.ide.mcu.externaltools.gnu-tools-for-stm32.9-2020-q2-update.win32_1.5.0.202011040924/tools/bin/../lib/gcc/arm-none-eabi/9.3.1/../../../../arm-none-eabi/lib/thumb/v7-m/nofp/crt0.o
 .ARM.extab     0x0000000000000000        0x0 e:/insted of c/stm32cubeide_1.6.1/stm32cubeide/plugins/com.st.stm32cube.ide.mcu.externaltools.gnu-tools-for-stm32.9-2020-q2-update.win32_1.5.0.202011040924/tools/bin/../lib/gcc/arm-none-eabi/9.3.1/../../../../arm-none-eabi/lib/thumb/v7-m/nofp/crt0.o
 .ARM.exidx     0x0000000000000000       0x10 e:/insted of c/stm32cubeide_1.6.1/stm32cubeide/plugins/com.st.stm32cube.ide.mcu.externaltools.gnu-tools-for-stm32.9-2020-q2-update.win32_1.5.0.202011040924/tools/bin/../lib/gcc/arm-none-eabi/9.3.1/../../../../arm-none-eabi/lib/thumb/v7-m/nofp/crt0.o
 .ARM.attributes
                0x0000000000000000       0x1b e:/insted of c/stm32cubeide_1.6.1/stm32cubeide/plugins/com.st.stm32cube.ide.mcu.externaltools.gnu-tools-for-stm32.9-2020-q2-update.win32_1.5.0.202011040924/tools/bin/../lib/gcc/arm-none-eabi/9.3.1/../../../../arm-none-eabi/lib/thumb/v7-m/nofp/crt0.o
 .group         0x0000000000000000        0xc STM32f103c6_Drivers/Keypad/keypad.o
 .group         0x0000000000000000        0xc STM32f103c6_Drivers/Keypad/keypad.o
 .group         0x0000000000000000        0xc STM32f103c6_Drivers/Keypad/keypad.o
 .group         0x0000000000000000        0xc STM32f103c6_Drivers/Keypad/keypad.o
 .group         0x0000000000000000        0xc STM32f103c6_Drivers/Keypad/keypad.o
 .group         0x0000000000000000        0xc STM32f103c6_Drivers/Keypad/keypad.o
 .group         0x0000000000000000        0xc STM32f103c6_Drivers/Keypad/keypad.o
 .group         0x0000000000000000        0xc STM32f103c6_Drivers/Keypad/keypad.o
 .group         0x0000000000000000        0xc STM32f103c6_Drivers/Keypad/keypad.o
 .group         0x0000000000000000        0xc STM32f103c6_Drivers/Keypad/keypad.o
 .group         0x0000000000000000        0xc STM32f103c6_Drivers/Keypad/keypad.o
 .group         0x0000000000000000        0xc STM32f103c6_Drivers/Keypad/keypad.o
 .group         0x0000000000000000        0xc STM32f103c6_Drivers/Keypad/keypad.o
 .group         0x0000000000000000        0xc STM32f103c6_Drivers/Keypad/keypad.o
 .group         0x0000000000000000        0xc STM32f103c6_Drivers/Keypad/keypad.o
 .group         0x0000000000000000        0xc STM32f103c6_Drivers/Keypad/keypad.o
 .group         0x0000000000000000        0xc STM32f103c6_Drivers/Keypad/keypad.o
 .group         0x0000000000000000        0xc STM32f103c6_Drivers/Keypad/keypad.o
 .group         0x0000000000000000        0xc STM32f103c6_Drivers/Keypad/keypad.o
 .group         0x0000000000000000        0xc STM32f103c6_Drivers/Keypad/keypad.o
 .group         0x0000000000000000        0xc STM32f103c6_Drivers/Keypad/keypad.o
 .group         0x0000000000000000        0xc STM32f103c6_Drivers/Keypad/keypad.o
 .group         0x0000000000000000        0xc STM32f103c6_Drivers/Keypad/keypad.o
 .group         0x0000000000000000        0xc STM32f103c6_Drivers/Keypad/keypad.o
 .group         0x0000000000000000        0xc STM32f103c6_Drivers/Keypad/keypad.o
 .group         0x0000000000000000        0xc STM32f103c6_Drivers/Keypad/keypad.o
 .group         0x0000000000000000        0xc STM32f103c6_Drivers/Keypad/keypad.o
 .group         0x0000000000000000        0xc STM32f103c6_Drivers/Keypad/keypad.o
 .text          0x0000000000000000        0x0 STM32f103c6_Drivers/Keypad/keypad.o
 .data          0x0000000000000000        0x0 STM32f103c6_Drivers/Keypad/keypad.o
 .bss           0x0000000000000000        0x0 STM32f103c6_Drivers/Keypad/keypad.o
 .data.key_row  0x0000000000000000        0x4 STM32f103c6_Drivers/Keypad/keypad.o
 .data.key_column
                0x0000000000000000        0x8 STM32f103c6_Drivers/Keypad/keypad.o
 .text.Keypad_init
                0x0000000000000000       0xcc STM32f103c6_Drivers/Keypad/keypad.o
 .text.Keypad_getkey
                0x0000000000000000      0x184 STM32f103c6_Drivers/Keypad/keypad.o
 .debug_info    0x0000000000000000      0xbc7 STM32f103c6_Drivers/Keypad/keypad.o
 .debug_abbrev  0x0000000000000000      0x1ca STM32f103c6_Drivers/Keypad/keypad.o
 .debug_loc     0x0000000000000000       0x7c STM32f103c6_Drivers/Keypad/keypad.o
 .debug_aranges
                0x0000000000000000       0x28 STM32f103c6_Drivers/Keypad/keypad.o
 .debug_ranges  0x0000000000000000       0x18 STM32f103c6_Drivers/Keypad/keypad.o
 .debug_macro   0x0000000000000000      0x161 STM32f103c6_Drivers/Keypad/keypad.o
 .debug_macro   0x0000000000000000      0xaa2 STM32f103c6_Drivers/Keypad/keypad.o
 .debug_macro   0x0000000000000000       0x22 STM32f103c6_Drivers/Keypad/keypad.o
 .debug_macro   0x0000000000000000       0x8e STM32f103c6_Drivers/Keypad/keypad.o
 .debug_macro   0x0000000000000000       0x51 STM32f103c6_Drivers/Keypad/keypad.o
 .debug_macro   0x0000000000000000      0x103 STM32f103c6_Drivers/Keypad/keypad.o
 .debug_macro   0x0000000000000000       0x6a STM32f103c6_Drivers/Keypad/keypad.o
 .debug_macro   0x0000000000000000      0x1df STM32f103c6_Drivers/Keypad/keypad.o
 .debug_macro   0x0000000000000000       0x18 STM32f103c6_Drivers/Keypad/keypad.o
 .debug_macro   0x0000000000000000       0x52 STM32f103c6_Drivers/Keypad/keypad.o
 .debug_macro   0x0000000000000000       0x3c STM32f103c6_Drivers/Keypad/keypad.o
 .debug_macro   0x0000000000000000       0x34 STM32f103c6_Drivers/Keypad/keypad.o
 .debug_macro   0x0000000000000000       0x16 STM32f103c6_Drivers/Keypad/keypad.o
 .debug_macro   0x0000000000000000      0x10e STM32f103c6_Drivers/Keypad/keypad.o
 .debug_macro   0x0000000000000000       0x8d STM32f103c6_Drivers/Keypad/keypad.o
 .debug_macro   0x0000000000000000       0x16 STM32f103c6_Drivers/Keypad/keypad.o
 .debug_macro   0x0000000000000000       0x43 STM32f103c6_Drivers/Keypad/keypad.o
 .debug_macro   0x0000000000000000       0x34 STM32f103c6_Drivers/Keypad/keypad.o
 .debug_macro   0x0000000000000000       0x10 STM32f103c6_Drivers/Keypad/keypad.o
 .debug_macro   0x0000000000000000       0x58 STM32f103c6_Drivers/Keypad/keypad.o
 .debug_macro   0x0000000000000000       0x71 STM32f103c6_Drivers/Keypad/keypad.o
 .debug_macro   0x0000000000000000       0x1c STM32f103c6_Drivers/Keypad/keypad.o
 .debug_macro   0x0000000000000000      0x12a STM32f103c6_Drivers/Keypad/keypad.o
 .debug_macro   0x0000000000000000      0x339 STM32f103c6_Drivers/Keypad/keypad.o
 .debug_macro   0x0000000000000000       0x16 STM32f103c6_Drivers/Keypad/keypad.o
 .debug_macro   0x0000000000000000       0x29 STM32f103c6_Drivers/Keypad/keypad.o
 .debug_macro   0x0000000000000000       0xa5 STM32f103c6_Drivers/Keypad/keypad.o
 .debug_macro   0x0000000000000000       0xc4 STM32f103c6_Drivers/Keypad/keypad.o
 .debug_macro   0x0000000000000000       0x3a STM32f103c6_Drivers/Keypad/keypad.o
 .debug_line    0x0000000000000000      0x711 STM32f103c6_Drivers/Keypad/keypad.o
 .debug_str     0x0000000000000000     0x7aa1 STM32f103c6_Drivers/Keypad/keypad.o
 .comment       0x0000000000000000       0x54 STM32f103c6_Drivers/Keypad/keypad.o
 .debug_frame   0x0000000000000000       0x50 STM32f103c6_Drivers/Keypad/keypad.o
 .ARM.attributes
                0x0000000000000000       0x2d STM32f103c6_Drivers/Keypad/keypad.o
 COMMON         0x0000000000000000        0x4 STM32f103c6_Drivers/Keypad/keypad.o
 .group         0x0000000000000000        0xc STM32f103c6_Drivers/LCD/Lcd.o
 .group         0x0000000000000000        0xc STM32f103c6_Drivers/LCD/Lcd.o
 .group         0x0000000000000000        0xc STM32f103c6_Drivers/LCD/Lcd.o
 .group         0x0000000000000000        0xc STM32f103c6_Drivers/LCD/Lcd.o
 .group         0x0000000000000000        0xc STM32f103c6_Drivers/LCD/Lcd.o
 .group         0x0000000000000000        0xc STM32f103c6_Drivers/LCD/Lcd.o
 .group         0x0000000000000000        0xc STM32f103c6_Drivers/LCD/Lcd.o
 .group         0x0000000000000000        0xc STM32f103c6_Drivers/LCD/Lcd.o
 .group         0x0000000000000000        0xc STM32f103c6_Drivers/LCD/Lcd.o
 .group         0x0000000000000000        0xc STM32f103c6_Drivers/LCD/Lcd.o
 .group         0x0000000000000000        0xc STM32f103c6_Drivers/LCD/Lcd.o
 .group         0x0000000000000000        0xc STM32f103c6_Drivers/LCD/Lcd.o
 .group         0x0000000000000000        0xc STM32f103c6_Drivers/LCD/Lcd.o
 .group         0x0000000000000000        0xc STM32f103c6_Drivers/LCD/Lcd.o
 .group         0x0000000000000000        0xc STM32f103c6_Drivers/LCD/Lcd.o
 .group         0x0000000000000000        0xc STM32f103c6_Drivers/LCD/Lcd.o
 .group         0x0000000000000000        0xc STM32f103c6_Drivers/LCD/Lcd.o
 .group         0x0000000000000000        0xc STM32f103c6_Drivers/LCD/Lcd.o
 .group         0x0000000000000000        0xc STM32f103c6_Drivers/LCD/Lcd.o
 .group         0x0000000000000000        0xc STM32f103c6_Drivers/LCD/Lcd.o
 .group         0x0000000000000000        0xc STM32f103c6_Drivers/LCD/Lcd.o
 .group         0x0000000000000000        0xc STM32f103c6_Drivers/LCD/Lcd.o
 .group         0x0000000000000000        0xc STM32f103c6_Drivers/LCD/Lcd.o
 .group         0x0000000000000000        0xc STM32f103c6_Drivers/LCD/Lcd.o
 .group         0x0000000000000000        0xc STM32f103c6_Drivers/LCD/Lcd.o
 .group         0x0000000000000000        0xc STM32f103c6_Drivers/LCD/Lcd.o
 .group         0x0000000000000000        0xc STM32f103c6_Drivers/LCD/Lcd.o
 .group         0x0000000000000000        0xc STM32f103c6_Drivers/LCD/Lcd.o
 .text          0x0000000000000000        0x0 STM32f103c6_Drivers/LCD/Lcd.o
 .data          0x0000000000000000        0x0 STM32f103c6_Drivers/LCD/Lcd.o
 .bss           0x0000000000000000        0x0 STM32f103c6_Drivers/LCD/Lcd.o
 .text.delay_ms
                0x0000000000000000       0x3a STM32f103c6_Drivers/LCD/Lcd.o
 .text.LCD_clear_screen
                0x0000000000000000        0xe STM32f103c6_Drivers/LCD/Lcd.o
 .text.LCD_lcd_kick
                0x0000000000000000       0x2c STM32f103c6_Drivers/LCD/Lcd.o
 .text.LCD_GOTO_XY
                0x0000000000000000       0x48 STM32f103c6_Drivers/LCD/Lcd.o
 .text.LCD_INIT
                0x0000000000000000      0x188 STM32f103c6_Drivers/LCD/Lcd.o
 .text.LCD_check_lcd_isbusy
                0x0000000000000000      0x178 STM32f103c6_Drivers/LCD/Lcd.o
 .text.LCD_WRITE_COMMAND
                0x0000000000000000       0x48 STM32f103c6_Drivers/LCD/Lcd.o
 .text.LCD_WRITE_CHAR
                0x0000000000000000       0x44 STM32f103c6_Drivers/LCD/Lcd.o
 .text.LCD_WRITE_STRING
                0x0000000000000000       0x5a STM32f103c6_Drivers/LCD/Lcd.o
 .debug_info    0x0000000000000000      0xc9c STM32f103c6_Drivers/LCD/Lcd.o
 .debug_abbrev  0x0000000000000000      0x24d STM32f103c6_Drivers/LCD/Lcd.o
 .debug_loc     0x0000000000000000      0x24c STM32f103c6_Drivers/LCD/Lcd.o
 .debug_aranges
                0x0000000000000000       0x60 STM32f103c6_Drivers/LCD/Lcd.o
 .debug_ranges  0x0000000000000000       0x50 STM32f103c6_Drivers/LCD/Lcd.o
 .debug_macro   0x0000000000000000      0x161 STM32f103c6_Drivers/LCD/Lcd.o
 .debug_macro   0x0000000000000000      0xaa2 STM32f103c6_Drivers/LCD/Lcd.o
 .debug_macro   0x0000000000000000       0x22 STM32f103c6_Drivers/LCD/Lcd.o
 .debug_macro   0x0000000000000000       0x8e STM32f103c6_Drivers/LCD/Lcd.o
 .debug_macro   0x0000000000000000       0x51 STM32f103c6_Drivers/LCD/Lcd.o
 .debug_macro   0x0000000000000000      0x103 STM32f103c6_Drivers/LCD/Lcd.o
 .debug_macro   0x0000000000000000       0x6a STM32f103c6_Drivers/LCD/Lcd.o
 .debug_macro   0x0000000000000000      0x1df STM32f103c6_Drivers/LCD/Lcd.o
 .debug_macro   0x0000000000000000       0x18 STM32f103c6_Drivers/LCD/Lcd.o
 .debug_macro   0x0000000000000000       0x52 STM32f103c6_Drivers/LCD/Lcd.o
 .debug_macro   0x0000000000000000       0x3c STM32f103c6_Drivers/LCD/Lcd.o
 .debug_macro   0x0000000000000000       0x34 STM32f103c6_Drivers/LCD/Lcd.o
 .debug_macro   0x0000000000000000       0x16 STM32f103c6_Drivers/LCD/Lcd.o
 .debug_macro   0x0000000000000000      0x10e STM32f103c6_Drivers/LCD/Lcd.o
 .debug_macro   0x0000000000000000       0x8d STM32f103c6_Drivers/LCD/Lcd.o
 .debug_macro   0x0000000000000000       0x16 STM32f103c6_Drivers/LCD/Lcd.o
 .debug_macro   0x0000000000000000       0x43 STM32f103c6_Drivers/LCD/Lcd.o
 .debug_macro   0x0000000000000000       0x34 STM32f103c6_Drivers/LCD/Lcd.o
 .debug_macro   0x0000000000000000       0x10 STM32f103c6_Drivers/LCD/Lcd.o
 .debug_macro   0x0000000000000000       0x58 STM32f103c6_Drivers/LCD/Lcd.o
 .debug_macro   0x0000000000000000       0x71 STM32f103c6_Drivers/LCD/Lcd.o
 .debug_macro   0x0000000000000000       0x1c STM32f103c6_Drivers/LCD/Lcd.o
 .debug_macro   0x0000000000000000      0x12a STM32f103c6_Drivers/LCD/Lcd.o
 .debug_macro   0x0000000000000000      0x339 STM32f103c6_Drivers/LCD/Lcd.o
 .debug_macro   0x0000000000000000       0x16 STM32f103c6_Drivers/LCD/Lcd.o
 .debug_macro   0x0000000000000000       0x29 STM32f103c6_Drivers/LCD/Lcd.o
 .debug_macro   0x0000000000000000       0xa5 STM32f103c6_Drivers/LCD/Lcd.o
 .debug_macro   0x0000000000000000       0xc4 STM32f103c6_Drivers/LCD/Lcd.o
 .debug_macro   0x0000000000000000       0xa6 STM32f103c6_Drivers/LCD/Lcd.o
 .debug_line    0x0000000000000000      0x7e4 STM32f103c6_Drivers/LCD/Lcd.o
 .debug_str     0x0000000000000000     0x7d35 STM32f103c6_Drivers/LCD/Lcd.o
 .comment       0x0000000000000000       0x54 STM32f103c6_Drivers/LCD/Lcd.o
 .debug_frame   0x0000000000000000      0x138 STM32f103c6_Drivers/LCD/Lcd.o
 .ARM.attributes
                0x0000000000000000       0x2d STM32f103c6_Drivers/LCD/Lcd.o
 COMMON         0x0000000000000000        0x4 STM32f103c6_Drivers/LCD/Lcd.o
 .group         0x0000000000000000        0xc STM32f103c6_Drivers/STM32F103x8_gpio_driver.o
 .group         0x0000000000000000        0xc STM32f103c6_Drivers/STM32F103x8_gpio_driver.o
 .group         0x0000000000000000        0xc STM32f103c6_Drivers/STM32F103x8_gpio_driver.o
 .group         0x0000000000000000        0xc STM32f103c6_Drivers/STM32F103x8_gpio_driver.o
 .group         0x0000000000000000        0xc STM32f103c6_Drivers/STM32F103x8_gpio_driver.o
 .group         0x0000000000000000        0xc STM32f103c6_Drivers/STM32F103x8_gpio_driver.o
 .group         0x0000000000000000        0xc STM32f103c6_Drivers/STM32F103x8_gpio_driver.o
 .group         0x0000000000000000        0xc STM32f103c6_Drivers/STM32F103x8_gpio_driver.o
 .group         0x0000000000000000        0xc STM32f103c6_Drivers/STM32F103x8_gpio_driver.o
 .group         0x0000000000000000        0xc STM32f103c6_Drivers/STM32F103x8_gpio_driver.o
 .group         0x0000000000000000        0xc STM32f103c6_Drivers/STM32F103x8_gpio_driver.o
 .group         0x0000000000000000        0xc STM32f103c6_Drivers/STM32F103x8_gpio_driver.o
 .group         0x0000000000000000        0xc STM32f103c6_Drivers/STM32F103x8_gpio_driver.o
 .group         0x0000000000000000        0xc STM32f103c6_Drivers/STM32F103x8_gpio_driver.o
 .group         0x0000000000000000        0xc STM32f103c6_Drivers/STM32F103x8_gpio_driver.o
 .group         0x0000000000000000        0xc STM32f103c6_Drivers/STM32F103x8_gpio_driver.o
 .group         0x0000000000000000        0xc STM32f103c6_Drivers/STM32F103x8_gpio_driver.o
 .group         0x0000000000000000        0xc STM32f103c6_Drivers/STM32F103x8_gpio_driver.o
 .group         0x0000000000000000        0xc STM32f103c6_Drivers/STM32F103x8_gpio_driver.o
 .group         0x0000000000000000        0xc STM32f103c6_Drivers/STM32F103x8_gpio_driver.o
 .group         0x0000000000000000        0xc STM32f103c6_Drivers/STM32F103x8_gpio_driver.o
 .group         0x0000000000000000        0xc STM32f103c6_Drivers/STM32F103x8_gpio_driver.o
 .group         0x0000000000000000        0xc STM32f103c6_Drivers/STM32F103x8_gpio_driver.o
 .group         0x0000000000000000        0xc STM32f103c6_Drivers/STM32F103x8_gpio_driver.o
 .group         0x0000000000000000        0xc STM32f103c6_Drivers/STM32F103x8_gpio_driver.o
 .group         0x0000000000000000        0xc STM32f103c6_Drivers/STM32F103x8_gpio_driver.o
 .group         0x0000000000000000        0xc STM32f103c6_Drivers/STM32F103x8_gpio_driver.o
 .text          0x0000000000000000        0x0 STM32f103c6_Drivers/STM32F103x8_gpio_driver.o
 .data          0x0000000000000000        0x0 STM32f103c6_Drivers/STM32F103x8_gpio_driver.o
 .bss           0x0000000000000000        0x0 STM32f103c6_Drivers/STM32F103x8_gpio_driver.o
 .text.MCAL_GPIO_Deinit
                0x0000000000000000       0xa8 STM32f103c6_Drivers/STM32F103x8_gpio_driver.o
 .text.MCAL_GPIO_WritePort
                0x0000000000000000       0x1c STM32f103c6_Drivers/STM32F103x8_gpio_driver.o
 .text.MCAL_GPIO_WritePin
                0x0000000000000000       0x2e STM32f103c6_Drivers/STM32F103x8_gpio_driver.o
 .text.MCAL_GPIO_ReadPort
                0x0000000000000000       0x18 STM32f103c6_Drivers/STM32F103x8_gpio_driver.o
 .text.MCAL_GPIO_LockPin
                0x0000000000000000       0x64 STM32f103c6_Drivers/STM32F103x8_gpio_driver.o
 .debug_macro   0x0000000000000000      0xaa2 STM32f103c6_Drivers/STM32F103x8_gpio_driver.o
 .debug_macro   0x0000000000000000       0x22 STM32f103c6_Drivers/STM32F103x8_gpio_driver.o
 .debug_macro   0x0000000000000000       0x8e STM32f103c6_Drivers/STM32F103x8_gpio_driver.o
 .debug_macro   0x0000000000000000       0x51 STM32f103c6_Drivers/STM32F103x8_gpio_driver.o
 .debug_macro   0x0000000000000000      0x103 STM32f103c6_Drivers/STM32F103x8_gpio_driver.o
 .debug_macro   0x0000000000000000       0x6a STM32f103c6_Drivers/STM32F103x8_gpio_driver.o
 .debug_macro   0x0000000000000000      0x1df STM32f103c6_Drivers/STM32F103x8_gpio_driver.o
 .debug_macro   0x0000000000000000       0x18 STM32f103c6_Drivers/STM32F103x8_gpio_driver.o
 .debug_macro   0x0000000000000000       0x52 STM32f103c6_Drivers/STM32F103x8_gpio_driver.o
 .debug_macro   0x0000000000000000       0x3c STM32f103c6_Drivers/STM32F103x8_gpio_driver.o
 .debug_macro   0x0000000000000000       0x34 STM32f103c6_Drivers/STM32F103x8_gpio_driver.o
 .debug_macro   0x0000000000000000       0x16 STM32f103c6_Drivers/STM32F103x8_gpio_driver.o
 .debug_macro   0x0000000000000000      0x10e STM32f103c6_Drivers/STM32F103x8_gpio_driver.o
 .debug_macro   0x0000000000000000       0x8d STM32f103c6_Drivers/STM32F103x8_gpio_driver.o
 .debug_macro   0x0000000000000000       0x16 STM32f103c6_Drivers/STM32F103x8_gpio_driver.o
 .debug_macro   0x0000000000000000       0x43 STM32f103c6_Drivers/STM32F103x8_gpio_driver.o
 .debug_macro   0x0000000000000000       0x34 STM32f103c6_Drivers/STM32F103x8_gpio_driver.o
 .debug_macro   0x0000000000000000       0x10 STM32f103c6_Drivers/STM32F103x8_gpio_driver.o
 .debug_macro   0x0000000000000000       0x58 STM32f103c6_Drivers/STM32F103x8_gpio_driver.o
 .debug_macro   0x0000000000000000       0x71 STM32f103c6_Drivers/STM32F103x8_gpio_driver.o
 .debug_macro   0x0000000000000000       0x1c STM32f103c6_Drivers/STM32F103x8_gpio_driver.o
 .debug_macro   0x0000000000000000      0x12a STM32f103c6_Drivers/STM32F103x8_gpio_driver.o
 .debug_macro   0x0000000000000000      0x339 STM32f103c6_Drivers/STM32F103x8_gpio_driver.o
 .debug_macro   0x0000000000000000       0x16 STM32f103c6_Drivers/STM32F103x8_gpio_driver.o
 .debug_macro   0x0000000000000000       0x29 STM32f103c6_Drivers/STM32F103x8_gpio_driver.o
 .debug_macro   0x0000000000000000       0xa5 STM32f103c6_Drivers/STM32F103x8_gpio_driver.o
 .debug_macro   0x0000000000000000       0xc4 STM32f103c6_Drivers/STM32F103x8_gpio_driver.o
 .group         0x0000000000000000        0xc Src/main.o
 .group         0x0000000000000000        0xc Src/main.o
 .group         0x0000000000000000        0xc Src/main.o
 .group         0x0000000000000000        0xc Src/main.o
 .group         0x0000000000000000        0xc Src/main.o
 .group         0x0000000000000000        0xc Src/main.o
 .group         0x0000000000000000        0xc Src/main.o
 .group         0x0000000000000000        0xc Src/main.o
 .group         0x0000000000000000        0xc Src/main.o
 .group         0x0000000000000000        0xc Src/main.o
 .group         0x0000000000000000        0xc Src/main.o
 .group         0x0000000000000000        0xc Src/main.o
 .group         0x0000000000000000        0xc Src/main.o
 .group         0x0000000000000000        0xc Src/main.o
 .group         0x0000000000000000        0xc Src/main.o
 .group         0x0000000000000000        0xc Src/main.o
 .group         0x0000000000000000        0xc Src/main.o
 .group         0x0000000000000000        0xc Src/main.o
 .group         0x0000000000000000        0xc Src/main.o
 .group         0x0000000000000000        0xc Src/main.o
 .group         0x0000000000000000        0xc Src/main.o
 .group         0x0000000000000000        0xc Src/main.o
 .group         0x0000000000000000        0xc Src/main.o
 .group         0x0000000000000000        0xc Src/main.o
 .group         0x0000000000000000        0xc Src/main.o
 .group         0x0000000000000000        0xc Src/main.o
 .group         0x0000000000000000        0xc Src/main.o
 .text          0x0000000000000000        0x0 Src/main.o
 .data          0x0000000000000000        0x0 Src/main.o
 .bss           0x0000000000000000        0x0 Src/main.o
 .debug_macro   0x0000000000000000      0xaa2 Src/main.o
 .debug_macro   0x0000000000000000       0x22 Src/main.o
 .debug_macro   0x0000000000000000       0x8e Src/main.o
 .debug_macro   0x0000000000000000       0x51 Src/main.o
 .debug_macro   0x0000000000000000      0x103 Src/main.o
 .debug_macro   0x0000000000000000       0x6a Src/main.o
 .debug_macro   0x0000000000000000      0x1df Src/main.o
 .debug_macro   0x0000000000000000       0x18 Src/main.o
 .debug_macro   0x0000000000000000       0x52 Src/main.o
 .debug_macro   0x0000000000000000       0x3c Src/main.o
 .debug_macro   0x0000000000000000       0x34 Src/main.o
 .debug_macro   0x0000000000000000       0x16 Src/main.o
 .debug_macro   0x0000000000000000      0x10e Src/main.o
 .debug_macro   0x0000000000000000       0x8d Src/main.o
 .debug_macro   0x0000000000000000       0x16 Src/main.o
 .debug_macro   0x0000000000000000       0x43 Src/main.o
 .debug_macro   0x0000000000000000       0x34 Src/main.o
 .debug_macro   0x0000000000000000       0x10 Src/main.o
 .debug_macro   0x0000000000000000       0x58 Src/main.o
 .debug_macro   0x0000000000000000       0x71 Src/main.o
 .debug_macro   0x0000000000000000       0x1c Src/main.o
 .debug_macro   0x0000000000000000      0x12a Src/main.o
 .debug_macro   0x0000000000000000      0x339 Src/main.o
 .debug_macro   0x0000000000000000       0x16 Src/main.o
 .debug_macro   0x0000000000000000       0x29 Src/main.o
 .debug_macro   0x0000000000000000       0xa5 Src/main.o
 .debug_macro   0x0000000000000000       0xc4 Src/main.o
 .group         0x0000000000000000        0xc Src/syscalls.o
 .group         0x0000000000000000        0xc Src/syscalls.o
 .group         0x0000000000000000        0xc Src/syscalls.o
 .group         0x0000000000000000        0xc Src/syscalls.o
 .group         0x0000000000000000        0xc Src/syscalls.o
 .group         0x0000000000000000        0xc Src/syscalls.o
 .group         0x0000000000000000        0xc Src/syscalls.o
 .group         0x0000000000000000        0xc Src/syscalls.o
 .group         0x0000000000000000        0xc Src/syscalls.o
 .group         0x0000000000000000        0xc Src/syscalls.o
 .group         0x0000000000000000        0xc Src/syscalls.o
 .group         0x0000000000000000        0xc Src/syscalls.o
 .group         0x0000000000000000        0xc Src/syscalls.o
 .group         0x0000000000000000        0xc Src/syscalls.o
 .group         0x0000000000000000        0xc Src/syscalls.o
 .group         0x0000000000000000        0xc Src/syscalls.o
 .group         0x0000000000000000        0xc Src/syscalls.o
 .group         0x0000000000000000        0xc Src/syscalls.o
 .group         0x0000000000000000        0xc Src/syscalls.o
 .group         0x0000000000000000        0xc Src/syscalls.o
 .group         0x0000000000000000        0xc Src/syscalls.o
 .group         0x0000000000000000        0xc Src/syscalls.o
 .group         0x0000000000000000        0xc Src/syscalls.o
 .group         0x0000000000000000        0xc Src/syscalls.o
 .group         0x0000000000000000        0xc Src/syscalls.o
 .group         0x0000000000000000        0xc Src/syscalls.o
 .group         0x0000000000000000        0xc Src/syscalls.o
 .group         0x0000000000000000        0xc Src/syscalls.o
 .group         0x0000000000000000        0xc Src/syscalls.o
 .group         0x0000000000000000        0xc Src/syscalls.o
 .group         0x0000000000000000        0xc Src/syscalls.o
 .group         0x0000000000000000        0xc Src/syscalls.o
 .group         0x0000000000000000        0xc Src/syscalls.o
 .group         0x0000000000000000        0xc Src/syscalls.o
 .group         0x0000000000000000        0xc Src/syscalls.o
 .group         0x0000000000000000        0xc Src/syscalls.o
 .group         0x0000000000000000        0xc Src/syscalls.o
 .group         0x0000000000000000        0xc Src/syscalls.o
 .group         0x0000000000000000        0xc Src/syscalls.o
 .group         0x0000000000000000        0xc Src/syscalls.o
 .group         0x0000000000000000        0xc Src/syscalls.o
 .group         0x0000000000000000        0xc Src/syscalls.o
 .group         0x0000000000000000        0xc Src/syscalls.o
 .group         0x0000000000000000        0xc Src/syscalls.o
 .group         0x0000000000000000        0xc Src/syscalls.o
 .group         0x0000000000000000        0xc Src/syscalls.o
 .group         0x0000000000000000        0xc Src/syscalls.o
 .text          0x0000000000000000        0x0 Src/syscalls.o
 .data          0x0000000000000000        0x0 Src/syscalls.o
 .bss           0x0000000000000000        0x0 Src/syscalls.o
 .bss.__env     0x0000000000000000        0x4 Src/syscalls.o
 .data.environ  0x0000000000000000        0x4 Src/syscalls.o
 .text.initialise_monitor_handles
                0x0000000000000000        0xc Src/syscalls.o
 .text._getpid  0x0000000000000000        0xe Src/syscalls.o
 .text._kill    0x0000000000000000       0x20 Src/syscalls.o
 .text._exit    0x0000000000000000       0x14 Src/syscalls.o
 .text._read    0x0000000000000000       0x3a Src/syscalls.o
 .text._write   0x0000000000000000       0x38 Src/syscalls.o
 .text._close   0x0000000000000000       0x16 Src/syscalls.o
 .text._fstat   0x0000000000000000       0x1e Src/syscalls.o
 .text._isatty  0x0000000000000000       0x14 Src/syscalls.o
 .text._lseek   0x0000000000000000       0x18 Src/syscalls.o
 .text._open    0x0000000000000000       0x1a Src/syscalls.o
 .text._wait    0x0000000000000000       0x1e Src/syscalls.o
 .text._unlink  0x0000000000000000       0x1e Src/syscalls.o
 .text._times   0x0000000000000000       0x16 Src/syscalls.o
 .text._stat    0x0000000000000000       0x1e Src/syscalls.o
 .text._link    0x0000000000000000       0x20 Src/syscalls.o
 .text._fork    0x0000000000000000       0x16 Src/syscalls.o
 .text._execve  0x0000000000000000       0x22 Src/syscalls.o
 .debug_info    0x0000000000000000     0x1121 Src/syscalls.o
 .debug_abbrev  0x0000000000000000      0x277 Src/syscalls.o
 .debug_loc     0x0000000000000000      0x5b8 Src/syscalls.o
 .debug_aranges
                0x0000000000000000       0xa8 Src/syscalls.o
 .debug_ranges  0x0000000000000000       0x98 Src/syscalls.o
 .debug_macro   0x0000000000000000      0x24c Src/syscalls.o
 .debug_macro   0x0000000000000000      0xaa2 Src/syscalls.o
 .debug_macro   0x0000000000000000       0x22 Src/syscalls.o
 .debug_macro   0x0000000000000000       0x4c Src/syscalls.o
 .debug_macro   0x0000000000000000       0x18 Src/syscalls.o
 .debug_macro   0x0000000000000000       0x94 Src/syscalls.o
 .debug_macro   0x0000000000000000       0x3c Src/syscalls.o
 .debug_macro   0x0000000000000000       0x34 Src/syscalls.o
 .debug_macro   0x0000000000000000       0x57 Src/syscalls.o
 .debug_macro   0x0000000000000000      0x174 Src/syscalls.o
 .debug_macro   0x0000000000000000      0x339 Src/syscalls.o
 .debug_macro   0x0000000000000000       0x16 Src/syscalls.o
 .debug_macro   0x0000000000000000       0x43 Src/syscalls.o
 .debug_macro   0x0000000000000000       0x34 Src/syscalls.o
 .debug_macro   0x0000000000000000       0x10 Src/syscalls.o
 .debug_macro   0x0000000000000000       0x58 Src/syscalls.o
 .debug_macro   0x0000000000000000       0x71 Src/syscalls.o
 .debug_macro   0x0000000000000000       0x1c Src/syscalls.o
 .debug_macro   0x0000000000000000      0x12a Src/syscalls.o
 .debug_macro   0x0000000000000000       0x10 Src/syscalls.o
 .debug_macro   0x0000000000000000       0x35 Src/syscalls.o
 .debug_macro   0x0000000000000000       0x10 Src/syscalls.o
 .debug_macro   0x0000000000000000       0x10 Src/syscalls.o
 .debug_macro   0x0000000000000000       0x10 Src/syscalls.o
 .debug_macro   0x0000000000000000       0x6a Src/syscalls.o
 .debug_macro   0x0000000000000000       0x1c Src/syscalls.o
 .debug_macro   0x0000000000000000       0x52 Src/syscalls.o
 .debug_macro   0x0000000000000000       0x22 Src/syscalls.o
 .debug_macro   0x0000000000000000       0x10 Src/syscalls.o
 .debug_macro   0x0000000000000000       0x40 Src/syscalls.o
 .debug_macro   0x0000000000000000       0xd5 Src/syscalls.o
 .debug_macro   0x0000000000000000       0x1c Src/syscalls.o
 .debug_macro   0x0000000000000000       0x3d Src/syscalls.o
 .debug_macro   0x0000000000000000       0x35 Src/syscalls.o
 .debug_macro   0x0000000000000000      0x12c Src/syscalls.o
 .debug_macro   0x0000000000000000       0x16 Src/syscalls.o
 .debug_macro   0x0000000000000000       0x16 Src/syscalls.o
 .debug_macro   0x0000000000000000       0x29 Src/syscalls.o
 .debug_macro   0x0000000000000000       0x10 Src/syscalls.o
 .debug_macro   0x0000000000000000      0x241 Src/syscalls.o
 .debug_macro   0x0000000000000000       0x1c Src/syscalls.o
 .debug_macro   0x0000000000000000       0x10 Src/syscalls.o
 .debug_macro   0x0000000000000000       0x10 Src/syscalls.o
 .debug_macro   0x0000000000000000       0x16 Src/syscalls.o
 .debug_macro   0x0000000000000000      0x145 Src/syscalls.o
 .debug_macro   0x0000000000000000      0x189 Src/syscalls.o
 .debug_macro   0x0000000000000000       0x16 Src/syscalls.o
 .debug_macro   0x0000000000000000       0xce Src/syscalls.o
 .debug_line    0x0000000000000000      0x82a Src/syscalls.o
 .debug_str     0x0000000000000000     0x8e88 Src/syscalls.o
 .comment       0x0000000000000000       0x54 Src/syscalls.o
 .debug_frame   0x0000000000000000      0x2ac Src/syscalls.o
 .ARM.attributes
                0x0000000000000000       0x2d Src/syscalls.o
 .group         0x0000000000000000        0xc Src/sysmem.o
 .group         0x0000000000000000        0xc Src/sysmem.o
 .group         0x0000000000000000        0xc Src/sysmem.o
 .group         0x0000000000000000        0xc Src/sysmem.o
 .group         0x0000000000000000        0xc Src/sysmem.o
 .group         0x0000000000000000        0xc Src/sysmem.o
 .group         0x0000000000000000        0xc Src/sysmem.o
 .group         0x0000000000000000        0xc Src/sysmem.o
 .group         0x0000000000000000        0xc Src/sysmem.o
 .group         0x0000000000000000        0xc Src/sysmem.o
 .group         0x0000000000000000        0xc Src/sysmem.o
 .group         0x0000000000000000        0xc Src/sysmem.o
 .group         0x0000000000000000        0xc Src/sysmem.o
 .group         0x0000000000000000        0xc Src/sysmem.o
 .group         0x0000000000000000        0xc Src/sysmem.o
 .group         0x0000000000000000        0xc Src/sysmem.o
 .group         0x0000000000000000        0xc Src/sysmem.o
 .group         0x0000000000000000        0xc Src/sysmem.o
 .group         0x0000000000000000        0xc Src/sysmem.o
 .group         0x0000000000000000        0xc Src/sysmem.o
 .group         0x0000000000000000        0xc Src/sysmem.o
 .group         0x0000000000000000        0xc Src/sysmem.o
 .text          0x0000000000000000        0x0 Src/sysmem.o
 .data          0x0000000000000000        0x0 Src/sysmem.o
 .bss           0x0000000000000000        0x0 Src/sysmem.o
 .bss.__sbrk_heap_end
                0x0000000000000000        0x4 Src/sysmem.o
 .text._sbrk    0x0000000000000000       0x6c Src/sysmem.o
 .debug_info    0x0000000000000000      0xb1d Src/sysmem.o
 .debug_abbrev  0x0000000000000000      0x1b0 Src/sysmem.o
 .debug_loc     0x0000000000000000       0x50 Src/sysmem.o
 .debug_aranges
                0x0000000000000000       0x20 Src/sysmem.o
 .debug_ranges  0x0000000000000000       0x10 Src/sysmem.o
 .debug_macro   0x0000000000000000       0xff Src/sysmem.o
 .debug_macro   0x0000000000000000      0xaa2 Src/sysmem.o
 .debug_macro   0x0000000000000000       0x10 Src/sysmem.o
 .debug_macro   0x0000000000000000       0x22 Src/sysmem.o
 .debug_macro   0x0000000000000000       0x4c Src/sysmem.o
 .debug_macro   0x0000000000000000       0x18 Src/sysmem.o
 .debug_macro   0x0000000000000000       0x94 Src/sysmem.o
 .debug_macro   0x0000000000000000       0x3c Src/sysmem.o
 .debug_macro   0x0000000000000000       0x34 Src/sysmem.o
 .debug_macro   0x0000000000000000      0x174 Src/sysmem.o
 .debug_macro   0x0000000000000000       0x16 Src/sysmem.o
 .debug_macro   0x0000000000000000       0x43 Src/sysmem.o
 .debug_macro   0x0000000000000000       0x57 Src/sysmem.o
 .debug_macro   0x0000000000000000       0x34 Src/sysmem.o
 .debug_macro   0x0000000000000000       0x10 Src/sysmem.o
 .debug_macro   0x0000000000000000       0x58 Src/sysmem.o
 .debug_macro   0x0000000000000000       0x71 Src/sysmem.o
 .debug_macro   0x0000000000000000       0x1c Src/sysmem.o
 .debug_macro   0x0000000000000000      0x12a Src/sysmem.o
 .debug_macro   0x0000000000000000      0x23b Src/sysmem.o
 .debug_macro   0x0000000000000000      0x103 Src/sysmem.o
 .debug_macro   0x0000000000000000       0x6a Src/sysmem.o
 .debug_macro   0x0000000000000000      0x1df Src/sysmem.o
 .debug_line    0x0000000000000000      0x520 Src/sysmem.o
 .debug_str     0x0000000000000000     0x625b Src/sysmem.o
 .comment       0x0000000000000000       0x54 Src/sysmem.o
 .debug_frame   0x0000000000000000       0x34 Src/sysmem.o
 .ARM.attributes
                0x0000000000000000       0x2d Src/sysmem.o
 .text          0x0000000000000000       0x14 Startup/startup_stm32f103c6tx.o
 .data          0x0000000000000000        0x0 Startup/startup_stm32f103c6tx.o
 .bss           0x0000000000000000        0x0 Startup/startup_stm32f103c6tx.o
 .text          0x0000000000000000        0x0 e:/insted of c/stm32cubeide_1.6.1/stm32cubeide/plugins/com.st.stm32cube.ide.mcu.externaltools.gnu-tools-for-stm32.9-2020-q2-update.win32_1.5.0.202011040924/tools/bin/../lib/gcc/arm-none-eabi/9.3.1/../../../../arm-none-eabi/lib/thumb/v7-m/nofp\libc_nano.a(lib_a-errno.o)
 .data          0x0000000000000000        0x0 e:/insted of c/stm32cubeide_1.6.1/stm32cubeide/plugins/com.st.stm32cube.ide.mcu.externaltools.gnu-tools-for-stm32.9-2020-q2-update.win32_1.5.0.202011040924/tools/bin/../lib/gcc/arm-none-eabi/9.3.1/../../../../arm-none-eabi/lib/thumb/v7-m/nofp\libc_nano.a(lib_a-errno.o)
 .bss           0x0000000000000000        0x0 e:/insted of c/stm32cubeide_1.6.1/stm32cubeide/plugins/com.st.stm32cube.ide.mcu.externaltools.gnu-tools-for-stm32.9-2020-q2-update.win32_1.5.0.202011040924/tools/bin/../lib/gcc/arm-none-eabi/9.3.1/../../../../arm-none-eabi/lib/thumb/v7-m/nofp\libc_nano.a(lib_a-errno.o)
 .text.__errno  0x0000000000000000        0xc e:/insted of c/stm32cubeide_1.6.1/stm32cubeide/plugins/com.st.stm32cube.ide.mcu.externaltools.gnu-tools-for-stm32.9-2020-q2-update.win32_1.5.0.202011040924/tools/bin/../lib/gcc/arm-none-eabi/9.3.1/../../../../arm-none-eabi/lib/thumb/v7-m/nofp\libc_nano.a(lib_a-errno.o)
 .debug_frame   0x0000000000000000       0x20 e:/insted of c/stm32cubeide_1.6.1/stm32cubeide/plugins/com.st.stm32cube.ide.mcu.externaltools.gnu-tools-for-stm32.9-2020-q2-update.win32_1.5.0.202011040924/tools/bin/../lib/gcc/arm-none-eabi/9.3.1/../../../../arm-none-eabi/lib/thumb/v7-m/nofp\libc_nano.a(lib_a-errno.o)
 .ARM.attributes
                0x0000000000000000       0x2d e:/insted of c/stm32cubeide_1.6.1/stm32cubeide/plugins/com.st.stm32cube.ide.mcu.externaltools.gnu-tools-for-stm32.9-2020-q2-update.win32_1.5.0.202011040924/tools/bin/../lib/gcc/arm-none-eabi/9.3.1/../../../../arm-none-eabi/lib/thumb/v7-m/nofp\libc_nano.a(lib_a-errno.o)
 .text          0x0000000000000000        0x0 e:/insted of c/stm32cubeide_1.6.1/stm32cubeide/plugins/com.st.stm32cube.ide.mcu.externaltools.gnu-tools-for-stm32.9-2020-q2-update.win32_1.5.0.202011040924/tools/bin/../lib/gcc/arm-none-eabi/9.3.1/../../../../arm-none-eabi/lib/thumb/v7-m/nofp\libc_nano.a(lib_a-exit.o)
 .data          0x0000000000000000        0x0 e:/insted of c/stm32cubeide_1.6.1/stm32cubeide/plugins/com.st.stm32cube.ide.mcu.externaltools.gnu-tools-for-stm32.9-2020-q2-update.win32_1.5.0.202011040924/tools/bin/../lib/gcc/arm-none-eabi/9.3.1/../../../../arm-none-eabi/lib/thumb/v7-m/nofp\libc_nano.a(lib_a-exit.o)
 .bss           0x0000000000000000        0x0 e:/insted of c/stm32cubeide_1.6.1/stm32cubeide/plugins/com.st.stm32cube.ide.mcu.externaltools.gnu-tools-for-stm32.9-2020-q2-update.win32_1.5.0.202011040924/tools/bin/../lib/gcc/arm-none-eabi/9.3.1/../../../../arm-none-eabi/lib/thumb/v7-m/nofp\libc_nano.a(lib_a-exit.o)
 .text.exit     0x0000000000000000       0x28 e:/insted of c/stm32cubeide_1.6.1/stm32cubeide/plugins/com.st.stm32cube.ide.mcu.externaltools.gnu-tools-for-stm32.9-2020-q2-update.win32_1.5.0.202011040924/tools/bin/../lib/gcc/arm-none-eabi/9.3.1/../../../../arm-none-eabi/lib/thumb/v7-m/nofp\libc_nano.a(lib_a-exit.o)
 .debug_frame   0x0000000000000000       0x28 e:/insted of c/stm32cubeide_1.6.1/stm32cubeide/plugins/com.st.stm32cube.ide.mcu.externaltools.gnu-tools-for-stm32.9-2020-q2-update.win32_1.5.0.202011040924/tools/bin/../lib/gcc/arm-none-eabi/9.3.1/../../../../arm-none-eabi/lib/thumb/v7-m/nofp\libc_nano.a(lib_a-exit.o)
 .ARM.attributes
                0x0000000000000000       0x2d e:/insted of c/stm32cubeide_1.6.1/stm32cubeide/plugins/com.st.stm32cube.ide.mcu.externaltools.gnu-tools-for-stm32.9-2020-q2-update.win32_1.5.0.202011040924/tools/bin/../lib/gcc/arm-none-eabi/9.3.1/../../../../arm-none-eabi/lib/thumb/v7-m/nofp\libc_nano.a(lib_a-exit.o)
 .text          0x0000000000000000        0x0 e:/insted of c/stm32cubeide_1.6.1/stm32cubeide/plugins/com.st.stm32cube.ide.mcu.externaltools.gnu-tools-for-stm32.9-2020-q2-update.win32_1.5.0.202011040924/tools/bin/../lib/gcc/arm-none-eabi/9.3.1/../../../../arm-none-eabi/lib/thumb/v7-m/nofp\libc_nano.a(lib_a-impure.o)
 .data          0x0000000000000000        0x0 e:/insted of c/stm32cubeide_1.6.1/stm32cubeide/plugins/com.st.stm32cube.ide.mcu.externaltools.gnu-tools-for-stm32.9-2020-q2-update.win32_1.5.0.202011040924/tools/bin/../lib/gcc/arm-none-eabi/9.3.1/../../../../arm-none-eabi/lib/thumb/v7-m/nofp\libc_nano.a(lib_a-impure.o)
 .bss           0x0000000000000000        0x0 e:/insted of c/stm32cubeide_1.6.1/stm32cubeide/plugins/com.st.stm32cube.ide.mcu.externaltools.gnu-tools-for-stm32.9-2020-q2-update.win32_1.5.0.202011040924/tools/bin/../lib/gcc/arm-none-eabi/9.3.1/../../../../arm-none-eabi/lib/thumb/v7-m/nofp\libc_nano.a(lib_a-impure.o)
 .data._impure_ptr
                0x0000000000000000        0x4 e:/insted of c/stm32cubeide_1.6.1/stm32cubeide/plugins/com.st.stm32cube.ide.mcu.externaltools.gnu-tools-for-stm32.9-2020-q2-update.win32_1.5.0.202011040924/tools/bin/../lib/gcc/arm-none-eabi/9.3.1/../../../../arm-none-eabi/lib/thumb/v7-m/nofp\libc_nano.a(lib_a-impure.o)
 .data.impure_data
                0x0000000000000000       0x60 e:/insted of c/stm32cubeide_1.6.1/stm32cubeide/plugins/com.st.stm32cube.ide.mcu.externaltools.gnu-tools-for-stm32.9-2020-q2-update.win32_1.5.0.202011040924/tools/bin/../lib/gcc/arm-none-eabi/9.3.1/../../../../arm-none-eabi/lib/thumb/v7-m/nofp\libc_nano.a(lib_a-impure.o)
 .rodata._global_impure_ptr
                0x0000000000000000        0x4 e:/insted of c/stm32cubeide_1.6.1/stm32cubeide/plugins/com.st.stm32cube.ide.mcu.externaltools.gnu-tools-for-stm32.9-2020-q2-update.win32_1.5.0.202011040924/tools/bin/../lib/gcc/arm-none-eabi/9.3.1/../../../../arm-none-eabi/lib/thumb/v7-m/nofp\libc_nano.a(lib_a-impure.o)
 .ARM.attributes
                0x0000000000000000       0x2d e:/insted of c/stm32cubeide_1.6.1/stm32cubeide/plugins/com.st.stm32cube.ide.mcu.externaltools.gnu-tools-for-stm32.9-2020-q2-update.win32_1.5.0.202011040924/tools/bin/../lib/gcc/arm-none-eabi/9.3.1/../../../../arm-none-eabi/lib/thumb/v7-m/nofp\libc_nano.a(lib_a-impure.o)
 .text          0x0000000000000000        0x0 e:/insted of c/stm32cubeide_1.6.1/stm32cubeide/plugins/com.st.stm32cube.ide.mcu.externaltools.gnu-tools-for-stm32.9-2020-q2-update.win32_1.5.0.202011040924/tools/bin/../lib/gcc/arm-none-eabi/9.3.1/../../../../arm-none-eabi/lib/thumb/v7-m/nofp\libc_nano.a(lib_a-init.o)
 .data          0x0000000000000000        0x0 e:/insted of c/stm32cubeide_1.6.1/stm32cubeide/plugins/com.st.stm32cube.ide.mcu.externaltools.gnu-tools-for-stm32.9-2020-q2-update.win32_1.5.0.202011040924/tools/bin/../lib/gcc/arm-none-eabi/9.3.1/../../../../arm-none-eabi/lib/thumb/v7-m/nofp\libc_nano.a(lib_a-init.o)
 .bss           0x0000000000000000        0x0 e:/insted of c/stm32cubeide_1.6.1/stm32cubeide/plugins/com.st.stm32cube.ide.mcu.externaltools.gnu-tools-for-stm32.9-2020-q2-update.win32_1.5.0.202011040924/tools/bin/../lib/gcc/arm-none-eabi/9.3.1/../../../../arm-none-eabi/lib/thumb/v7-m/nofp\libc_nano.a(lib_a-init.o)
 .text          0x0000000000000000        0x0 e:/insted of c/stm32cubeide_1.6.1/stm32cubeide/plugins/com.st.stm32cube.ide.mcu.externaltools.gnu-tools-for-stm32.9-2020-q2-update.win32_1.5.0.202011040924/tools/bin/../lib/gcc/arm-none-eabi/9.3.1/../../../../arm-none-eabi/lib/thumb/v7-m/nofp\libc_nano.a(lib_a-memset.o)
 .data          0x0000000000000000        0x0 e:/insted of c/stm32cubeide_1.6.1/stm32cubeide/plugins/com.st.stm32cube.ide.mcu.externaltools.gnu-tools-for-stm32.9-2020-q2-update.win32_1.5.0.202011040924/tools/bin/../lib/gcc/arm-none-eabi/9.3.1/../../../../arm-none-eabi/lib/thumb/v7-m/nofp\libc_nano.a(lib_a-memset.o)
 .bss           0x0000000000000000        0x0 e:/insted of c/stm32cubeide_1.6.1/stm32cubeide/plugins/com.st.stm32cube.ide.mcu.externaltools.gnu-tools-for-stm32.9-2020-q2-update.win32_1.5.0.202011040924/tools/bin/../lib/gcc/arm-none-eabi/9.3.1/../../../../arm-none-eabi/lib/thumb/v7-m/nofp\libc_nano.a(lib_a-memset.o)
 .text.memset   0x0000000000000000       0x10 e:/insted of c/stm32cubeide_1.6.1/stm32cubeide/plugins/com.st.stm32cube.ide.mcu.externaltools.gnu-tools-for-stm32.9-2020-q2-update.win32_1.5.0.202011040924/tools/bin/../lib/gcc/arm-none-eabi/9.3.1/../../../../arm-none-eabi/lib/thumb/v7-m/nofp\libc_nano.a(lib_a-memset.o)
 .debug_frame   0x0000000000000000       0x20 e:/insted of c/stm32cubeide_1.6.1/stm32cubeide/plugins/com.st.stm32cube.ide.mcu.externaltools.gnu-tools-for-stm32.9-2020-q2-update.win32_1.5.0.202011040924/tools/bin/../lib/gcc/arm-none-eabi/9.3.1/../../../../arm-none-eabi/lib/thumb/v7-m/nofp\libc_nano.a(lib_a-memset.o)
 .ARM.attributes
                0x0000000000000000       0x2d e:/insted of c/stm32cubeide_1.6.1/stm32cubeide/plugins/com.st.stm32cube.ide.mcu.externaltools.gnu-tools-for-stm32.9-2020-q2-update.win32_1.5.0.202011040924/tools/bin/../lib/gcc/arm-none-eabi/9.3.1/../../../../arm-none-eabi/lib/thumb/v7-m/nofp\libc_nano.a(lib_a-memset.o)
 .text          0x0000000000000000        0x0 e:/insted of c/stm32cubeide_1.6.1/stm32cubeide/plugins/com.st.stm32cube.ide.mcu.externaltools.gnu-tools-for-stm32.9-2020-q2-update.win32_1.5.0.202011040924/tools/bin/../lib/gcc/arm-none-eabi/9.3.1/thumb/v7-m/nofp/crtend.o
 .data          0x0000000000000000        0x0 e:/insted of c/stm32cubeide_1.6.1/stm32cubeide/plugins/com.st.stm32cube.ide.mcu.externaltools.gnu-tools-for-stm32.9-2020-q2-update.win32_1.5.0.202011040924/tools/bin/../lib/gcc/arm-none-eabi/9.3.1/thumb/v7-m/nofp/crtend.o
 .bss           0x0000000000000000        0x0 e:/insted of c/stm32cubeide_1.6.1/stm32cubeide/plugins/com.st.stm32cube.ide.mcu.externaltools.gnu-tools-for-stm32.9-2020-q2-update.win32_1.5.0.202011040924/tools/bin/../lib/gcc/arm-none-eabi/9.3.1/thumb/v7-m/nofp/crtend.o
 .eh_frame      0x0000000000000000        0x4 e:/insted of c/stm32cubeide_1.6.1/stm32cubeide/plugins/com.st.stm32cube.ide.mcu.externaltools.gnu-tools-for-stm32.9-2020-q2-update.win32_1.5.0.202011040924/tools/bin/../lib/gcc/arm-none-eabi/9.3.1/thumb/v7-m/nofp/crtend.o
 .ARM.attributes
                0x0000000000000000       0x2d e:/insted of c/stm32cubeide_1.6.1/stm32cubeide/plugins/com.st.stm32cube.ide.mcu.externaltools.gnu-tools-for-stm32.9-2020-q2-update.win32_1.5.0.202011040924/tools/bin/../lib/gcc/arm-none-eabi/9.3.1/thumb/v7-m/nofp/crtend.o
 .text          0x0000000000000000        0x0 e:/insted of c/stm32cubeide_1.6.1/stm32cubeide/plugins/com.st.stm32cube.ide.mcu.externaltools.gnu-tools-for-stm32.9-2020-q2-update.win32_1.5.0.202011040924/tools/bin/../lib/gcc/arm-none-eabi/9.3.1/thumb/v7-m/nofp/crtn.o
 .data          0x0000000000000000        0x0 e:/insted of c/stm32cubeide_1.6.1/stm32cubeide/plugins/com.st.stm32cube.ide.mcu.externaltools.gnu-tools-for-stm32.9-2020-q2-update.win32_1.5.0.202011040924/tools/bin/../lib/gcc/arm-none-eabi/9.3.1/thumb/v7-m/nofp/crtn.o
 .bss           0x0000000000000000        0x0 e:/insted of c/stm32cubeide_1.6.1/stm32cubeide/plugins/com.st.stm32cube.ide.mcu.externaltools.gnu-tools-for-stm32.9-2020-q2-update.win32_1.5.0.202011040924/tools/bin/../lib/gcc/arm-none-eabi/9.3.1/thumb/v7-m/nofp/crtn.o

Memory Configuration

Name             Origin             Length             Attributes
RAM              0x0000000020000000 0x0000000000002800 xrw
FLASH            0x0000000008000000 0x0000000000008000 xr
*default*        0x0000000000000000 0xffffffffffffffff

Linker script and memory map

LOAD e:/insted of c/stm32cubeide_1.6.1/stm32cubeide/plugins/com.st.stm32cube.ide.mcu.externaltools.gnu-tools-for-stm32.9-2020-q2-update.win32_1.5.0.202011040924/tools/bin/../lib/gcc/arm-none-eabi/9.3.1/thumb/v7-m/nofp/crti.o
LOAD e:/insted of c/stm32cubeide_1.6.1/stm32cubeide/plugins/com.st.stm32cube.ide.mcu.externaltools.gnu-tools-for-stm32.9-2020-q2-update.win32_1.5.0.202011040924/tools/bin/../lib/gcc/arm-none-eabi/9.3.1/thumb/v7-m/nofp/crtbegin.o
LOAD e:/insted of c/stm32cubeide_1.6.1/stm32cubeide/plugins/com.st.stm32cube.ide.mcu.externaltools.gnu-tools-for-stm32.9-2020-q2-update.win32_1.5.0.202011040924/tools/bin/../lib/gcc/arm-none-eabi/9.3.1/../../../../arm-none-eabi/lib/thumb/v7-m/nofp/crt0.o
LOAD STM32f103c6_Drivers/Keypad/keypad.o
LOAD STM32f103c6_Drivers/LCD/Lcd.o
LOAD STM32f103c6_Drivers/STM32F103x8_gpio_driver.o
LOAD Src/main.o
LOAD Src/syscalls.o
LOAD Src/sysmem.o
LOAD Startup/startup_stm32f103c6tx.o
START GROUP
LOAD e:/insted of c/stm32cubeide_1.6.1/stm32cubeide/plugins/com.st.stm32cube.ide.mcu.externaltools.gnu-tools-for-stm32.9-2020-q2-update.win32_1.5.0.202011040924/tools/bin/../lib/gcc/arm-none-eabi/9.3.1/../../../../arm-none-eabi/lib/thumb/v7-m/nofp\libc_nano.a
LOAD e:/insted of c/stm32cubeide_1.6.1/stm32cubeide/plugins/com.st.stm32cube.ide.mcu.externaltools.gnu-tools-for-stm32.9-2020-q2-update.win32_1.5.0.202011040924/tools/bin/../lib/gcc/arm-none-eabi/9.3.1/../../../../arm-none-eabi/lib/thumb/v7-m/nofp\libm.a
END GROUP
START GROUP
LOAD e:/insted of c/stm32cubeide_1.6.1/stm32cubeide/plugins/com.st.stm32cube.ide.mcu.externaltools.gnu-tools-for-stm32.9-2020-q2-update.win32_1.5.0.202011040924/tools/bin/../lib/gcc/arm-none-eabi/9.3.1/thumb/v7-m/nofp\libgcc.a
LOAD e:/insted of c/stm32cubeide_1.6.1/stm32cubeide/plugins/com.st.stm32cube.ide.mcu.externaltools.gnu-tools-for-stm32.9-2020-q2-update.win32_1.5.0.202011040924/tools/bin/../lib/gcc/arm-none-eabi/9.3.1/../../../../arm-none-eabi/lib/thumb/v7-m/nofp\libg_nano.a
LOAD e:/insted of c/stm32cubeide_1.6.1/stm32cubeide/plugins/com.st.stm32cube.ide.mcu.externaltools.gnu-tools-for-stm32.9-2020-q2-update.win32_1.5.0.202011040924/tools/bin/../lib/gcc/arm-none-eabi/9.3.1/../../../../arm-none-eabi/lib/thumb/v7-m/nofp\libc_nano.a
END GROUP
START GROUP
LOAD e:/insted of c/stm32cubeide_1.6.1/stm32cubeide/plugins/com.st.stm32cube.ide.mcu.externaltools.gnu-tools-for-stm32.9-2020-q2-update.win32_1.5.0.202011040924/tools/bin/../lib/gcc/arm-none-eabi/9.3.1/thumb/v7-m/nofp\libgcc.a
LOAD e:/insted of c/stm32cubeide_1.6.1/stm32cubeide/plugins/com.st.stm32cube.ide.mcu.externaltools.gnu-tools-for-stm32.9-2020-q2-update.win32_1.5.0.202011040924/tools/bin/../lib/gcc/arm-none-eabi/9.3.1/../../../../arm-none-eabi/lib/thumb/v7-m/nofp\libc_nano.a
LOAD e:/insted of c/stm32cubeide_1.6.1/stm32cubeide/plugins/com.st.stm32cube.ide.mcu.externaltools.gnu-tools-for-stm32.9-2020-q2-update.win32_1.5.0.202011040924/tools/bin/../lib/gcc/arm-none-eabi/9.3.1/../../../../arm-none-eabi/lib/thumb/v7-m/nofp\libnosys.a
END GROUP
START GROUP
LOAD e:/insted of c/stm32cubeide_1.6.1/stm32cubeide/plugins/com.st.stm32cube.ide.mcu.externaltools.gnu-tools-for-stm32.9-2020-q2-update.win32_1.5.0.202011040924/tools/bin/../lib/gcc/arm-none-eabi/9.3.1/thumb/v7-m/nofp\libgcc.a
LOAD e:/insted of c/stm32cubeide_1.6.1/stm32cubeide/plugins/com.st.stm32cube.ide.mcu.externaltools.gnu-tools-for-stm32.9-2020-q2-update.win32_1.5.0.202011040924/tools/bin/../lib/gcc/arm-none-eabi/9.3.1/../../../../arm-none-eabi/lib/thumb/v7-m/nofp\libc_nano.a
LOAD e:/insted of c/stm32cubeide_1.6.1/stm32cubeide/plugins/com.st.stm32cube.ide.mcu.externaltools.gnu-tools-for-stm32.9-2020-q2-update.win32_1.5.0.202011040924/tools/bin/../lib/gcc/arm-none-eabi/9.3.1/../../../../arm-none-eabi/lib/thumb/v7-m/nofp\libnosys.a
END GROUP
LOAD e:/insted of c/stm32cubeide_1.6.1/stm32cubeide/plugins/com.st.stm32cube.ide.mcu.externaltools.gnu-tools-for-stm32.9-2020-q2-update.win32_1.5.0.202011040924/tools/bin/../lib/gcc/arm-none-eabi/9.3.1/thumb/v7-m/nofp/crtend.o
LOAD e:/insted of c/stm32cubeide_1.6.1/stm32cubeide/plugins/com.st.stm32cube.ide.mcu.externaltools.gnu-tools-for-stm32.9-2020-q2-update.win32_1.5.0.202011040924/tools/bin/../lib/gcc/arm-none-eabi/9.3.1/thumb/v7-m/nofp/crtn.o
                0x0000000020002800                _estack = (ORIGIN (RAM) + LENGTH (RAM))
                0x0000000000000200                _Min_Heap_Size = 0x200
                0x0000000000000400                _Min_Stack_Size = 0x400

.isr_vector     0x0000000008000000      0x130
                0x0000000008000000                . = ALIGN (0x4)
 *(.isr_vector)
 .isr_vector    0x0000000008000000      0x130 Startup/startup_stm32f103c6tx.o
                0x0000000008000000                g_pfnVectors
                0x0000000008000130                . = ALIGN (0x4)

.text           0x0000000008000130      0x4d0
                0x0000000008000130                . = ALIGN (0x4)
 *(.text)
 .text          0x0000000008000130       0x40 e:/insted of c/stm32cubeide_1.6.1/stm32cubeide/plugins/com.st.stm32cube.ide.mcu.externaltools.gnu-tools-for-stm32.9-2020-q2-update.win32_1.5.0.202011040924/tools/bin/../lib/gcc/arm-none-eabi/9.3.1/thumb/v7-m/nofp/crtbegin.o
 *(.text*)
 .text.get_Pin_Postion
                0x0000000008000170      0x170 STM32f103c6_Drivers/STM32F103x8_gpio_driver.o
                0x0000000008000170                get_Pin_Postion
 .text.MCAL_GPIO_Init
                0x00000000080002e0      0x102 STM32f103c6_Drivers/STM32F103x8_gpio_driver.o
                0x00000000080002e0                MCAL_GPIO_Init
 .text.MCAL_GPIO_ReadPin
                0x00000000080003e2       0x28 STM32f103c6_Drivers/STM32F103x8_gpio_driver.o
                0x00000000080003e2                MCAL_GPIO_ReadPin
 .text.MCAL_GPIO_TogglePin
                0x000000000800040a       0x22 STM32f103c6_Drivers/STM32F103x8_gpio_driver.o
                0x000000000800040a                MCAL_GPIO_TogglePin
 .text.pseudo_delay
                0x000000000800042c       0x3a Src/main.o
                0x000000000800042c                pseudo_delay
 *fill*         0x0000000008000466        0x2 
 .text.GPIO_init
                0x0000000008000468       0x6c Src/main.o
                0x0000000008000468                GPIO_init
 .text.main     0x00000000080004d4       0x78 Src/main.o
                0x00000000080004d4                main
 .text.Reset_Handler
                0x000000000800054c       0x50 Startup/startup_stm32f103c6tx.o
                0x000000000800054c                Reset_Handler
 .text.Default_Handler
                0x000000000800059c        0x2 Startup/startup_stm32f103c6tx.o
                0x000000000800059c                EXTI2_IRQHandler
                0x000000000800059c                TIM8_TRG_COM_IRQHandler
                0x000000000800059c                TIM8_CC_IRQHandler
                0x000000000800059c                DebugMon_Handler
                0x000000000800059c                TIM1_CC_IRQHandler
                0x000000000800059c                HardFault_Handler
                0x000000000800059c                TIM6_IRQHandler
                0x000000000800059c                SysTick_Handler
                0x000000000800059c                PVD_IRQHandler
                0x000000000800059c                SDIO_IRQHandler
                0x000000000800059c                PendSV_Handler
                0x000000000800059c                NMI_Handler
                0x000000000800059c                EXTI3_IRQHandler
                0x000000000800059c                USB_HP_CAN_TX_IRQHandler
                0x000000000800059c                EXTI0_IRQHandler
                0x000000000800059c                I2C2_EV_IRQHandler
                0x000000000800059c                UsageFault_Handler
                0x000000000800059c                ADC1_2_IRQHandler
                0x000000000800059c                SPI1_IRQHandler
                0x000000000800059c                CAN_SCE_IRQHandler
                0x000000000800059c                TAMPER_IRQHandler
                0x000000000800059c                TIM8_UP_IRQHandler
                0x000000000800059c                DMA2_Channel2_IRQHandler
                0x000000000800059c                DMA1_Channel4_IRQHandler
                0x000000000800059c                USART3_IRQHandler
                0x000000000800059c                RTC_IRQHandler
                0x000000000800059c                DMA1_Channel7_IRQHandler
                0x000000000800059c                UART5_IRQHandler
                0x000000000800059c                ADC3_IRQHandler
                0x000000000800059c                TIM4_IRQHandler
                0x000000000800059c                CAN_RX1_IRQHandler
                0x000000000800059c                DMA2_Channel1_IRQHandler
                0x000000000800059c                I2C1_EV_IRQHandler
                0x000000000800059c                DMA1_Channel6_IRQHandler
                0x000000000800059c                UART4_IRQHandler
                0x000000000800059c                TIM3_IRQHandler
                0x000000000800059c                RCC_IRQHandler
                0x000000000800059c                TIM1_TRG_COM_IRQHandler
                0x000000000800059c                DMA1_Channel1_IRQHandler
                0x000000000800059c                Default_Handler
                0x000000000800059c                EXTI15_10_IRQHandler
                0x000000000800059c                TIM7_IRQHandler
                0x000000000800059c                TIM5_IRQHandler
                0x000000000800059c                EXTI9_5_IRQHandler
                0x000000000800059c                SPI2_IRQHandler
                0x000000000800059c                USB_LP_CAN_RX0_IRQHandler
                0x000000000800059c                MemManage_Handler
                0x000000000800059c                SVC_Handler
                0x000000000800059c                DMA1_Channel5_IRQHandler
                0x000000000800059c                EXTI4_IRQHandler
                0x000000000800059c                DMA1_Channel3_IRQHandler
                0x000000000800059c                FSMC_IRQHandler
                0x000000000800059c                TIM1_UP_IRQHandler
                0x000000000800059c                WWDG_IRQHandler
                0x000000000800059c                TIM2_IRQHandler
                0x000000000800059c                TIM1_BRK_IRQHandler
                0x000000000800059c                EXTI1_IRQHandler
                0x000000000800059c                RTCAlarm_IRQHandler
                0x000000000800059c                DMA2_Channel4_5_IRQHandler
                0x000000000800059c                USART2_IRQHandler
                0x000000000800059c                I2C2_ER_IRQHandler
                0x000000000800059c                DMA1_Channel2_IRQHandler
                0x000000000800059c                TIM8_BRK_IRQHandler
                0x000000000800059c                FLASH_IRQHandler
                0x000000000800059c                BusFault_Handler
                0x000000000800059c                USART1_IRQHandler
                0x000000000800059c                SPI3_IRQHandler
                0x000000000800059c                I2C1_ER_IRQHandler
                0x000000000800059c                DMA2_Channel3_IRQHandler
 *fill*         0x000000000800059e        0x2 
 .text.__libc_init_array
                0x00000000080005a0       0x48 e:/insted of c/stm32cubeide_1.6.1/stm32cubeide/plugins/com.st.stm32cube.ide.mcu.externaltools.gnu-tools-for-stm32.9-2020-q2-update.win32_1.5.0.202011040924/tools/bin/../lib/gcc/arm-none-eabi/9.3.1/../../../../arm-none-eabi/lib/thumb/v7-m/nofp\libc_nano.a(lib_a-init.o)
                0x00000000080005a0                __libc_init_array
 *(.glue_7)
 .glue_7        0x00000000080005e8        0x0 linker stubs
 *(.glue_7t)
 .glue_7t       0x00000000080005e8        0x0 linker stubs
 *(.eh_frame)
 .eh_frame      0x00000000080005e8        0x0 e:/insted of c/stm32cubeide_1.6.1/stm32cubeide/plugins/com.st.stm32cube.ide.mcu.externaltools.gnu-tools-for-stm32.9-2020-q2-update.win32_1.5.0.202011040924/tools/bin/../lib/gcc/arm-none-eabi/9.3.1/thumb/v7-m/nofp/crtbegin.o
 *(.init)
 .init          0x00000000080005e8        0x4 e:/insted of c/stm32cubeide_1.6.1/stm32cubeide/plugins/com.st.stm32cube.ide.mcu.externaltools.gnu-tools-for-stm32.9-2020-q2-update.win32_1.5.0.202011040924/tools/bin/../lib/gcc/arm-none-eabi/9.3.1/thumb/v7-m/nofp/crti.o
                0x00000000080005e8                _init
 .init          0x00000000080005ec        0x8 e:/insted of c/stm32cubeide_1.6.1/stm32cubeide/plugins/com.st.stm32cube.ide.mcu.externaltools.gnu-tools-for-stm32.9-2020-q2-update.win32_1.5.0.202011040924/tools/bin/../lib/gcc/arm-none-eabi/9.3.1/thumb/v7-m/nofp/crtn.o
 *(.fini)
 .fini          0x00000000080005f4        0x4 e:/insted of c/stm32cubeide_1.6.1/stm32cubeide/plugins/com.st.stm32cube.ide.mcu.externaltools.gnu-tools-for-stm32.9-2020-q2-update.win32_1.5.0.202011040924/tools/bin/../lib/gcc/arm-none-eabi/9.3.1/thumb/v7-m/nofp/crti.o
                0x00000000080005f4                _fini
 .fini          0x00000000080005f8        0x8 e:/insted of c/stm32cubeide_1.6.1/stm32cubeide/plugins/com.st.stm32cube.ide.mcu.externaltools.gnu-tools-for-stm32.9-2020-q2-update.win32_1.5.0.202011040924/tools/bin/../lib/gcc/arm-none-eabi/9.3.1/thumb/v7-m/nofp/crtn.o
                0x0000000008000600                . = ALIGN (0x4)
                0x0000000008000600                _etext = .

.vfp11_veneer   0x0000000008000600        0x0
 .vfp11_veneer  0x0000000008000600        0x0 linker stubs

.v4_bx          0x0000000008000600        0x0
 .v4_bx         0x0000000008000600        0x0 linker stubs

.iplt           0x0000000008000600        0x0
 .iplt          0x0000000008000600        0x0 e:/insted of c/stm32cubeide_1.6.1/stm32cubeide/plugins/com.st.stm32cube.ide.mcu.externaltools.gnu-tools-for-stm32.9-2020-q2-update.win32_1.5.0.202011040924/tools/bin/../lib/gcc/arm-none-eabi/9.3.1/thumb/v7-m/nofp/crtbegin.o

.rel.dyn        0x0000000008000600        0x0
 .rel.iplt      0x0000000008000600        0x0 e:/insted of c/stm32cubeide_1.6.1/stm32cubeide/plugins/com.st.stm32cube.ide.mcu.externaltools.gnu-tools-for-stm32.9-2020-q2-update.win32_1.5.0.202011040924/tools/bin/../lib/gcc/arm-none-eabi/9.3.1/thumb/v7-m/nofp/crtbegin.o

.rodata         0x0000000008000600        0x0
                0x0000000008000600                . = ALIGN (0x4)
 *(.rodata)
 *(.rodata*)
                0x0000000008000600                . = ALIGN (0x4)

.ARM.extab      0x0000000008000600        0x0
                0x0000000008000600                . = ALIGN (0x4)
 *(.ARM.extab* .gnu.linkonce.armextab.*)
                0x0000000008000600                . = ALIGN (0x4)

.ARM            0x0000000008000600        0x0
                0x0000000008000600                . = ALIGN (0x4)
                0x0000000008000600                __exidx_start = .
 *(.ARM.exidx*)
                0x0000000008000600                __exidx_end = .
                0x0000000008000600                . = ALIGN (0x4)

.preinit_array  0x0000000008000600        0x0
                0x0000000008000600                . = ALIGN (0x4)
                0x0000000008000600                PROVIDE (__preinit_array_start = .)
 *(.preinit_array*)
                0x0000000008000600                PROVIDE (__preinit_array_end = .)
                0x0000000008000600                . = ALIGN (0x4)

.init_array     0x0000000008000600        0x4
                0x0000000008000600                . = ALIGN (0x4)
                0x0000000008000600                PROVIDE (__init_array_start = .)
 *(SORT_BY_NAME(.init_array.*))
 *(.init_array*)
 .init_array    0x0000000008000600        0x4 e:/insted of c/stm32cubeide_1.6.1/stm32cubeide/plugins/com.st.stm32cube.ide.mcu.externaltools.gnu-tools-for-stm32.9-2020-q2-update.win32_1.5.0.202011040924/tools/bin/../lib/gcc/arm-none-eabi/9.3.1/thumb/v7-m/nofp/crtbegin.o
                0x0000000008000604                PROVIDE (__init_array_end = .)
                0x0000000008000604                . = ALIGN (0x4)

.fini_array     0x0000000008000604        0x4
                0x0000000008000604                . = ALIGN (0x4)
                [!provide]                        PROVIDE (__fini_array_start = .)
 *(SORT_BY_NAME(.fini_array.*))
 *(.fini_array*)
 .fini_array    0x0000000008000604        0x4 e:/insted of c/stm32cubeide_1.6.1/stm32cubeide/plugins/com.st.stm32cube.ide.mcu.externaltools.gnu-tools-for-stm32.9-2020-q2-update.win32_1.5.0.202011040924/tools/bin/../lib/gcc/arm-none-eabi/9.3.1/thumb/v7-m/nofp/crtbegin.o
                [!provide]                        PROVIDE (__fini_array_end = .)
                0x0000000008000608                . = ALIGN (0x4)
                0x0000000008000608                _sidata = LOADADDR (.data)

.data           0x0000000020000000        0x0 load address 0x0000000008000608
                0x0000000020000000                . = ALIGN (0x4)
                0x0000000020000000                _sdata = .
 *(.data)
 *(.data*)
 *(.RamFunc)
 *(.RamFunc*)
                0x0000000020000000                . = ALIGN (0x4)
                0x0000000020000000                _edata = .

.igot.plt       0x0000000020000000        0x0 load address 0x0000000008000608
 .igot.plt      0x0000000020000000        0x0 e:/insted of c/stm32cubeide_1.6.1/stm32cubeide/plugins/com.st.stm32cube.ide.mcu.externaltools.gnu-tools-for-stm32.9-2020-q2-update.win32_1.5.0.202011040924/tools/bin/../lib/gcc/arm-none-eabi/9.3.1/thumb/v7-m/nofp/crtbegin.o
                0x0000000020000000                . = ALIGN (0x4)

.bss            0x0000000020000000       0x1c load address 0x0000000008000608
                0x0000000020000000                _sbss = .
                0x0000000020000000                __bss_start__ = _sbss
 *(.bss)
 .bss           0x0000000020000000       0x1c e:/insted of c/stm32cubeide_1.6.1/stm32cubeide/plugins/com.st.stm32cube.ide.mcu.externaltools.gnu-tools-for-stm32.9-2020-q2-update.win32_1.5.0.202011040924/tools/bin/../lib/gcc/arm-none-eabi/9.3.1/thumb/v7-m/nofp/crtbegin.o
 *(.bss*)
 *(COMMON)
                0x000000002000001c                . = ALIGN (0x4)
                0x000000002000001c                _ebss = .
                0x000000002000001c                __bss_end__ = _ebss

._user_heap_stack
                0x000000002000001c      0x604 load address 0x0000000008000608
                0x0000000020000020                . = ALIGN (0x8)
 *fill*         0x000000002000001c        0x4 
                [!provide]                        PROVIDE (end = .)
                0x0000000020000020                PROVIDE (_end = .)
                0x0000000020000220                . = (. + _Min_Heap_Size)
 *fill*         0x0000000020000020      0x200 
                0x0000000020000620                . = (. + _Min_Stack_Size)
 *fill*         0x0000000020000220      0x400 
                0x0000000020000620                . = ALIGN (0x8)

/DISCARD/
 libc.a(*)
 libm.a(*)
 libgcc.a(*)

.ARM.attributes
                0x0000000000000000       0x29
 *(.ARM.attributes)
 .ARM.attributes
                0x0000000000000000       0x1d e:/insted of c/stm32cubeide_1.6.1/stm32cubeide/plugins/com.st.stm32cube.ide.mcu.externaltools.gnu-tools-for-stm32.9-2020-q2-update.win32_1.5.0.202011040924/tools/bin/../lib/gcc/arm-none-eabi/9.3.1/thumb/v7-m/nofp/crti.o
 .ARM.attributes
                0x000000000000001d       0x2d e:/insted of c/stm32cubeide_1.6.1/stm32cubeide/plugins/com.st.stm32cube.ide.mcu.externaltools.gnu-tools-for-stm32.9-2020-q2-update.win32_1.5.0.202011040924/tools/bin/../lib/gcc/arm-none-eabi/9.3.1/thumb/v7-m/nofp/crtbegin.o
 .ARM.attributes
                0x000000000000004a       0x2d STM32f103c6_Drivers/STM32F103x8_gpio_driver.o
 .ARM.attributes
                0x0000000000000077       0x2d Src/main.o
 .ARM.attributes
                0x00000000000000a4       0x21 Startup/startup_stm32f103c6tx.o
 .ARM.attributes
                0x00000000000000c5       0x2d e:/insted of c/stm32cubeide_1.6.1/stm32cubeide/plugins/com.st.stm32cube.ide.mcu.externaltools.gnu-tools-for-stm32.9-2020-q2-update.win32_1.5.0.202011040924/tools/bin/../lib/gcc/arm-none-eabi/9.3.1/../../../../arm-none-eabi/lib/thumb/v7-m/nofp\libc_nano.a(lib_a-init.o)
 .ARM.attributes
                0x00000000000000f2       0x1d e:/insted of c/stm32cubeide_1.6.1/stm32cubeide/plugins/com.st.stm32cube.ide.mcu.externaltools.gnu-tools-for-stm32.9-2020-q2-update.win32_1.5.0.202011040924/tools/bin/../lib/gcc/arm-none-eabi/9.3.1/thumb/v7-m/nofp/crtn.o
OUTPUT(Drivers.elf elf32-littlearm)
LOAD linker stubs
LOAD e:/insted of c/stm32cubeide_1.6.1/stm32cubeide/plugins/com.st.stm32cube.ide.mcu.externaltools.gnu-tools-for-stm32.9-2020-q2-update.win32_1.5.0.202011040924/tools/bin/../lib/gcc/arm-none-eabi/9.3.1/../../../../arm-none-eabi/lib/thumb/v7-m/nofp\libc.a
LOAD e:/insted of c/stm32cubeide_1.6.1/stm32cubeide/plugins/com.st.stm32cube.ide.mcu.externaltools.gnu-tools-for-stm32.9-2020-q2-update.win32_1.5.0.202011040924/tools/bin/../lib/gcc/arm-none-eabi/9.3.1/../../../../arm-none-eabi/lib/thumb/v7-m/nofp\libm.a
LOAD e:/insted of c/stm32cubeide_1.6.1/stm32cubeide/plugins/com.st.stm32cube.ide.mcu.externaltools.gnu-tools-for-stm32.9-2020-q2-update.win32_1.5.0.202011040924/tools/bin/../lib/gcc/arm-none-eabi/9.3.1/thumb/v7-m/nofp\libgcc.a

.debug_info     0x0000000000000000     0x1ac3
 .debug_info    0x0000000000000000      0xe20 STM32f103c6_Drivers/STM32F103x8_gpio_driver.o
 .debug_info    0x0000000000000e20      0xc81 Src/main.o
 .debug_info    0x0000000000001aa1       0x22 Startup/startup_stm32f103c6tx.o

.debug_abbrev   0x0000000000000000      0x431
 .debug_abbrev  0x0000000000000000      0x217 STM32f103c6_Drivers/STM32F103x8_gpio_driver.o
 .debug_abbrev  0x0000000000000217      0x208 Src/main.o
 .debug_abbrev  0x000000000000041f       0x12 Startup/startup_stm32f103c6tx.o

.debug_loc      0x0000000000000000      0x408
 .debug_loc     0x0000000000000000      0x330 STM32f103c6_Drivers/STM32F103x8_gpio_driver.o
 .debug_loc     0x0000000000000330       0xd8 Src/main.o

.debug_aranges  0x0000000000000000       0xb8
 .debug_aranges
                0x0000000000000000       0x60 STM32f103c6_Drivers/STM32F103x8_gpio_driver.o
 .debug_aranges
                0x0000000000000060       0x30 Src/main.o
 .debug_aranges
                0x0000000000000090       0x28 Startup/startup_stm32f103c6tx.o

.debug_ranges   0x0000000000000000       0x90
 .debug_ranges  0x0000000000000000       0x50 STM32f103c6_Drivers/STM32F103x8_gpio_driver.o
 .debug_ranges  0x0000000000000050       0x20 Src/main.o
 .debug_ranges  0x0000000000000070       0x20 Startup/startup_stm32f103c6tx.o

.debug_macro    0x0000000000000000      0x2a4
 .debug_macro   0x0000000000000000      0x152 STM32f103c6_Drivers/STM32F103x8_gpio_driver.o
 .debug_macro   0x0000000000000152      0x152 Src/main.o

.debug_line     0x0000000000000000      0xe81
 .debug_line    0x0000000000000000      0x7d5 STM32f103c6_Drivers/STM32F103x8_gpio_driver.o
 .debug_line    0x00000000000007d5      0x628 Src/main.o
 .debug_line    0x0000000000000dfd       0x84 Startup/startup_stm32f103c6tx.o

.debug_str      0x0000000000000000     0x7905
 .debug_str     0x0000000000000000     0x789a STM32f103c6_Drivers/STM32F103x8_gpio_driver.o
                                       0x7b20 (size before relaxing)
 .debug_str     0x000000000000789a       0x3a Src/main.o
                                       0x7a4d (size before relaxing)
 .debug_str     0x00000000000078d4       0x31 Startup/startup_stm32f103c6tx.o
                                         0x62 (size before relaxing)

.comment        0x0000000000000000       0x53
 .comment       0x0000000000000000       0x53 STM32f103c6_Drivers/STM32F103x8_gpio_driver.o
                                         0x54 (size before relaxing)
 .comment       0x0000000000000053       0x54 Src/main.o

.debug_frame    0x0000000000000000      0x21c
 .debug_frame   0x0000000000000000      0x178 STM32f103c6_Drivers/STM32F103x8_gpio_driver.o
 .debug_frame   0x0000000000000178       0x78 Src/main.o
 .debug_frame   0x00000000000001f0       0x2c e:/insted of c/stm32cubeide_1.6.1/stm32cubeide/plugins/com.st.stm32cube.ide.mcu.externaltools.gnu-tools-for-stm32.9-2020-q2-update.win32_1.5.0.202011040924/tools/bin/../lib/gcc/arm-none-eabi/9.3.1/../../../../arm-none-eabi/lib/thumb/v7-m/nofp\libc_nano.a(lib_a-init.o)
