Archive member included to satisfy reference by file (symbol)

e:/insted of c/stm32cubeide_1.6.1/stm32cubeide/plugins/com.st.stm32cube.ide.mcu.externaltools.gnu-tools-for-stm32.9-2020-q2-update.win32_1.5.0.202011040924/tools/bin/../lib/gcc/arm-none-eabi/9.3.1/../../../../arm-none-eabi/lib/thumb/v7-m/nofp\libc_nano.a(lib_a-errno.o)
                              Src/syscalls.o (__errno)
e:/insted of c/stm32cubeide_1.6.1/stm32cubeide/plugins/com.st.stm32cube.ide.mcu.externaltools.gnu-tools-for-stm32.9-2020-q2-update.win32_1.5.0.202011040924/tools/bin/../lib/gcc/arm-none-eabi/9.3.1/../../../../arm-none-eabi/lib/thumb/v7-m/nofp\libc_nano.a(lib_a-exit.o)
                              e:/insted of c/stm32cubeide_1.6.1/stm32cubeide/plugins/com.st.stm32cube.ide.mcu.externaltools.gnu-tools-for-stm32.9-2020-q2-update.win32_1.5.0.202011040924/tools/bin/../lib/gcc/arm-none-eabi/9.3.1/../../../../arm-none-eabi/lib/thumb/v7-m/nofp/crt0.o (exit)
e:/insted of c/stm32cubeide_1.6.1/stm32cubeide/plugins/com.st.stm32cube.ide.mcu.externaltools.gnu-tools-for-stm32.9-2020-q2-update.win32_1.5.0.202011040924/tools/bin/../lib/gcc/arm-none-eabi/9.3.1/../../../../arm-none-eabi/lib/thumb/v7-m/nofp\libc_nano.a(lib_a-impure.o)
                              e:/insted of c/stm32cubeide_1.6.1/stm32cubeide/plugins/com.st.stm32cube.ide.mcu.externaltools.gnu-tools-for-stm32.9-2020-q2-update.win32_1.5.0.202011040924/tools/bin/../lib/gcc/arm-none-eabi/9.3.1/../../../../arm-none-eabi/lib/thumb/v7-m/nofp\libc_nano.a(lib_a-exit.o) (_global_impure_ptr)
e:/insted of c/stm32cubeide_1.6.1/stm32cubeide/plugins/com.st.stm32cube.ide.mcu.externaltools.gnu-tools-for-stm32.9-2020-q2-update.win32_1.5.0.202011040924/tools/bin/../lib/gcc/arm-none-eabi/9.3.1/../../../../arm-none-eabi/lib/thumb/v7-m/nofp\libc_nano.a(lib_a-init.o)
                              e:/insted of c/stm32cubeide_1.6.1/stm32cubeide/plugins/com.st.stm32cube.ide.mcu.externaltools.gnu-tools-for-stm32.9-2020-q2-update.win32_1.5.0.202011040924/tools/bin/../lib/gcc/arm-none-eabi/9.3.1/../../../../arm-none-eabi/lib/thumb/v7-m/nofp/crt0.o (__libc_init_array)
e:/insted of c/stm32cubeide_1.6.1/stm32cubeide/plugins/com.st.stm32cube.ide.mcu.externaltools.gnu-tools-for-stm32.9-2020-q2-update.win32_1.5.0.202011040924/tools/bin/../lib/gcc/arm-none-eabi/9.3.1/../../../../arm-none-eabi/lib/thumb/v7-m/nofp\libc_nano.a(lib_a-memset.o)
                              e:/insted of c/stm32cubeide_1.6.1/stm32cubeide/plugins/com.st.stm32cube.ide.mcu.externaltools.gnu-tools-for-stm32.9-2020-q2-update.win32_1.5.0.202011040924/tools/bin/../lib/gcc/arm-none-eabi/9.3.1/../../../../arm-none-eabi/lib/thumb/v7-m/nofp/crt0.o (memset)

Allocating common symbols
Common symbol       size              file

GP_callback         0x40              STM32f103c6_Drivers/EXTI/STM32F103x8_EXTI_driver.o
SPI2Config          0x18              STM32f103c6_Drivers/SPI/STM32F103x8_SPI_driver.o
GConfigPin          0x4               HAL_layer/Keypad/keypad.o
PinConfig           0x4               HAL_layer/LCD/Lcd.o
SPI1Config          0x18              STM32f103c6_Drivers/SPI/STM32F103x8_SPI_driver.o

Discarded input sections

 .text          0x0000000000000000        0x0 e:/insted of c/stm32cubeide_1.6.1/stm32cubeide/plugins/com.st.stm32cube.ide.mcu.externaltools.gnu-tools-for-stm32.9-2020-q2-update.win32_1.5.0.202011040924/tools/bin/../lib/gcc/arm-none-eabi/9.3.1/thumb/v7-m/nofp/crti.o
 .data          0x0000000000000000        0x0 e:/insted of c/stm32cubeide_1.6.1/stm32cubeide/plugins/com.st.stm32cube.ide.mcu.externaltools.gnu-tools-for-stm32.9-2020-q2-update.win32_1.5.0.202011040924/tools/bin/../lib/gcc/arm-none-eabi/9.3.1/thumb/v7-m/nofp/crti.o
 .bss           0x0000000000000000        0x0 e:/insted of c/stm32cubeide_1.6.1/stm32cubeide/plugins/com.st.stm32cube.ide.mcu.externaltools.gnu-tools-for-stm32.9-2020-q2-update.win32_1.5.0.202011040924/tools/bin/../lib/gcc/arm-none-eabi/9.3.1/thumb/v7-m/nofp/crti.o
 .data          0x0000000000000000        0x4 e:/insted of c/stm32cubeide_1.6.1/stm32cubeide/plugins/com.st.stm32cube.ide.mcu.externaltools.gnu-tools-for-stm32.9-2020-q2-update.win32_1.5.0.202011040924/tools/bin/../lib/gcc/arm-none-eabi/9.3.1/thumb/v7-m/nofp/crtbegin.o
 .text          0x0000000000000000       0x7c e:/insted of c/stm32cubeide_1.6.1/stm32cubeide/plugins/com.st.stm32cube.ide.mcu.externaltools.gnu-tools-for-stm32.9-2020-q2-update.win32_1.5.0.202011040924/tools/bin/../lib/gcc/arm-none-eabi/9.3.1/../../../../arm-none-eabi/lib/thumb/v7-m/nofp/crt0.o
 .data          0x0000000000000000        0x0 e:/insted of c/stm32cubeide_1.6.1/stm32cubeide/plugins/com.st.stm32cube.ide.mcu.externaltools.gnu-tools-for-stm32.9-2020-q2-update.win32_1.5.0.202011040924/tools/bin/../lib/gcc/arm-none-eabi/9.3.1/../../../../arm-none-eabi/lib/thumb/v7-m/nofp/crt0.o
[...]
Memory Configuration

Name             Origin             Length             Attributes
RAM              0x0000000020000000 0x0000000000002800 xrw
FLASH            0x0000000008000000 0x0000000000008000 xr
*default*        0x0000000000000000 0xffffffffffffffff

Linker script and memory map

LOAD e:/insted of c/stm32cubeide_1.6.1/stm32cubeide/plugins/com.st.stm32cube.ide.mcu.externaltools.gnu-tools-for-stm32.9-2020-q2-update.win32_1.5.0.202011040924/tools/bin/../lib/gcc/arm-none-eabi/9.3.1/thumb/v7-m/nofp/crti.o
LOAD e:/insted of c/stm32cubeide_1.6.1/stm32cubeide/plugins/com.st.stm32cube.ide.mcu.externaltools.gnu-tools-for-stm32.9-2020-q2-update.win32_1.5.0.202011040924/tools/bin/../lib/gcc/arm-none-eabi/9.3.1/thumb/v7-m/nofp/crtbegin.o
LOAD e:/insted of c/stm32cubeide_1.6.1/stm32cubeide/plugins/com.st.stm32cube.ide.mcu.externaltools.gnu-tools-for-stm32.9-2020-q2-update.win32_1.5.0.202011040924/tools/bin/../lib/gcc/arm-none-eabi/9.3.1/../../../../arm-none-eabi/lib/thumb/v7-m/nofp/crt0.o
LOAD HAL_layer/EEPROM/I2C_Slave_EEPPROM.o
LOAD HAL_layer/Keypad/keypad.o
LOAD HAL_layer/LCD/Lcd.o
LOAD STM32f103c6_Drivers/EXTI/STM32F103x8_EXTI_driver.o
LOAD STM32f103c6_Drivers/GPIO/STM32F103x8_gpio_driver.o
LOAD STM32f103c6_Drivers/I2C/STM32F103x8_I2C_driver.o
LOAD STM32f103c6_Drivers/RCC/STM32F103x8_RCC_driver.o
LOAD STM32f103c6_Drivers/SPI/STM32F103x8_SPI_driver.o
LOAD STM32f103c6_Drivers/USART/STM32F103x8_USART_driver.o
LOAD Src/main.o
LOAD Src/syscalls.o
LOAD Src/sysmem.o
LOAD Startup/startup_stm32f103c6tx.o
START GROUP
LOAD e:/insted of c/stm32cubeide_1.6.1/stm32cubeide/plugins/com.st.stm32cube.ide.mcu.externaltools.gnu-tools-for-stm32.9-2020-q2-update.win32_1.5.0.202011040924/tools/bin/../lib/gcc/arm-none-eabi/9.3.1/../../../../arm-none-eabi/lib/thumb/v7-m/nofp\libc_nano.a
LOAD e:/insted of c/stm32cubeide_1.6.1/stm32cubeide/plugins/com.st.stm32cube.ide.mcu.externaltools.gnu-tools-for-stm32.9-2020-q2-update.win32_1.5.0.202011040924/tools/bin/../lib/gcc/arm-none-eabi/9.3.1/../../../../arm-none-eabi/lib/thumb/v7-m/nofp\libm.a
END GROUP
START GROUP
LOAD e:/insted of c/stm32cubeide_1.6.1/stm32cubeide/plugins/com.st.stm32cube.ide.mcu.externaltools.gnu-tools-for-stm32.9-2020-q2-update.win32_1.5.0.202011040924/tools/bin/../lib/gcc/arm-none-eabi/9.3.1/thumb/v7-m/nofp\libgcc.a
LOAD e:/insted of c/stm32cubeide_1.6.1/stm32cubeide/plugins/com.st.stm32cube.ide.mcu.externaltools.gnu-tools-for-stm32.9-2020-q2-update.win32_1.5.0.202011040924/tools/bin/../lib/gcc/arm-none-eabi/9.3.1/../../../../arm-none-eabi/lib/thumb/v7-m/nofp\libg_nano.a
LOAD e:/insted of c/stm32cubeide_1.6.1/stm32cubeide/plugins/com.st.stm32cube.ide.mcu.externaltools.gnu-tools-for-stm32.9-2020-q2-update.win32_1.5.0.202011040924/tools/bin/../lib/gcc/arm-none-eabi/9.3.1/../../../../arm-none-eabi/lib/thumb/v7-m/nofp\libc_nano.a
END GROUP
START GROUP
LOAD e:/insted of c/stm32cubeide_1.6.1/stm32cubeide/plugins/com.st.stm32cube.ide.mcu.externaltools.gnu-tools-for-stm32.9-2020-q2-update.win32_1.5.0.202011040924/tools/bin/../lib/gcc/arm-none-eabi/9.3.1/thumb/v7-m/nofp\libgcc.a
LOAD e:/insted of c/stm32cubeide_1.6.1/stm32cubeide/plugins/com.st.stm32cube.ide.mcu.externaltools.gnu-tools-for-stm32.9-2020-q2-update.win32_1.5.0.202011040924/tools/bin/../lib/gcc/arm-none-eabi/9.3.1/../../../../arm-none-eabi/lib/thumb/v7-m/nofp\libc_nano.a
LOAD e:/insted of c/stm32cubeide_1.6.1/stm32cubeide/plugins/com.st.stm32cube.ide.mcu.externaltools.gnu-tools-for-stm32.9-2020-q2-update.win32_1.5.0.202011040924/tools/bin/../lib/gcc/arm-none-eabi/9.3.1/../../../../arm-none-eabi/lib/thumb/v7-m/nofp\libnosys.a
END GROUP
START GROUP
LOAD e:/insted of c/stm32cubeide_1.6.1/stm32cubeide/plugins/com.st.stm32cube.ide.mcu.externaltools.gnu-tools-for-stm32.9-2020-q2-update.win32_1.5.0.202011040924/tools/bin/../lib/gcc/arm-none-eabi/9.3.1/thumb/v7-m/nofp\libgcc.a
LOAD e:/insted of c/stm32cubeide_1.6.1/stm32cubeide/plugins/com.st.stm32cube.ide.mcu.externaltools.gnu-tools-for-stm32.9-2020-q2-update.win32_1.5.0.202011040924/tools/bin/../lib/gcc/arm-none-eabi/9.3.1/../../../../arm-none-eabi/lib/thumb/v7-m/nofp\libc_nano.a
LOAD e:/insted of c/stm32cubeide_1.6.1/stm32cubeide/plugins/com.st.stm32cube.ide.mcu.externaltools.gnu-tools-for-stm32.9-2020-q2-update.win32_1.5.0.202011040924/tools/bin/../lib/gcc/arm-none-eabi/9.3.1/../../../../arm-none-eabi/lib/thumb/v7-m/nofp\libnosys.a
END GROUP
LOAD e:/insted of c/stm32cubeide_1.6.1/stm32cubeide/plugins/com.st.stm32cube.ide.mcu.externaltools.gnu-tools-for-stm32.9-2020-q2-update.win32_1.5.0.202011040924/tools/bin/../lib/gcc/arm-none-eabi/9.3.1/thumb/v7-m/nofp/crtend.o
LOAD e:/insted of c/stm32cubeide_1.6.1/stm32cubeide/plugins/com.st.stm32cube.ide.mcu.externaltools.gnu-tools-for-stm32.9-2020-q2-update.win32_1.5.0.202011040924/tools/bin/../lib/gcc/arm-none-eabi/9.3.1/thumb/v7-m/nofp/crtn.o
                0x0000000020002800                _estack = (ORIGIN (RAM) + LENGTH (RAM))
                0x0000000000000200                _Min_Heap_Size = 0x200
                0x0000000000000400                _Min_Stack_Size = 0x400

.isr_vector     0x0000000008000000      0x130
                0x0000000008000000                . = ALIGN (0x4)
 *(.isr_vector)
 .isr_vector    0x0000000008000000      0x130 Startup/startup_stm32f103c6tx.o
                0x0000000008000000                g_pfnVectors
                0x0000000008000130                . = ALIGN (0x4)

.text           0x0000000008000130      0xf70
                0x0000000008000130                . = ALIGN (0x4)
 *(.text)
 .text          0x0000000008000130       0x40 e:/insted of c/stm32cubeide_1.6.1/stm32cubeide/plugins/com.st.stm32cube.ide.mcu.externaltools.gnu-tools-for-stm32.9-2020-q2-update.win32_1.5.0.202011040924/tools/bin/../lib/gcc/arm-none-eabi/9.3.1/thumb/v7-m/nofp/crtbegin.o
 *(.text*)
 .text.HAL_EEPROM_Init
                0x0000000008000170       0x40 HAL_layer/EEPROM/I2C_Slave_EEPPROM.o
                0x0000000008000170                HAL_EEPROM_Init
 .text.HAL_EEPROM_Write_NBytes
                0x00000000080001b0       0xa0 HAL_layer/EEPROM/I2C_Slave_EEPPROM.o
                0x00000000080001b0                HAL_EEPROM_Write_NBytes
 .text.HAL_EEPROM_Read_NBytes
                0x0000000008000250       0x54 HAL_layer/EEPROM/I2C_Slave_EEPPROM.o
                0x0000000008000250                HAL_EEPROM_Read_NBytes
 .text.EXTI0_IRQHandler
                0x00000000080002a4       0x24 STM32f103c6_Drivers/EXTI/STM32F103x8_EXTI_driver.o
                0x00000000080002a4                EXTI0_IRQHandler
 .text.EXTI1_IRQHandler
                0x00000000080002c8       0x24 STM32f103c6_Drivers/EXTI/STM32F103x8_EXTI_driver.o
                0x00000000080002c8                EXTI1_IRQHandler
 .text.EXTI2_IRQHandler
                0x00000000080002ec       0x24 STM32f103c6_Drivers/EXTI/STM32F103x8_EXTI_driver.o
                0x00000000080002ec                EXTI2_IRQHandler
 .text.EXTI3_IRQHandler
                0x0000000008000310       0x24 STM32f103c6_Drivers/EXTI/STM32F103x8_EXTI_driver.o
                0x0000000008000310                EXTI3_IRQHandler
 .text.EXTI4_IRQHandler
                0x0000000008000334       0x24 STM32f103c6_Drivers/EXTI/STM32F103x8_EXTI_driver.o
                0x0000000008000334                EXTI4_IRQHandler
 .text.EXTI9_5_IRQHandler
                0x0000000008000358       0xa8 STM32f103c6_Drivers/EXTI/STM32F103x8_EXTI_driver.o
                0x0000000008000358                EXTI9_5_IRQHandler
 .text.EXTI15_10_IRQHandler
                0x0000000008000400       0xc4 STM32f103c6_Drivers/EXTI/STM32F103x8_EXTI_driver.o
                0x0000000008000400                EXTI15_10_IRQHandler
 .text.get_Pin_Postion
                0x00000000080004c4      0x170 STM32f103c6_Drivers/GPIO/STM32F103x8_gpio_driver.o
                0x00000000080004c4                get_Pin_Postion
 .text.MCAL_GPIO_Init
                0x0000000008000634      0x116 STM32f103c6_Drivers/GPIO/STM32F103x8_gpio_driver.o
                0x0000000008000634                MCAL_GPIO_Init
 *fill*         0x000000000800074a        0x2 
 .text.MCAL_I2C_Init
                0x000000000800074c      0x238 STM32f103c6_Drivers/I2C/STM32F103x8_I2C_driver.o
                0x000000000800074c                MCAL_I2C_Init
 .text.MACL_I2C_GPIO_Set_PINs
                0x0000000008000984       0x94 STM32f103c6_Drivers/I2C/STM32F103x8_I2C_driver.o
                0x0000000008000984                MACL_I2C_GPIO_Set_PINs
 .text.MCAL_I2C_Master_RX
                0x0000000008000a18       0xec STM32f103c6_Drivers/I2C/STM32F103x8_I2C_driver.o
                0x0000000008000a18                MCAL_I2C_Master_RX
 .text.MCAL_I2C_Master_TX
                0x0000000008000b04       0xac STM32f103c6_Drivers/I2C/STM32F103x8_I2C_driver.o
                0x0000000008000b04                MCAL_I2C_Master_TX
 .text.I2C_GenerateStart
                0x0000000008000bb0       0x4e STM32f103c6_Drivers/I2C/STM32F103x8_I2C_driver.o
                0x0000000008000bb0                I2C_GenerateStart
 *fill*         0x0000000008000bfe        0x2 
 .text.GetFlag_Status
                0x0000000008000c00      0x10c STM32f103c6_Drivers/I2C/STM32F103x8_I2C_driver.o
                0x0000000008000c00                GetFlag_Status
 .text.I2C_SendAddrss
                0x0000000008000d0c       0x3e STM32f103c6_Drivers/I2C/STM32F103x8_I2C_driver.o
                0x0000000008000d0c                I2C_SendAddrss
 .text.I2C_GenerateStopConditon
                0x0000000008000d4a       0x36 STM32f103c6_Drivers/I2C/STM32F103x8_I2C_driver.o
                0x0000000008000d4a                I2C_GenerateStopConditon
 .text.I2C_ACKConfig
                0x0000000008000d80       0x36 STM32f103c6_Drivers/I2C/STM32F103x8_I2C_driver.o
                0x0000000008000d80                I2C_ACKConfig
 *fill*         0x0000000008000db6        0x2 
 .text.MCAL_RCC_GetSYS_CLKFreq
                0x0000000008000db8       0x4c STM32f103c6_Drivers/RCC/STM32F103x8_RCC_driver.o
                0x0000000008000db8                MCAL_RCC_GetSYS_CLKFreq
 .text.MCAL_RCC_GetHCLKFreq
                0x0000000008000e04       0x28 STM32f103c6_Drivers/RCC/STM32F103x8_RCC_driver.o
                0x0000000008000e04                MCAL_RCC_GetHCLKFreq
 .text.MCAL_RCC_GetPCLK1Freq
                0x0000000008000e2c       0x28 STM32f103c6_Drivers/RCC/STM32F103x8_RCC_driver.o
                0x0000000008000e2c                MCAL_RCC_GetPCLK1Freq
 .text.SPI1_IRQHandler
                0x0000000008000e54       0x5c STM32f103c6_Drivers/SPI/STM32F103x8_SPI_driver.o
                0x0000000008000e54                SPI1_IRQHandler
 .text.SPI2_IRQHandler
                0x0000000008000eb0       0x5c STM32f103c6_Drivers/SPI/STM32F103x8_SPI_driver.o
                0x0000000008000eb0                SPI2_IRQHandler
 .text.USART1_IRQHandler
                0x0000000008000f0c       0x14 STM32f103c6_Drivers/USART/STM32F103x8_USART_driver.o
                0x0000000008000f0c                USART1_IRQHandler
 .text.USART2_IRQHandler
                0x0000000008000f20       0x14 STM32f103c6_Drivers/USART/STM32F103x8_USART_driver.o
                0x0000000008000f20                USART2_IRQHandler
 .text.USART3_IRQHandler
                0x0000000008000f34       0x14 STM32f103c6_Drivers/USART/STM32F103x8_USART_driver.o
                0x0000000008000f34                USART3_IRQHandler
 .text.main     0x0000000008000f48       0xa4 Src/main.o
                0x0000000008000f48                main
 .text.Reset_Handler
                0x0000000008000fec       0x50 Startup/startup_stm32f103c6tx.o
                0x0000000008000fec                Reset_Handler
 .text.Default_Handler
                0x000000000800103c        0x2 Startup/startup_stm32f103c6tx.o
                0x000000000800103c                TIM8_TRG_COM_IRQHandler
                0x000000000800103c                TIM8_CC_IRQHandler
                0x000000000800103c                DebugMon_Handler
                0x000000000800103c                TIM1_CC_IRQHandler
                0x000000000800103c                HardFault_Handler
                0x000000000800103c                TIM6_IRQHandler
                0x000000000800103c                SysTick_Handler
                0x000000000800103c                PVD_IRQHandler
                0x000000000800103c                SDIO_IRQHandler
                0x000000000800103c                PendSV_Handler
                0x000000000800103c                NMI_Handler
                0x000000000800103c                USB_HP_CAN_TX_IRQHandler
                0x000000000800103c                I2C2_EV_IRQHandler
                0x000000000800103c                UsageFault_Handler
                0x000000000800103c                ADC1_2_IRQHandler
                0x000000000800103c                CAN_SCE_IRQHandler
                0x000000000800103c                TAMPER_IRQHandler
                0x000000000800103c                TIM8_UP_IRQHandler
                0x000000000800103c                DMA2_Channel2_IRQHandler
                0x000000000800103c                DMA1_Channel4_IRQHandler
                0x000000000800103c                RTC_IRQHandler
                0x000000000800103c                DMA1_Channel7_IRQHandler
                0x000000000800103c                UART5_IRQHandler
                0x000000000800103c                ADC3_IRQHandler
                0x000000000800103c                TIM4_IRQHandler
                0x000000000800103c                CAN_RX1_IRQHandler
                0x000000000800103c                DMA2_Channel1_IRQHandler
                0x000000000800103c                I2C1_EV_IRQHandler
                0x000000000800103c                DMA1_Channel6_IRQHandler
                0x000000000800103c                UART4_IRQHandler
                0x000000000800103c                TIM3_IRQHandler
                0x000000000800103c                RCC_IRQHandler
                0x000000000800103c                TIM1_TRG_COM_IRQHandler
                0x000000000800103c                DMA1_Channel1_IRQHandler
                0x000000000800103c                Default_Handler
                0x000000000800103c                TIM7_IRQHandler
                0x000000000800103c                TIM5_IRQHandler
                0x000000000800103c                USB_LP_CAN_RX0_IRQHandler
                0x000000000800103c                MemManage_Handler
                0x000000000800103c                SVC_Handler
                0x000000000800103c                DMA1_Channel5_IRQHandler
                0x000000000800103c                DMA1_Channel3_IRQHandler
                0x000000000800103c                FSMC_IRQHandler
                0x000000000800103c                TIM1_UP_IRQHandler
                0x000000000800103c                WWDG_IRQHandler
                0x000000000800103c                TIM2_IRQHandler
                0x000000000800103c                TIM1_BRK_IRQHandler
                0x000000000800103c                RTCAlarm_IRQHandler
                0x000000000800103c                DMA2_Channel4_5_IRQHandler
                0x000000000800103c                I2C2_ER_IRQHandler
                0x000000000800103c                DMA1_Channel2_IRQHandler
                0x000000000800103c                TIM8_BRK_IRQHandler
                0x000000000800103c                FLASH_IRQHandler
                0x000000000800103c                BusFault_Handler
                0x000000000800103c                SPI3_IRQHandler
                0x000000000800103c                I2C1_ER_IRQHandler
                0x000000000800103c                DMA2_Channel3_IRQHandler
 *fill*         0x000000000800103e        0x2 
 .text.__libc_init_array
                0x0000000008001040       0x48 e:/insted of c/stm32cubeide_1.6.1/stm32cubeide/plugins/com.st.stm32cube.ide.mcu.externaltools.gnu-tools-for-stm32.9-2020-q2-update.win32_1.5.0.202011040924/tools/bin/../lib/gcc/arm-none-eabi/9.3.1/../../../../arm-none-eabi/lib/thumb/v7-m/nofp\libc_nano.a(lib_a-init.o)
                0x0000000008001040                __libc_init_array
 *(.glue_7)
 .glue_7        0x0000000008001088        0x0 linker stubs
 *(.glue_7t)
 .glue_7t       0x0000000008001088        0x0 linker stubs
 *(.eh_frame)
 .eh_frame      0x0000000008001088        0x0 e:/insted of c/stm32cubeide_1.6.1/stm32cubeide/plugins/com.st.stm32cube.ide.mcu.externaltools.gnu-tools-for-stm32.9-2020-q2-update.win32_1.5.0.202011040924/tools/bin/../lib/gcc/arm-none-eabi/9.3.1/thumb/v7-m/nofp/crtbegin.o
 *(.init)
 .init          0x0000000008001088        0x4 e:/insted of c/stm32cubeide_1.6.1/stm32cubeide/plugins/com.st.stm32cube.ide.mcu.externaltools.gnu-tools-for-stm32.9-2020-q2-update.win32_1.5.0.202011040924/tools/bin/../lib/gcc/arm-none-eabi/9.3.1/thumb/v7-m/nofp/crti.o
                0x0000000008001088                _init
 .init          0x000000000800108c        0x8 e:/insted of c/stm32cubeide_1.6.1/stm32cubeide/plugins/com.st.stm32cube.ide.mcu.externaltools.gnu-tools-for-stm32.9-2020-q2-update.win32_1.5.0.202011040924/tools/bin/../lib/gcc/arm-none-eabi/9.3.1/thumb/v7-m/nofp/crtn.o
 *(.fini)
 .fini          0x0000000008001094        0x4 e:/insted of c/stm32cubeide_1.6.1/stm32cubeide/plugins/com.st.stm32cube.ide.mcu.externaltools.gnu-tools-for-stm32.9-2020-q2-update.win32_1.5.0.202011040924/tools/bin/../lib/gcc/arm-none-eabi/9.3.1/thumb/v7-m/nofp/crti.o
                0x0000000008001094                _fini
 .fini          0x0000000008001098        0x8 e:/insted of c/stm32cubeide_1.6.1/stm32cubeide/plugins/com.st.stm32cube.ide.mcu.externaltools.gnu-tools-for-stm32.9-2020-q2-update.win32_1.5.0.202011040924/tools/bin/../lib/gcc/arm-none-eabi/9.3.1/thumb/v7-m/nofp/crtn.o
                0x00000000080010a0                . = ALIGN (0x4)
                0x00000000080010a0                _etext = .

.vfp11_veneer   0x00000000080010a0        0x0
 .vfp11_veneer  0x00000000080010a0        0x0 linker stubs

.v4_bx          0x00000000080010a0        0x0
 .v4_bx         0x00000000080010a0        0x0 linker stubs

.iplt           0x00000000080010a0        0x0
 .iplt          0x00000000080010a0        0x0 e:/insted of c/stm32cubeide_1.6.1/stm32cubeide/plugins/com.st.stm32cube.ide.mcu.externaltools.gnu-tools-for-stm32.9-2020-q2-update.win32_1.5.0.202011040924/tools/bin/../lib/gcc/arm-none-eabi/9.3.1/thumb/v7-m/nofp/crtbegin.o

.rodata         0x00000000080010a0       0x20
                0x00000000080010a0                . = ALIGN (0x4)
 *(.rodata)
 .rodata        0x00000000080010a0        0x7 Src/main.o
 *(.rodata*)
 *fill*         0x00000000080010a7        0x1 
 .rodata.APBPrescTable
                0x00000000080010a8        0x8 STM32f103c6_Drivers/RCC/STM32F103x8_RCC_driver.o
                0x00000000080010a8                APBPrescTable
 .rodata.AHBPrescTable
                0x00000000080010b0       0x10 STM32f103c6_Drivers/RCC/STM32F103x8_RCC_driver.o
                0x00000000080010b0                AHBPrescTable
                0x00000000080010c0                . = ALIGN (0x4)

.rel.dyn        0x00000000080010c0        0x0
 .rel.iplt      0x00000000080010c0        0x0 e:/insted of c/stm32cubeide_1.6.1/stm32cubeide/plugins/com.st.stm32cube.ide.mcu.externaltools.gnu-tools-for-stm32.9-2020-q2-update.win32_1.5.0.202011040924/tools/bin/../lib/gcc/arm-none-eabi/9.3.1/thumb/v7-m/nofp/crtbegin.o

.ARM.extab      0x00000000080010c0        0x0
                0x00000000080010c0                . = ALIGN (0x4)
 *(.ARM.extab* .gnu.linkonce.armextab.*)
                0x00000000080010c0                . = ALIGN (0x4)

.ARM            0x00000000080010c0        0x0
                0x00000000080010c0                . = ALIGN (0x4)
                0x00000000080010c0                __exidx_start = .
 *(.ARM.exidx*)
                0x00000000080010c0                __exidx_end = .
                0x00000000080010c0                . = ALIGN (0x4)

.preinit_array  0x00000000080010c0        0x0
                0x00000000080010c0                . = ALIGN (0x4)
                0x00000000080010c0                PROVIDE (__preinit_array_start = .)
 *(.preinit_array*)
                0x00000000080010c0                PROVIDE (__preinit_array_end = .)
                0x00000000080010c0                . = ALIGN (0x4)

.init_array     0x00000000080010c0        0x4
                0x00000000080010c0                . = ALIGN (0x4)
                0x00000000080010c0                PROVIDE (__init_array_start = .)
 *(SORT_BY_NAME(.init_array.*))
 *(.init_array*)
 .init_array    0x00000000080010c0        0x4 e:/insted of c/stm32cubeide_1.6.1/stm32cubeide/plugins/com.st.stm32cube.ide.mcu.externaltools.gnu-tools-for-stm32.9-2020-q2-update.win32_1.5.0.202011040924/tools/bin/../lib/gcc/arm-none-eabi/9.3.1/thumb/v7-m/nofp/crtbegin.o
                0x00000000080010c4                PROVIDE (__init_array_end = .)
                0x00000000080010c4                . = ALIGN (0x4)

.fini_array     0x00000000080010c4        0x4
                0x00000000080010c4                . = ALIGN (0x4)
                [!provide]                        PROVIDE (__fini_array_start = .)
 *(SORT_BY_NAME(.fini_array.*))
 *(.fini_array*)
 .fini_array    0x00000000080010c4        0x4 e:/insted of c/stm32cubeide_1.6.1/stm32cubeide/plugins/com.st.stm32cube.ide.mcu.externaltools.gnu-tools-for-stm32.9-2020-q2-update.win32_1.5.0.202011040924/tools/bin/../lib/gcc/arm-none-eabi/9.3.1/thumb/v7-m/nofp/crtbegin.o
                [!provide]                        PROVIDE (__fini_array_end = .)
                0x00000000080010c8                . = ALIGN (0x4)
                0x00000000080010c8                _sidata = LOADADDR (.data)

.data           0x0000000020000000        0x0 load address 0x00000000080010c8
                0x0000000020000000                . = ALIGN (0x4)
                0x0000000020000000                _sdata = .
 *(.data)
 *(.data*)
 *(.RamFunc)
 *(.RamFunc*)
                0x0000000020000000                . = ALIGN (0x4)
                0x0000000020000000                _edata = .

.igot.plt       0x0000000020000000        0x0 load address 0x00000000080010c8
 .igot.plt      0x0000000020000000        0x0 e:/insted of c/stm32cubeide_1.6.1/stm32cubeide/plugins/com.st.stm32cube.ide.mcu.externaltools.gnu-tools-for-stm32.9-2020-q2-update.win32_1.5.0.202011040924/tools/bin/../lib/gcc/arm-none-eabi/9.3.1/thumb/v7-m/nofp/crtbegin.o
                0x0000000020000000                . = ALIGN (0x4)

.bss            0x0000000020000000       0xb0 load address 0x00000000080010c8
                0x0000000020000000                _sbss = .
                0x0000000020000000                __bss_start__ = _sbss
 *(.bss)
 .bss           0x0000000020000000       0x1c e:/insted of c/stm32cubeide_1.6.1/stm32cubeide/plugins/com.st.stm32cube.ide.mcu.externaltools.gnu-tools-for-stm32.9-2020-q2-update.win32_1.5.0.202011040924/tools/bin/../lib/gcc/arm-none-eabi/9.3.1/thumb/v7-m/nofp/crtbegin.o
 *(.bss*)
 .bss.GVI2Cconfig
                0x000000002000001c       0x40 STM32f103c6_Drivers/I2C/STM32F103x8_I2C_driver.o
                0x000000002000001c                GVI2Cconfig
 .bss.Global_SPI_Config
                0x000000002000005c        0x8 STM32f103c6_Drivers/SPI/STM32F103x8_SPI_driver.o
                0x000000002000005c                Global_SPI_Config
 .bss.Global_USART_Config
                0x0000000020000064        0xc STM32f103c6_Drivers/USART/STM32F103x8_USART_driver.o
                0x0000000020000064                Global_USART_Config
 *(COMMON)
 COMMON         0x0000000020000070       0x40 STM32f103c6_Drivers/EXTI/STM32F103x8_EXTI_driver.o
                0x0000000020000070                GP_callback
                0x00000000200000b0                . = ALIGN (0x4)
                0x00000000200000b0                _ebss = .
                0x00000000200000b0                __bss_end__ = _ebss

._user_heap_stack
                0x00000000200000b0      0x600 load address 0x00000000080010c8
                0x00000000200000b0                . = ALIGN (0x8)
                [!provide]                        PROVIDE (end = .)
                0x00000000200000b0                PROVIDE (_end = .)
                0x00000000200002b0                . = (. + _Min_Heap_Size)
 *fill*         0x00000000200000b0      0x200 
                0x00000000200006b0                . = (. + _Min_Stack_Size)
 *fill*         0x00000000200002b0      0x400 
                0x00000000200006b0                . = ALIGN (0x8)

/DISCARD/
 libc.a(*)
 libm.a(*)
 libgcc.a(*)

.ARM.attributes
                0x0000000000000000       0x29
 *(.ARM.attributes)
 .ARM.attributes
                0x0000000000000000       0x1d e:/insted of c/stm32cubeide_1.6.1/stm32cubeide/plugins/com.st.stm32cube.ide.mcu.externaltools.gnu-tools-for-stm32.9-2020-q2-update.win32_1.5.0.202011040924/tools/bin/../lib/gcc/arm-none-eabi/9.3.1/thumb/v7-m/nofp/crti.o
 .ARM.attributes
                0x000000000000001d       0x2d e:/insted of c/stm32cubeide_1.6.1/stm32cubeide/plugins/com.st.stm32cube.ide.mcu.externaltools.gnu-tools-for-stm32.9-2020-q2-update.win32_1.5.0.202011040924/tools/bin/../lib/gcc/arm-none-eabi/9.3.1/thumb/v7-m/nofp/crtbegin.o
 .ARM.attributes
                0x000000000000004a       0x2d HAL_layer/EEPROM/I2C_Slave_EEPPROM.o
 .ARM.attributes
                0x0000000000000077       0x2d STM32f103c6_Drivers/EXTI/STM32F103x8_EXTI_driver.o
 .ARM.attributes
                0x00000000000000a4       0x2d STM32f103c6_Drivers/GPIO/STM32F103x8_gpio_driver.o
 .ARM.attributes
                0x00000000000000d1       0x2d STM32f103c6_Drivers/I2C/STM32F103x8_I2C_driver.o
 .ARM.attributes
                0x00000000000000fe       0x2d STM32f103c6_Drivers/RCC/STM32F103x8_RCC_driver.o
 .ARM.attributes
                0x000000000000012b       0x2d STM32f103c6_Drivers/SPI/STM32F103x8_SPI_driver.o
 .ARM.attributes
                0x0000000000000158       0x2d STM32f103c6_Drivers/USART/STM32F103x8_USART_driver.o
 .ARM.attributes
                0x0000000000000185       0x2d Src/main.o
 .ARM.attributes
                0x00000000000001b2       0x21 Startup/startup_stm32f103c6tx.o
 .ARM.attributes
                0x00000000000001d3       0x2d e:/insted of c/stm32cubeide_1.6.1/stm32cubeide/plugins/com.st.stm32cube.ide.mcu.externaltools.gnu-tools-for-stm32.9-2020-q2-update.win32_1.5.0.202011040924/tools/bin/../lib/gcc/arm-none-eabi/9.3.1/../../../../arm-none-eabi/lib/thumb/v7-m/nofp\libc_nano.a(lib_a-init.o)
 .ARM.attributes
                0x0000000000000200       0x1d e:/insted of c/stm32cubeide_1.6.1/stm32cubeide/plugins/com.st.stm32cube.ide.mcu.externaltools.gnu-tools-for-stm32.9-2020-q2-update.win32_1.5.0.202011040924/tools/bin/../lib/gcc/arm-none-eabi/9.3.1/thumb/v7-m/nofp/crtn.o
OUTPUT(Drivers.axf elf32-littlearm)
LOAD linker stubs
LOAD e:/insted of c/stm32cubeide_1.6.1/stm32cubeide/plugins/com.st.stm32cube.ide.mcu.externaltools.gnu-tools-for-stm32.9-2020-q2-update.win32_1.5.0.202011040924/tools/bin/../lib/gcc/arm-none-eabi/9.3.1/../../../../arm-none-eabi/lib/thumb/v7-m/nofp\libc.a
LOAD e:/insted of c/stm32cubeide_1.6.1/stm32cubeide/plugins/com.st.stm32cube.ide.mcu.externaltools.gnu-tools-for-stm32.9-2020-q2-update.win32_1.5.0.202011040924/tools/bin/../lib/gcc/arm-none-eabi/9.3.1/../../../../arm-none-eabi/lib/thumb/v7-m/nofp\libm.a
LOAD e:/insted of c/stm32cubeide_1.6.1/stm32cubeide/plugins/com.st.stm32cube.ide.mcu.externaltools.gnu-tools-for-stm32.9-2020-q2-update.win32_1.5.0.202011040924/tools/bin/../lib/gcc/arm-none-eabi/9.3.1/thumb/v7-m/nofp\libgcc.a

.debug_info     0x0000000000000000     0x735e
 .debug_info    0x0000000000000000      0xd59 HAL_layer/EEPROM/I2C_Slave_EEPPROM.o
 .debug_info    0x0000000000000d59      0xea7 STM32f103c6_Drivers/EXTI/STM32F103x8_EXTI_driver.o
 .debug_info    0x0000000000001c00      0xe23 STM32f103c6_Drivers/GPIO/STM32F103x8_gpio_driver.o
 .debug_info    0x0000000000002a23     0x12e3 STM32f103c6_Drivers/I2C/STM32F103x8_I2C_driver.o
 .debug_info    0x0000000000003d06      0xbdf STM32f103c6_Drivers/RCC/STM32F103x8_RCC_driver.o
 .debug_info    0x00000000000048e5      0xff0 STM32f103c6_Drivers/SPI/STM32F103x8_SPI_driver.o
 .debug_info    0x00000000000058d5      0xf0f STM32f103c6_Drivers/USART/STM32F103x8_USART_driver.o
 .debug_info    0x00000000000067e4      0xb58 Src/main.o
 .debug_info    0x000000000000733c       0x22 Startup/startup_stm32f103c6tx.o

.debug_abbrev   0x0000000000000000     0x11b6
 .debug_abbrev  0x0000000000000000      0x1f9 HAL_layer/EEPROM/I2C_Slave_EEPPROM.o
 .debug_abbrev  0x00000000000001f9      0x267 STM32f103c6_Drivers/EXTI/STM32F103x8_EXTI_driver.o
 .debug_abbrev  0x0000000000000460      0x246 STM32f103c6_Drivers/GPIO/STM32F103x8_gpio_driver.o
 .debug_abbrev  0x00000000000006a6      0x2a7 STM32f103c6_Drivers/I2C/STM32F103x8_I2C_driver.o
 .debug_abbrev  0x000000000000094d      0x1ce STM32f103c6_Drivers/RCC/STM32F103x8_RCC_driver.o
 .debug_abbrev  0x0000000000000b1b      0x272 STM32f103c6_Drivers/SPI/STM32F103x8_SPI_driver.o
 .debug_abbrev  0x0000000000000d8d      0x26f STM32f103c6_Drivers/USART/STM32F103x8_USART_driver.o
 .debug_abbrev  0x0000000000000ffc      0x1a8 Src/main.o
 .debug_abbrev  0x00000000000011a4       0x12 Startup/startup_stm32f103c6tx.o

.debug_loc      0x0000000000000000     0x11ca
 .debug_loc     0x0000000000000000       0xf2 HAL_layer/EEPROM/I2C_Slave_EEPPROM.o
 .debug_loc     0x00000000000000f2      0x32c STM32f103c6_Drivers/EXTI/STM32F103x8_EXTI_driver.o
 .debug_loc     0x000000000000041e      0x330 STM32f103c6_Drivers/GPIO/STM32F103x8_gpio_driver.o
 .debug_loc     0x000000000000074e      0x414 STM32f103c6_Drivers/I2C/STM32F103x8_I2C_driver.o
 .debug_loc     0x0000000000000b62       0xe0 STM32f103c6_Drivers/RCC/STM32F103x8_RCC_driver.o
 .debug_loc     0x0000000000000c42      0x2bc STM32f103c6_Drivers/SPI/STM32F103x8_SPI_driver.o
 .debug_loc     0x0000000000000efe      0x294 STM32f103c6_Drivers/USART/STM32F103x8_USART_driver.o
 .debug_loc     0x0000000000001192       0x38 Src/main.o

.debug_aranges  0x0000000000000000      0x2c0
 .debug_aranges
                0x0000000000000000       0x30 HAL_layer/EEPROM/I2C_Slave_EEPPROM.o
 .debug_aranges
                0x0000000000000030       0x80 STM32f103c6_Drivers/EXTI/STM32F103x8_EXTI_driver.o
 .debug_aranges
                0x00000000000000b0       0x60 STM32f103c6_Drivers/GPIO/STM32F103x8_gpio_driver.o
 .debug_aranges
                0x0000000000000110       0x78 STM32f103c6_Drivers/I2C/STM32F103x8_I2C_driver.o
 .debug_aranges
                0x0000000000000188       0x38 STM32f103c6_Drivers/RCC/STM32F103x8_RCC_driver.o
 .debug_aranges
                0x00000000000001c0       0x58 STM32f103c6_Drivers/SPI/STM32F103x8_SPI_driver.o
 .debug_aranges
                0x0000000000000218       0x60 STM32f103c6_Drivers/USART/STM32F103x8_USART_driver.o
 .debug_aranges
                0x0000000000000278       0x20 Src/main.o
 .debug_aranges
                0x0000000000000298       0x28 Startup/startup_stm32f103c6tx.o

.debug_ranges   0x0000000000000000      0x238
 .debug_ranges  0x0000000000000000       0x20 HAL_layer/EEPROM/I2C_Slave_EEPPROM.o
 .debug_ranges  0x0000000000000020       0x70 STM32f103c6_Drivers/EXTI/STM32F103x8_EXTI_driver.o
 .debug_ranges  0x0000000000000090       0x50 STM32f103c6_Drivers/GPIO/STM32F103x8_gpio_driver.o
 .debug_ranges  0x00000000000000e0       0x68 STM32f103c6_Drivers/I2C/STM32F103x8_I2C_driver.o
 .debug_ranges  0x0000000000000148       0x28 STM32f103c6_Drivers/RCC/STM32F103x8_RCC_driver.o
 .debug_ranges  0x0000000000000170       0x48 STM32f103c6_Drivers/SPI/STM32F103x8_SPI_driver.o
 .debug_ranges  0x00000000000001b8       0x50 STM32f103c6_Drivers/USART/STM32F103x8_USART_driver.o
 .debug_ranges  0x0000000000000208       0x10 Src/main.o
 .debug_ranges  0x0000000000000218       0x20 Startup/startup_stm32f103c6tx.o

.debug_macro    0x0000000000000000     0x30fe
 .debug_macro   0x0000000000000000      0x16b HAL_layer/EEPROM/I2C_Slave_EEPPROM.o
 .debug_macro   0x000000000000016b      0xaa2 HAL_layer/EEPROM/I2C_Slave_EEPPROM.o
 .debug_macro   0x0000000000000c0d       0x22 HAL_layer/EEPROM/I2C_Slave_EEPPROM.o
 .debug_macro   0x0000000000000c2f       0x8e HAL_layer/EEPROM/I2C_Slave_EEPPROM.o
 .debug_macro   0x0000000000000cbd       0x51 HAL_layer/EEPROM/I2C_Slave_EEPPROM.o
 .debug_macro   0x0000000000000d0e      0x103 HAL_layer/EEPROM/I2C_Slave_EEPPROM.o
 .debug_macro   0x0000000000000e11       0x6a HAL_layer/EEPROM/I2C_Slave_EEPPROM.o
 .debug_macro   0x0000000000000e7b      0x1df HAL_layer/EEPROM/I2C_Slave_EEPPROM.o
 .debug_macro   0x000000000000105a       0x18 HAL_layer/EEPROM/I2C_Slave_EEPPROM.o
 .debug_macro   0x0000000000001072       0x52 HAL_layer/EEPROM/I2C_Slave_EEPPROM.o
 .debug_macro   0x00000000000010c4       0x3c HAL_layer/EEPROM/I2C_Slave_EEPPROM.o
 .debug_macro   0x0000000000001100       0x34 HAL_layer/EEPROM/I2C_Slave_EEPPROM.o
 .debug_macro   0x0000000000001134       0x16 HAL_layer/EEPROM/I2C_Slave_EEPPROM.o
 .debug_macro   0x000000000000114a      0x10e HAL_layer/EEPROM/I2C_Slave_EEPPROM.o
 .debug_macro   0x0000000000001258       0x8d HAL_layer/EEPROM/I2C_Slave_EEPPROM.o
 .debug_macro   0x00000000000012e5       0x16 HAL_layer/EEPROM/I2C_Slave_EEPPROM.o
 .debug_macro   0x00000000000012fb       0x43 HAL_layer/EEPROM/I2C_Slave_EEPPROM.o
 .debug_macro   0x000000000000133e       0x34 HAL_layer/EEPROM/I2C_Slave_EEPPROM.o
 .debug_macro   0x0000000000001372       0x10 HAL_layer/EEPROM/I2C_Slave_EEPPROM.o
 .debug_macro   0x0000000000001382       0x58 HAL_layer/EEPROM/I2C_Slave_EEPPROM.o
 .debug_macro   0x00000000000013da       0x71 HAL_layer/EEPROM/I2C_Slave_EEPPROM.o
 .debug_macro   0x000000000000144b       0x1c HAL_layer/EEPROM/I2C_Slave_EEPPROM.o
 .debug_macro   0x0000000000001467      0x12a HAL_layer/EEPROM/I2C_Slave_EEPPROM.o
 .debug_macro   0x0000000000001591      0x339 HAL_layer/EEPROM/I2C_Slave_EEPPROM.o
 .debug_macro   0x00000000000018ca       0x16 HAL_layer/EEPROM/I2C_Slave_EEPPROM.o
 .debug_macro   0x00000000000018e0       0x29 HAL_layer/EEPROM/I2C_Slave_EEPPROM.o
 .debug_macro   0x0000000000001909      0x6cb HAL_layer/EEPROM/I2C_Slave_EEPPROM.o
 .debug_macro   0x0000000000001fd4       0xca HAL_layer/EEPROM/I2C_Slave_EEPPROM.o
 .debug_macro   0x000000000000209e       0x6c HAL_layer/EEPROM/I2C_Slave_EEPPROM.o
 .debug_macro   0x000000000000210a      0x161 STM32f103c6_Drivers/EXTI/STM32F103x8_EXTI_driver.o
 .debug_macro   0x000000000000226b      0x22f STM32f103c6_Drivers/EXTI/STM32F103x8_EXTI_driver.o
 .debug_macro   0x000000000000249a      0x152 STM32f103c6_Drivers/GPIO/STM32F103x8_gpio_driver.o
 .debug_macro   0x00000000000025ec      0x174 STM32f103c6_Drivers/I2C/STM32F103x8_I2C_driver.o
 .debug_macro   0x0000000000002760       0x16 STM32f103c6_Drivers/I2C/STM32F103x8_I2C_driver.o
 .debug_macro   0x0000000000002776      0x152 STM32f103c6_Drivers/RCC/STM32F103x8_RCC_driver.o
 .debug_macro   0x00000000000028c8       0x10 STM32f103c6_Drivers/RCC/STM32F103x8_RCC_driver.o
 .debug_macro   0x00000000000028d8      0x173 STM32f103c6_Drivers/SPI/STM32F103x8_SPI_driver.o
 .debug_macro   0x0000000000002a4b       0xca STM32f103c6_Drivers/SPI/STM32F103x8_SPI_driver.o
 .debug_macro   0x0000000000002b15      0x164 STM32f103c6_Drivers/USART/STM32F103x8_USART_driver.o
 .debug_macro   0x0000000000002c79       0xe2 STM32f103c6_Drivers/USART/STM32F103x8_USART_driver.o
 .debug_macro   0x0000000000002d5b      0x1a5 Src/main.o
 .debug_macro   0x0000000000002f00       0xac Src/main.o
 .debug_macro   0x0000000000002fac       0xd0 Src/main.o
 .debug_macro   0x000000000000307c       0x72 Src/main.o
 .debug_macro   0x00000000000030ee       0x10 Src/main.o

.debug_line     0x0000000000000000     0x4098
 .debug_line    0x0000000000000000      0x6ab HAL_layer/EEPROM/I2C_Slave_EEPPROM.o
 .debug_line    0x00000000000006ab      0x9ae STM32f103c6_Drivers/EXTI/STM32F103x8_EXTI_driver.o
 .debug_line    0x0000000000001059      0x7e9 STM32f103c6_Drivers/GPIO/STM32F103x8_gpio_driver.o
 .debug_line    0x0000000000001842      0x9df STM32f103c6_Drivers/I2C/STM32F103x8_I2C_driver.o
 .debug_line    0x0000000000002221      0x63a STM32f103c6_Drivers/RCC/STM32F103x8_RCC_driver.o
 .debug_line    0x000000000000285b      0x859 STM32f103c6_Drivers/SPI/STM32F103x8_SPI_driver.o
 .debug_line    0x00000000000030b4      0x8df STM32f103c6_Drivers/USART/STM32F103x8_USART_driver.o
 .debug_line    0x0000000000003993      0x681 Src/main.o
 .debug_line    0x0000000000004014       0x84 Startup/startup_stm32f103c6tx.o

.debug_str      0x0000000000000000     0xc6e1
 .debug_str     0x0000000000000000     0x9b4d HAL_layer/EEPROM/I2C_Slave_EEPPROM.o
                                       0x9dc3 (size before relaxing)
 .debug_str     0x0000000000009b4d     0x1499 STM32f103c6_Drivers/EXTI/STM32F103x8_EXTI_driver.o
                                       0xadef (size before relaxing)
 .debug_str     0x000000000000afe6      0x153 STM32f103c6_Drivers/GPIO/STM32F103x8_gpio_driver.o
                                       0x9b12 (size before relaxing)
 .debug_str     0x000000000000b139      0x2b9 STM32f103c6_Drivers/I2C/STM32F103x8_I2C_driver.o
                                       0xa081 (size before relaxing)
 .debug_str     0x000000000000b3f2       0xb0 STM32f103c6_Drivers/RCC/STM32F103x8_RCC_driver.o
                                       0x9772 (size before relaxing)
 .debug_str     0x000000000000b4a2      0x7a1 STM32f103c6_Drivers/SPI/STM32F103x8_SPI_driver.o
                                       0xa1ad (size before relaxing)
 .debug_str     0x000000000000bc43      0x7c2 STM32f103c6_Drivers/USART/STM32F103x8_USART_driver.o
                                       0xa252 (size before relaxing)
 .debug_str     0x000000000000c405      0x2ab Src/main.o
                                       0xbbd9 (size before relaxing)
 .debug_str     0x000000000000c6b0       0x31 Startup/startup_stm32f103c6tx.o
                                         0x62 (size before relaxing)

.comment        0x0000000000000000       0x53
 .comment       0x0000000000000000       0x53 HAL_layer/EEPROM/I2C_Slave_EEPPROM.o
                                         0x54 (size before relaxing)
 .comment       0x0000000000000053       0x54 STM32f103c6_Drivers/EXTI/STM32F103x8_EXTI_driver.o
 .comment       0x0000000000000053       0x54 STM32f103c6_Drivers/GPIO/STM32F103x8_gpio_driver.o
 .comment       0x0000000000000053       0x54 STM32f103c6_Drivers/I2C/STM32F103x8_I2C_driver.o
 .comment       0x0000000000000053       0x54 STM32f103c6_Drivers/RCC/STM32F103x8_RCC_driver.o
 .comment       0x0000000000000053       0x54 STM32f103c6_Drivers/SPI/STM32F103x8_SPI_driver.o
 .comment       0x0000000000000053       0x54 STM32f103c6_Drivers/USART/STM32F103x8_USART_driver.o
 .comment       0x0000000000000053       0x54 Src/main.o

.debug_frame    0x0000000000000000      0x90c
 .debug_frame   0x0000000000000000       0x80 HAL_layer/EEPROM/I2C_Slave_EEPPROM.o
 .debug_frame   0x0000000000000080      0x1b4 STM32f103c6_Drivers/EXTI/STM32F103x8_EXTI_driver.o
 .debug_frame   0x0000000000000234      0x178 STM32f103c6_Drivers/GPIO/STM32F103x8_gpio_driver.o
 .debug_frame   0x00000000000003ac      0x1e4 STM32f103c6_Drivers/I2C/STM32F103x8_I2C_driver.o
 .debug_frame   0x0000000000000590       0x8c STM32f103c6_Drivers/RCC/STM32F103x8_RCC_driver.o
 .debug_frame   0x000000000000061c      0x148 STM32f103c6_Drivers/SPI/STM32F103x8_SPI_driver.o
 .debug_frame   0x0000000000000764      0x14c STM32f103c6_Drivers/USART/STM32F103x8_USART_driver.o
 .debug_frame   0x00000000000008b0       0x30 Src/main.o
 .debug_frame   0x00000000000008e0       0x2c e:/insted of c/stm32cubeide_1.6.1/stm32cubeide/plugins/com.st.stm32cube.ide.mcu.externaltools.gnu-tools-for-stm32.9-2020-q2-update.win32_1.5.0.202011040924/tools/bin/../lib/gcc/arm-none-eabi/9.3.1/../../../../arm-none-eabi/lib/thumb/v7-m/nofp\libc_nano.a(lib_a-init.o)
