
Allocating common symbols
Common symbol       size              file

gu_var              0x1               main.o

Memory Configuration

Name             Origin             Length             Attributes
flash            0x08000000         0x00008000         xr
sram             0x20000000         0x00002800         xrw
*default*        0x00000000         0xffffffff

Linker script and memory map


.text           0x08000000      0x130
 *(.vectors*)
 .vectors       0x08000000       0x20 startup.o
                0x08000000                vectors
 *(.text*)
 .text          0x08000020       0x94 startup.o
                0x08000020                rest_handler
                0x080000a8                Usage_fault_handler
                0x080000a8                Bus_fault_handler
                0x080000a8                H_fault_handler
                0x080000a8                Default_handler
                0x080000a8                NMI_handler
 .text          0x080000b4       0x78 main.o
                0x080000b4                MM_fault_handler
                0x080000c0                TIM_handler
                0x080000cc                main
 *(.rodata)
 .rodata        0x0800012c        0x1 main.o
                0x0800012c                c_var
                0x08000130                . = ALIGN (0x4)
 *fill*         0x0800012d        0x3 
                0x08000130                _E_text = .

.glue_7         0x08000130        0x0
 .glue_7        0x08000130        0x0 linker stubs

.glue_7t        0x08000130        0x0
 .glue_7t       0x08000130        0x0 linker stubs

.vfp11_veneer   0x08000130        0x0
 .vfp11_veneer  0x08000130        0x0 linker stubs

.v4_bx          0x08000130        0x0
 .v4_bx         0x08000130        0x0 linker stubs

.iplt           0x08000130        0x0
 .iplt          0x08000130        0x0 startup.o

.rel.dyn        0x08000130        0x0
 .rel.iplt      0x08000130        0x0 startup.o

.data           0x20000000        0x8 load address 0x08000130
                0x20000000                _S_DATA = .
 *(.data)
 .data          0x20000000        0x0 startup.o
 .data          0x20000000        0x7 main.o
                0x20000000                g_var
                0x20000008                . = ALIGN (0x4)
 *fill*         0x20000007        0x1 
                0x20000008                _E_DATA = .

.igot.plt       0x20000008        0x0 load address 0x08000138
 .igot.plt      0x20000008        0x0 startup.o

.bss            0x20000008     0x1001 load address 0x08000138
                0x20000008                _S_bss = .
 *(.bss)
 .bss           0x20000008        0x0 startup.o
 .bss           0x20000008        0x0 main.o
                0x20000008                _E_bss = .
                0x20001008                . = (. + 0x1000)
 *fill*         0x20000008     0x1000 
                0x20001008                _stack_top = .
 COMMON         0x20001008        0x1 main.o
                0x20001008                gu_var
LOAD startup.o
LOAD main.o
OUTPUT(learn-in-depth.elf elf32-littlearm)

.debug_info     0x00000000      0x2de
 .debug_info    0x00000000      0x19a startup.o
 .debug_info    0x0000019a      0x144 main.o

.debug_abbrev   0x00000000      0x19d
 .debug_abbrev  0x00000000       0xd8 startup.o
 .debug_abbrev  0x000000d8       0xc5 main.o

.debug_loc      0x00000000      0x124
 .debug_loc     0x00000000       0x7c startup.o
 .debug_loc     0x0000007c       0xa8 main.o

.debug_aranges  0x00000000       0x40
 .debug_aranges
                0x00000000       0x20 startup.o
 .debug_aranges
                0x00000020       0x20 main.o

.debug_line     0x00000000      0x25f
 .debug_line    0x00000000      0x13c startup.o
 .debug_line    0x0000013c      0x123 main.o

.debug_str      0x00000000      0x1a8
 .debug_str     0x00000000      0x16c startup.o
                                0x1b1 (size before relaxing)
 .debug_str     0x0000016c       0x3c main.o
                                0x179 (size before relaxing)

.comment        0x00000000       0x7e
 .comment       0x00000000       0x7e startup.o
                                 0x7f (size before relaxing)
 .comment       0x0000007e       0x7f main.o

.ARM.attributes
                0x00000000       0x33
 .ARM.attributes
                0x00000000       0x33 startup.o
 .ARM.attributes
                0x00000033       0x33 main.o

.debug_frame    0x00000000       0xbc
 .debug_frame   0x00000000       0x50 startup.o
 .debug_frame   0x00000050       0x6c main.o
